../Core/Src/syscalls.c:52:6:initialise_monitor_handles	0	static
../Core/Src/syscalls.c:56:5:_getpid	0	static
../Core/Src/syscalls.c:61:5:_kill	8	static
../Core/Src/syscalls.c:69:6:_exit	8	static
../Core/Src/syscalls.c:75:27:_read	16	static
../Core/Src/syscalls.c:88:27:_write	16	static
../Core/Src/syscalls.c:100:5:_close	0	static
../Core/Src/syscalls.c:107:5:_fstat	0	static
../Core/Src/syscalls.c:114:5:_isatty	0	static
../Core/Src/syscalls.c:120:5:_lseek	0	static
../Core/Src/syscalls.c:128:5:_open	0	static
../Core/Src/syscalls.c:136:5:_wait	8	static
../Core/Src/syscalls.c:143:5:_unlink	8	static
../Core/Src/syscalls.c:150:5:_times	0	static
../Core/Src/syscalls.c:156:5:_stat	0	static
../Core/Src/syscalls.c:163:5:_link	8	static
../Core/Src/syscalls.c:171:5:_fork	8	static
../Core/Src/syscalls.c:177:5:_execve	8	static
