../APP/Generic.c:41:6:App_Module_sys_para_debug	24	static
../APP/Generic.c:66:6:App_Module_sys_para_Init	8	static
../APP/Generic.c:86:6:App_Module_Sys_Write_NVM	16	static
../APP/Generic.c:100:6:App_Module_Sys_Read_NVM	0	static
../APP/Generic.c:109:6:App_Module_sys_para_read	8	static,ignoring_inline_asm
../APP/Generic.c:142:6:App_Module_Init	8	static
../APP/Generic.c:172:6:App_Module_Sys_Deal_UART_USB_CMD_Event	8	static
../APP/Generic.c:162:6:App_Module_Sys_Work_Mode_Event	0	static
../APP/Generic.c:190:6:App_Modelu_Sys_Deal_IO_LED_Event	16	static
../APP/Generic.c:211:6:App_Module_Sys_IO_Led_Mode_Set	0	static
