../Middlewares/ST/STM32_USB_Device_Library/Class/CDC/Src/usbd_cdc.c:745:17:USBD_CDC_EP0_RxReady	8	static
../Middlewares/ST/STM32_USB_Device_Library/Class/CDC/Src/usbd_cdc.c:767:18:USBD_CDC_GetFSCfgDesc	0	static
../Middlewares/ST/STM32_USB_Device_Library/Class/CDC/Src/usbd_cdc.c:780:18:USBD_CDC_GetHSCfgDesc	0	static
../Middlewares/ST/STM32_USB_Device_Library/Class/CDC/Src/usbd_cdc.c:793:18:USBD_CDC_GetOtherSpeedCfgDesc	0	static
../Middlewares/ST/STM32_USB_Device_Library/Class/CDC/Src/usbd_cdc.c:805:11:USBD_CDC_GetDeviceQualifierDescriptor	0	static
../Middlewares/ST/STM32_USB_Device_Library/Class/CDC/Src/usbd_cdc.c:718:17:USBD_CDC_DataOut	16	static
../Middlewares/ST/STM32_USB_Device_Library/Class/CDC/Src/usbd_cdc.c:683:17:USBD_CDC_DataIn	24	static
../Middlewares/ST/STM32_USB_Device_Library/Class/CDC/Src/usbd_cdc.c:589:17:USBD_CDC_Setup	32	static
../Middlewares/ST/STM32_USB_Device_Library/Class/CDC/Src/usbd_cdc.c:555:17:USBD_CDC_DeInit	16	static
../Middlewares/ST/STM32_USB_Device_Library/Class/CDC/Src/usbd_cdc.c:477:17:USBD_CDC_Init	16	static
../Middlewares/ST/STM32_USB_Device_Library/Class/CDC/Src/usbd_cdc.c:817:10:USBD_CDC_RegisterInterface	0	static
../Middlewares/ST/STM32_USB_Device_Library/Class/CDC/Src/usbd_cdc.c:837:10:USBD_CDC_SetTxBuffer	0	static
../Middlewares/ST/STM32_USB_Device_Library/Class/CDC/Src/usbd_cdc.c:856:10:USBD_CDC_SetRxBuffer	0	static
../Middlewares/ST/STM32_USB_Device_Library/Class/CDC/Src/usbd_cdc.c:872:10:USBD_CDC_TransmitPacket	8	static
../Middlewares/ST/STM32_USB_Device_Library/Class/CDC/Src/usbd_cdc.c:910:10:USBD_CDC_ReceivePacket	8	static
