../Middlewares/ST/STM32_USB_Device_Library/Core/Src/usbd_ctlreq.c:858:6:USBD_CtlError.constprop	8	static
../Middlewares/ST/STM32_USB_Device_Library/Core/Src/usbd_ctlreq.c:120:21:USBD_StdDevReq	24	static
../Middlewares/ST/STM32_USB_Device_Library/Core/Src/usbd_ctlreq.c:184:21:USBD_StdItfReq	16	static
../Middlewares/ST/STM32_USB_Device_Library/Core/Src/usbd_ctlreq.c:236:21:USBD_StdEPReq	16	static
../Middlewares/ST/STM32_USB_Device_Library/Core/Src/usbd_ctlreq.c:840:6:USBD_ParseSetupRequest	0	static
../Middlewares/ST/STM32_USB_Device_Library/Core/Src/usbd_ctlreq.c:858:6:USBD_CtlError	8	static
../Middlewares/ST/STM32_USB_Device_Library/Core/Src/usbd_ctlreq.c:874:6:USBD_GetString	16	static
