Archive member included to satisfy reference by file (symbol)

D:\bobo\File\xwechat_files\wxid_7pcrj0jpswx422_e57e\msg\file\2026-04\CubeT\CubeT\CubeIde\projectT\Core\Src\libUWBlib.a(deca_device.o)
                              ./DW/Examples/ds_twr_sts_sdc_initiator.o (dwt_read32bitoffsetreg)
D:/APP/STM32CubeIDE_1.19.0/STM32CubeIDE/plugins/com.st.stm32cube.ide.mcu.externaltools.gnu-tools-for-stm32.13.3.rel1.win32_1.0.0.202411081344/tools/bin/../lib/gcc/arm-none-eabi/13.3.1/../../../../arm-none-eabi/lib/thumb/v7-m/nofp\libc_nano.a(libc_a-assert.o)
                              D:\bobo\File\xwechat_files\wxid_7pcrj0jpswx422_e57e\msg\file\2026-04\CubeT\CubeT\CubeIde\projectT\Core\Src\libUWBlib.a(deca_device.o) (__assert_func)
D:/APP/STM32CubeIDE_1.19.0/STM32CubeIDE/plugins/com.st.stm32cube.ide.mcu.externaltools.gnu-tools-for-stm32.13.3.rel1.win32_1.0.0.202411081344/tools/bin/../lib/gcc/arm-none-eabi/13.3.1/../../../../arm-none-eabi/lib/thumb/v7-m/nofp\libc_nano.a(libc_a-exit.o)
                              D:/APP/STM32CubeIDE_1.19.0/STM32CubeIDE/plugins/com.st.stm32cube.ide.mcu.externaltools.gnu-tools-for-stm32.13.3.rel1.win32_1.0.0.202411081344/tools/bin/../lib/gcc/arm-none-eabi/13.3.1/../../../../arm-none-eabi/lib/thumb/v7-m/nofp/crt0.o (exit)
D:/APP/STM32CubeIDE_1.19.0/STM32CubeIDE/plugins/com.st.stm32cube.ide.mcu.externaltools.gnu-tools-for-stm32.13.3.rel1.win32_1.0.0.202411081344/tools/bin/../lib/gcc/arm-none-eabi/13.3.1/../../../../arm-none-eabi/lib/thumb/v7-m/nofp\libc_nano.a(libc_a-malloc.o)
                              ./APP/cmd.o (malloc)
D:/APP/STM32CubeIDE_1.19.0/STM32CubeIDE/plugins/com.st.stm32cube.ide.mcu.externaltools.gnu-tools-for-stm32.13.3.rel1.win32_1.0.0.202411081344/tools/bin/../lib/gcc/arm-none-eabi/13.3.1/../../../../arm-none-eabi/lib/thumb/v7-m/nofp\libc_nano.a(libc_a-mallocr.o)
                              D:/APP/STM32CubeIDE_1.19.0/STM32CubeIDE/plugins/com.st.stm32cube.ide.mcu.externaltools.gnu-tools-for-stm32.13.3.rel1.win32_1.0.0.202411081344/tools/bin/../lib/gcc/arm-none-eabi/13.3.1/../../../../arm-none-eabi/lib/thumb/v7-m/nofp\libc_nano.a(libc_a-malloc.o) (_malloc_r)
D:/APP/STM32CubeIDE_1.19.0/STM32CubeIDE/plugins/com.st.stm32cube.ide.mcu.externaltools.gnu-tools-for-stm32.13.3.rel1.win32_1.0.0.202411081344/tools/bin/../lib/gcc/arm-none-eabi/13.3.1/../../../../arm-none-eabi/lib/thumb/v7-m/nofp\libc_nano.a(libc_a-mlock.o)
                              D:/APP/STM32CubeIDE_1.19.0/STM32CubeIDE/plugins/com.st.stm32cube.ide.mcu.externaltools.gnu-tools-for-stm32.13.3.rel1.win32_1.0.0.202411081344/tools/bin/../lib/gcc/arm-none-eabi/13.3.1/../../../../arm-none-eabi/lib/thumb/v7-m/nofp\libc_nano.a(libc_a-mallocr.o) (__malloc_lock)
D:/APP/STM32CubeIDE_1.19.0/STM32CubeIDE/plugins/com.st.stm32cube.ide.mcu.externaltools.gnu-tools-for-stm32.13.3.rel1.win32_1.0.0.202411081344/tools/bin/../lib/gcc/arm-none-eabi/13.3.1/../../../../arm-none-eabi/lib/thumb/v7-m/nofp\libc_nano.a(libc_a-ctype_.o)
                              ./APP/cmd.o (_ctype_)
D:/APP/STM32CubeIDE_1.19.0/STM32CubeIDE/plugins/com.st.stm32cube.ide.mcu.externaltools.gnu-tools-for-stm32.13.3.rel1.win32_1.0.0.202411081344/tools/bin/../lib/gcc/arm-none-eabi/13.3.1/../../../../arm-none-eabi/lib/thumb/v7-m/nofp\libc_nano.a(libc_a-nano-vfprintf_float.o)
                              (_printf_float)
D:/APP/STM32CubeIDE_1.19.0/STM32CubeIDE/plugins/com.st.stm32cube.ide.mcu.externaltools.gnu-tools-for-stm32.13.3.rel1.win32_1.0.0.202411081344/tools/bin/../lib/gcc/arm-none-eabi/13.3.1/../../../../arm-none-eabi/lib/thumb/v7-m/nofp\libc_nano.a(libc_a-nano-vfprintf_i.o)
                              D:/APP/STM32CubeIDE_1.19.0/STM32CubeIDE/plugins/com.st.stm32cube.ide.mcu.externaltools.gnu-tools-for-stm32.13.3.rel1.win32_1.0.0.202411081344/tools/bin/../lib/gcc/arm-none-eabi/13.3.1/../../../../arm-none-eabi/lib/thumb/v7-m/nofp\libc_nano.a(libc_a-nano-vfprintf_float.o) (_printf_common)
D:/APP/STM32CubeIDE_1.19.0/STM32CubeIDE/plugins/com.st.stm32cube.ide.mcu.externaltools.gnu-tools-for-stm32.13.3.rel1.win32_1.0.0.202411081344/tools/bin/../lib/gcc/arm-none-eabi/13.3.1/../../../../arm-none-eabi/lib/thumb/v7-m/nofp\libc_nano.a(libc_a-nano-vfscanf_float.o)
                              (_scanf_float)
D:/APP/STM32CubeIDE_1.19.0/STM32CubeIDE/plugins/com.st.stm32cube.ide.mcu.externaltools.gnu-tools-for-stm32.13.3.rel1.win32_1.0.0.202411081344/tools/bin/../lib/gcc/arm-none-eabi/13.3.1/../../../../arm-none-eabi/lib/thumb/v7-m/nofp\libc_nano.a(libc_a-findfp.o)
                              D:/APP/STM32CubeIDE_1.19.0/STM32CubeIDE/plugins/com.st.stm32cube.ide.mcu.externaltools.gnu-tools-for-stm32.13.3.rel1.win32_1.0.0.202411081344/tools/bin/../lib/gcc/arm-none-eabi/13.3.1/../../../../arm-none-eabi/lib/thumb/v7-m/nofp\libc_nano.a(libc_a-exit.o) (__stdio_exit_handler)
[...]
Memory Configuration

Name             Origin             Length             Attributes
RAM              0x20000000         0x00005000         xrw
FLASH            0x08000000         0x00010000         xr
*default*        0x00000000         0xffffffff

Linker script and memory map

LOAD D:/APP/STM32CubeIDE_1.19.0/STM32CubeIDE/plugins/com.st.stm32cube.ide.mcu.externaltools.gnu-tools-for-stm32.13.3.rel1.win32_1.0.0.202411081344/tools/bin/../lib/gcc/arm-none-eabi/13.3.1/thumb/v7-m/nofp/crti.o
LOAD D:/APP/STM32CubeIDE_1.19.0/STM32CubeIDE/plugins/com.st.stm32cube.ide.mcu.externaltools.gnu-tools-for-stm32.13.3.rel1.win32_1.0.0.202411081344/tools/bin/../lib/gcc/arm-none-eabi/13.3.1/thumb/v7-m/nofp/crtbegin.o
LOAD D:/APP/STM32CubeIDE_1.19.0/STM32CubeIDE/plugins/com.st.stm32cube.ide.mcu.externaltools.gnu-tools-for-stm32.13.3.rel1.win32_1.0.0.202411081344/tools/bin/../lib/gcc/arm-none-eabi/13.3.1/../../../../arm-none-eabi/lib/thumb/v7-m/nofp/crt0.o
LOAD ./APP/Generic.o
LOAD ./APP/Generic_cmd.o
LOAD ./APP/cmd.o
LOAD ./APP/cmd_fn.o
LOAD ./Core/Src/dma.o
LOAD ./Core/Src/gpio.o
LOAD ./Core/Src/i2c.o
LOAD ./Core/Src/iwdg.o
LOAD ./Core/Src/main.o
LOAD ./Core/Src/spi.o
LOAD ./Core/Src/stm32f1xx_hal_msp.o
LOAD ./Core/Src/stm32f1xx_it.o
LOAD ./Core/Src/syscalls.o
LOAD ./Core/Src/sysmem.o
LOAD ./Core/Src/system_stm32f1xx.o
LOAD ./Core/Src/tim.o
LOAD ./Core/Src/usart.o
LOAD ./Core/Startup/startup_stm32f103c8tx.o
LOAD ./DW/Driver/deca_mutex.o
LOAD ./DW/Examples/ds_twr_sts_sdc_initiator.o
LOAD ./DW/Examples/mac_802_15_4.o
LOAD ./DW/Examples/mac_802_15_8.o
LOAD ./DW/Examples/shared_functions.o
LOAD ./DW/PDoA/example_info.o
LOAD ./DW/PDoA/json_2pc.o
LOAD ./DW/PDoA/tag_list.o
LOAD ./DW/PDoA/twr_task.o
LOAD ./DW/PDoA/uwb.o
LOAD ./Drivers/STM32F1xx_HAL_Driver/Src/stm32f1xx_hal.o
LOAD ./Drivers/STM32F1xx_HAL_Driver/Src/stm32f1xx_hal_cortex.o
LOAD ./Drivers/STM32F1xx_HAL_Driver/Src/stm32f1xx_hal_dma.o
LOAD ./Drivers/STM32F1xx_HAL_Driver/Src/stm32f1xx_hal_exti.o
LOAD ./Drivers/STM32F1xx_HAL_Driver/Src/stm32f1xx_hal_flash.o
LOAD ./Drivers/STM32F1xx_HAL_Driver/Src/stm32f1xx_hal_flash_ex.o
LOAD ./Drivers/STM32F1xx_HAL_Driver/Src/stm32f1xx_hal_gpio.o
LOAD ./Drivers/STM32F1xx_HAL_Driver/Src/stm32f1xx_hal_gpio_ex.o
LOAD ./Drivers/STM32F1xx_HAL_Driver/Src/stm32f1xx_hal_i2c.o
LOAD ./Drivers/STM32F1xx_HAL_Driver/Src/stm32f1xx_hal_iwdg.o
LOAD ./Drivers/STM32F1xx_HAL_Driver/Src/stm32f1xx_hal_pwr.o
LOAD ./Drivers/STM32F1xx_HAL_Driver/Src/stm32f1xx_hal_rcc.o
LOAD ./Drivers/STM32F1xx_HAL_Driver/Src/stm32f1xx_hal_rcc_ex.o
LOAD ./Drivers/STM32F1xx_HAL_Driver/Src/stm32f1xx_hal_spi.o
LOAD ./Drivers/STM32F1xx_HAL_Driver/Src/stm32f1xx_hal_tim.o
LOAD ./Drivers/STM32F1xx_HAL_Driver/Src/stm32f1xx_hal_tim_ex.o
LOAD ./Drivers/STM32F1xx_HAL_Driver/Src/stm32f1xx_hal_uart.o
LOAD ./HAL/DW/dw_twr/config.o
LOAD ./HAL/DW/dw_twr/config_options.o
LOAD ./HAL/hal_flash.o
LOAD ./HAL/hal_led.o
LOAD ./OLED/OLED_I2C.o
LOAD ./OSAL/OSAL.o
LOAD D:\bobo\File\xwechat_files\wxid_7pcrj0jpswx422_e57e\msg\file\2026-04\CubeT\CubeT\CubeIde\projectT\Core\Src\libUWBlib.a
START GROUP
LOAD D:/APP/STM32CubeIDE_1.19.0/STM32CubeIDE/plugins/com.st.stm32cube.ide.mcu.externaltools.gnu-tools-for-stm32.13.3.rel1.win32_1.0.0.202411081344/tools/bin/../lib/gcc/arm-none-eabi/13.3.1/../../../../arm-none-eabi/lib/thumb/v7-m/nofp\libc_nano.a
LOAD D:/APP/STM32CubeIDE_1.19.0/STM32CubeIDE/plugins/com.st.stm32cube.ide.mcu.externaltools.gnu-tools-for-stm32.13.3.rel1.win32_1.0.0.202411081344/tools/bin/../lib/gcc/arm-none-eabi/13.3.1/../../../../arm-none-eabi/lib/thumb/v7-m/nofp\libm.a
END GROUP
START GROUP
LOAD D:/APP/STM32CubeIDE_1.19.0/STM32CubeIDE/plugins/com.st.stm32cube.ide.mcu.externaltools.gnu-tools-for-stm32.13.3.rel1.win32_1.0.0.202411081344/tools/bin/../lib/gcc/arm-none-eabi/13.3.1/thumb/v7-m/nofp\libgcc.a
LOAD D:/APP/STM32CubeIDE_1.19.0/STM32CubeIDE/plugins/com.st.stm32cube.ide.mcu.externaltools.gnu-tools-for-stm32.13.3.rel1.win32_1.0.0.202411081344/tools/bin/../lib/gcc/arm-none-eabi/13.3.1/../../../../arm-none-eabi/lib/thumb/v7-m/nofp\libc_nano.a
END GROUP
START GROUP
LOAD D:/APP/STM32CubeIDE_1.19.0/STM32CubeIDE/plugins/com.st.stm32cube.ide.mcu.externaltools.gnu-tools-for-stm32.13.3.rel1.win32_1.0.0.202411081344/tools/bin/../lib/gcc/arm-none-eabi/13.3.1/thumb/v7-m/nofp\libgcc.a
LOAD D:/APP/STM32CubeIDE_1.19.0/STM32CubeIDE/plugins/com.st.stm32cube.ide.mcu.externaltools.gnu-tools-for-stm32.13.3.rel1.win32_1.0.0.202411081344/tools/bin/../lib/gcc/arm-none-eabi/13.3.1/../../../../arm-none-eabi/lib/thumb/v7-m/nofp\libc_nano.a
LOAD D:/APP/STM32CubeIDE_1.19.0/STM32CubeIDE/plugins/com.st.stm32cube.ide.mcu.externaltools.gnu-tools-for-stm32.13.3.rel1.win32_1.0.0.202411081344/tools/bin/../lib/gcc/arm-none-eabi/13.3.1/../../../../arm-none-eabi/lib/thumb/v7-m/nofp\libnosys.a
END GROUP
START GROUP
LOAD D:/APP/STM32CubeIDE_1.19.0/STM32CubeIDE/plugins/com.st.stm32cube.ide.mcu.externaltools.gnu-tools-for-stm32.13.3.rel1.win32_1.0.0.202411081344/tools/bin/../lib/gcc/arm-none-eabi/13.3.1/thumb/v7-m/nofp\libgcc.a
LOAD D:/APP/STM32CubeIDE_1.19.0/STM32CubeIDE/plugins/com.st.stm32cube.ide.mcu.externaltools.gnu-tools-for-stm32.13.3.rel1.win32_1.0.0.202411081344/tools/bin/../lib/gcc/arm-none-eabi/13.3.1/../../../../arm-none-eabi/lib/thumb/v7-m/nofp\libc_nano.a
LOAD D:/APP/STM32CubeIDE_1.19.0/STM32CubeIDE/plugins/com.st.stm32cube.ide.mcu.externaltools.gnu-tools-for-stm32.13.3.rel1.win32_1.0.0.202411081344/tools/bin/../lib/gcc/arm-none-eabi/13.3.1/../../../../arm-none-eabi/lib/thumb/v7-m/nofp\libnosys.a
END GROUP
LOAD D:/APP/STM32CubeIDE_1.19.0/STM32CubeIDE/plugins/com.st.stm32cube.ide.mcu.externaltools.gnu-tools-for-stm32.13.3.rel1.win32_1.0.0.202411081344/tools/bin/../lib/gcc/arm-none-eabi/13.3.1/thumb/v7-m/nofp/crtend.o
LOAD D:/APP/STM32CubeIDE_1.19.0/STM32CubeIDE/plugins/com.st.stm32cube.ide.mcu.externaltools.gnu-tools-for-stm32.13.3.rel1.win32_1.0.0.202411081344/tools/bin/../lib/gcc/arm-none-eabi/13.3.1/thumb/v7-m/nofp/crtn.o
                0x20005000                        _estack = (ORIGIN (RAM) + LENGTH (RAM))
                0x00000200                        _Min_Heap_Size = 0x200
                0x00000400                        _Min_Stack_Size = 0x400

.isr_vector     0x08000000      0x10c
                0x08000000                        . = ALIGN (0x4)
 *(.isr_vector)
 .isr_vector    0x08000000      0x10c ./Core/Startup/startup_stm32f103c8tx.o
                0x08000000                g_pfnVectors
                0x0800010c                        . = ALIGN (0x4)

.text           0x08000110     0xc0c4
                0x08000110                        . = ALIGN (0x4)
 *(.text)
 .text          0x08000110       0x40 D:/APP/STM32CubeIDE_1.19.0/STM32CubeIDE/plugins/com.st.stm32cube.ide.mcu.externaltools.gnu-tools-for-stm32.13.3.rel1.win32_1.0.0.202411081344/tools/bin/../lib/gcc/arm-none-eabi/13.3.1/thumb/v7-m/nofp/crtbegin.o
 .text          0x08000150       0x10 D:/APP/STM32CubeIDE_1.19.0/STM32CubeIDE/plugins/com.st.stm32cube.ide.mcu.externaltools.gnu-tools-for-stm32.13.3.rel1.win32_1.0.0.202411081344/tools/bin/../lib/gcc/arm-none-eabi/13.3.1/../../../../arm-none-eabi/lib/thumb/v7-m/nofp\libc_nano.a(libc_a-strlen.o)
                0x08000150                strlen
 .text          0x08000160      0x378 D:/APP/STM32CubeIDE_1.19.0/STM32CubeIDE/plugins/com.st.stm32cube.ide.mcu.externaltools.gnu-tools-for-stm32.13.3.rel1.win32_1.0.0.202411081344/tools/bin/../lib/gcc/arm-none-eabi/13.3.1/thumb/v7-m/nofp\libgcc.a(_arm_addsubdf3.o)
                0x08000160                __aeabi_drsub
                0x08000168                __aeabi_dsub
                0x08000168                __subdf3
                0x0800016c                __aeabi_dadd
                0x0800016c                __adddf3
                0x080003e4                __floatunsidf
                0x080003e4                __aeabi_ui2d
                0x08000404                __floatsidf
                0x08000404                __aeabi_i2d
                0x08000428                __aeabi_f2d
                0x08000428                __extendsfdf2
                0x0800046c                __floatundidf
                0x0800046c                __aeabi_ul2d
                0x0800047c                __floatdidf
                0x0800047c                __aeabi_l2d
 .text          0x080004d8      0x424 D:/APP/STM32CubeIDE_1.19.0/STM32CubeIDE/plugins/com.st.stm32cube.ide.mcu.externaltools.gnu-tools-for-stm32.13.3.rel1.win32_1.0.0.202411081344/tools/bin/../lib/gcc/arm-none-eabi/13.3.1/thumb/v7-m/nofp\libgcc.a(_arm_muldivdf3.o)
                0x080004d8                __aeabi_dmul
                0x080004d8                __muldf3
                0x0800072c                __divdf3
                0x0800072c                __aeabi_ddiv
 .text          0x080008fc      0x110 D:/APP/STM32CubeIDE_1.19.0/STM32CubeIDE/plugins/com.st.stm32cube.ide.mcu.externaltools.gnu-tools-for-stm32.13.3.rel1.win32_1.0.0.202411081344/tools/bin/../lib/gcc/arm-none-eabi/13.3.1/thumb/v7-m/nofp\libgcc.a(_arm_cmpdf2.o)
                0x080008fc                __gtdf2
                0x080008fc                __gedf2
                0x08000904                __ltdf2
                0x08000904                __ledf2
                0x0800090c                __nedf2
                0x0800090c                __eqdf2
                0x0800090c                __cmpdf2
                0x08000988                __aeabi_cdrcmple
                0x08000998                __aeabi_cdcmpeq
                0x08000998                __aeabi_cdcmple
                0x080009a8                __aeabi_dcmpeq
                0x080009bc                __aeabi_dcmplt
                0x080009d0                __aeabi_dcmple
                0x080009e4                __aeabi_dcmpge
                0x080009f8                __aeabi_dcmpgt
 .text          0x08000a0c       0x2c D:/APP/STM32CubeIDE_1.19.0/STM32CubeIDE/plugins/com.st.stm32cube.ide.mcu.externaltools.gnu-tools-for-stm32.13.3.rel1.win32_1.0.0.202411081344/tools/bin/../lib/gcc/arm-none-eabi/13.3.1/thumb/v7-m/nofp\libgcc.a(_arm_unorddf2.o)
                0x08000a0c                __unorddf2
                0x08000a0c                __aeabi_dcmpun
 .text          0x08000a38       0x50 D:/APP/STM32CubeIDE_1.19.0/STM32CubeIDE/plugins/com.st.stm32cube.ide.mcu.externaltools.gnu-tools-for-stm32.13.3.rel1.win32_1.0.0.202411081344/tools/bin/../lib/gcc/arm-none-eabi/13.3.1/thumb/v7-m/nofp\libgcc.a(_arm_fixdfsi.o)
                0x08000a38                __aeabi_d2iz
                0x08000a38                __fixdfsi
 .text          0x08000a88       0x40 D:/APP/STM32CubeIDE_1.19.0/STM32CubeIDE/plugins/com.st.stm32cube.ide.mcu.externaltools.gnu-tools-for-stm32.13.3.rel1.win32_1.0.0.202411081344/tools/bin/../lib/gcc/arm-none-eabi/13.3.1/thumb/v7-m/nofp\libgcc.a(_arm_fixunsdfsi.o)
                0x08000a88                __aeabi_d2uiz
                0x08000a88                __fixunsdfsi
 .text          0x08000ac8       0xa0 D:/APP/STM32CubeIDE_1.19.0/STM32CubeIDE/plugins/com.st.stm32cube.ide.mcu.externaltools.gnu-tools-for-stm32.13.3.rel1.win32_1.0.0.202411081344/tools/bin/../lib/gcc/arm-none-eabi/13.3.1/thumb/v7-m/nofp\libgcc.a(_arm_truncdfsf2.o)
                0x08000ac8                __truncdfsf2
                0x08000ac8                __aeabi_d2f
 .text          0x08000b68      0x21c D:/APP/STM32CubeIDE_1.19.0/STM32CubeIDE/plugins/com.st.stm32cube.ide.mcu.externaltools.gnu-tools-for-stm32.13.3.rel1.win32_1.0.0.202411081344/tools/bin/../lib/gcc/arm-none-eabi/13.3.1/thumb/v7-m/nofp\libgcc.a(_arm_addsubsf3.o)
                0x08000b68                __aeabi_frsub
                0x08000b70                __subsf3
                0x08000b70                __aeabi_fsub
                0x08000b74                __aeabi_fadd
                0x08000b74                __addsf3
                0x08000cd4                __aeabi_ui2f
                0x08000cd4                __floatunsisf
                0x08000cdc                __aeabi_i2f
                0x08000cdc                __floatsisf
                0x08000cf8                __aeabi_ul2f
                0x08000cf8                __floatundisf
                0x08000d08                __aeabi_l2f
                0x08000d08                __floatdisf
 .text          0x08000d84      0x2a0 D:/APP/STM32CubeIDE_1.19.0/STM32CubeIDE/plugins/com.st.stm32cube.ide.mcu.externaltools.gnu-tools-for-stm32.13.3.rel1.win32_1.0.0.202411081344/tools/bin/../lib/gcc/arm-none-eabi/13.3.1/thumb/v7-m/nofp\libgcc.a(_arm_muldivsf3.o)
                0x08000d84                __mulsf3
                0x08000d84                __aeabi_fmul
                0x08000eec                __aeabi_fdiv
                0x08000eec                __divsf3
 .text          0x08001024       0x4c D:/APP/STM32CubeIDE_1.19.0/STM32CubeIDE/plugins/com.st.stm32cube.ide.mcu.externaltools.gnu-tools-for-stm32.13.3.rel1.win32_1.0.0.202411081344/tools/bin/../lib/gcc/arm-none-eabi/13.3.1/thumb/v7-m/nofp\libgcc.a(_arm_fixsfsi.o)
                0x08001024                __aeabi_f2iz
                0x08001024                __fixsfsi
 .text          0x08001070       0x30 D:/APP/STM32CubeIDE_1.19.0/STM32CubeIDE/plugins/com.st.stm32cube.ide.mcu.externaltools.gnu-tools-for-stm32.13.3.rel1.win32_1.0.0.202411081344/tools/bin/../lib/gcc/arm-none-eabi/13.3.1/thumb/v7-m/nofp\libgcc.a(_fixdfdi.o)
                0x08001070                __fixdfdi
                0x08001070                __aeabi_d2lz
 .text          0x080010a0       0x3c D:/APP/STM32CubeIDE_1.19.0/STM32CubeIDE/plugins/com.st.stm32cube.ide.mcu.externaltools.gnu-tools-for-stm32.13.3.rel1.win32_1.0.0.202411081344/tools/bin/../lib/gcc/arm-none-eabi/13.3.1/thumb/v7-m/nofp\libgcc.a(_fixunsdfdi.o)
                0x080010a0                __fixunsdfdi
                0x080010a0                __aeabi_d2ulz
 *(.text*)
 .text.HAL_UART_RxCpltCallback
                0x080010dc       0xbc ./APP/Generic_cmd.o
                0x080010dc                HAL_UART_RxCpltCallback
 .text.HAL_UART_ErrorCallback
                0x08001198        0x4 ./APP/Generic_cmd.o
                0x08001198                HAL_UART_ErrorCallback
 .text.MX_DMA_Init
                0x0800119c       0x44 ./Core/Src/dma.o
                0x0800119c                MX_DMA_Init
 .text.MX_GPIO_Init
                0x080011e0       0xc4 ./Core/Src/gpio.o
                0x080011e0                MX_GPIO_Init
 .text.MX_I2C1_Init
                0x080012a4       0x3c ./Core/Src/i2c.o
                0x080012a4                MX_I2C1_Init
 .text.HAL_I2C_MspInit
                0x080012e0       0x64 ./Core/Src/i2c.o
                0x080012e0                HAL_I2C_MspInit
 .text.HalI2cInit
                0x08001344       0x4c ./Core/Src/i2c.o
                0x08001344                HalI2cInit
 .text.SystemClock_Config
                0x08001390       0x68 ./Core/Src/main.o
                0x08001390                SystemClock_Config
 .text.startup.main
                0x080013f8       0x28 ./Core/Src/main.o
                0x080013f8                main
 .text.Error_Handler
                0x08001420        0x4 ./Core/Src/main.o
                0x08001420                Error_Handler
 .text.MX_SPI1_Init
                0x08001424       0xc0 ./Core/Src/spi.o
                0x08001424                MX_SPI1_Init
 .text.HAL_SPI_MspInit
                0x080014e4       0x88 ./Core/Src/spi.o
                0x080014e4                HAL_SPI_MspInit
 .text.HAL_SPI_MspDeInit
                0x0800156c       0x3c ./Core/Src/spi.o
                0x0800156c                HAL_SPI_MspDeInit
 .text.HAL_MspInit
                0x080015a8       0x44 ./Core/Src/stm32f1xx_hal_msp.o
                0x080015a8                HAL_MspInit
 .text.NMI_Handler
                0x080015ec        0x4 ./Core/Src/stm32f1xx_it.o
                0x080015ec                NMI_Handler
 .text.HardFault_Handler
                0x080015f0        0x4 ./Core/Src/stm32f1xx_it.o
                0x080015f0                HardFault_Handler
 .text.MemManage_Handler
                0x080015f4        0x4 ./Core/Src/stm32f1xx_it.o
                0x080015f4                MemManage_Handler
 .text.BusFault_Handler
                0x080015f8        0x4 ./Core/Src/stm32f1xx_it.o
                0x080015f8                BusFault_Handler
 .text.UsageFault_Handler
                0x080015fc        0x4 ./Core/Src/stm32f1xx_it.o
                0x080015fc                UsageFault_Handler
 .text.SVC_Handler
                0x08001600        0x4 ./Core/Src/stm32f1xx_it.o
                0x08001600                SVC_Handler
 .text.DebugMon_Handler
                0x08001604        0x4 ./Core/Src/stm32f1xx_it.o
                0x08001604                DebugMon_Handler
 .text.PendSV_Handler
                0x08001608        0x4 ./Core/Src/stm32f1xx_it.o
                0x08001608                PendSV_Handler
 .text.SysTick_Handler
                0x0800160c       0x14 ./Core/Src/stm32f1xx_it.o
                0x0800160c                SysTick_Handler
 .text.DMA1_Channel4_IRQHandler
                0x08001620        0xc ./Core/Src/stm32f1xx_it.o
                0x08001620                DMA1_Channel4_IRQHandler
 .text.DMA1_Channel5_IRQHandler
                0x0800162c        0xc ./Core/Src/stm32f1xx_it.o
                0x0800162c                DMA1_Channel5_IRQHandler
 .text.EXTI9_5_IRQHandler
                0x08001638       0x10 ./Core/Src/stm32f1xx_it.o
                0x08001638                EXTI9_5_IRQHandler
 .text.TIM2_IRQHandler
                0x08001648        0xc ./Core/Src/stm32f1xx_it.o
                0x08001648                TIM2_IRQHandler
 .text.SPI1_IRQHandler
                0x08001654        0xc ./Core/Src/stm32f1xx_it.o
                0x08001654                SPI1_IRQHandler
 .text._getpid  0x08001660        0x4 ./Core/Src/syscalls.o
                0x08001660                _getpid
 .text._kill    0x08001664       0x14 ./Core/Src/syscalls.o
                0x08001664                _kill
 .text._exit    0x08001678        0xc ./Core/Src/syscalls.o
                0x08001678                _exit
 .text._read    0x08001684       0x1c ./Core/Src/syscalls.o
                0x08001684                _read
 .text._write   0x080016a0       0x1c ./Core/Src/syscalls.o
                0x080016a0                _write
 .text._close   0x080016bc        0x8 ./Core/Src/syscalls.o
                0x080016bc                _close
 .text._fstat   0x080016c4        0xc ./Core/Src/syscalls.o
                0x080016c4                _fstat
 .text._isatty  0x080016d0        0x4 ./Core/Src/syscalls.o
                0x080016d0                _isatty
 .text._lseek   0x080016d4        0x4 ./Core/Src/syscalls.o
                0x080016d4                _lseek
 .text._sbrk    0x080016d8       0x48 ./Core/Src/sysmem.o
                0x080016d8                _sbrk
 .text.SystemInit
                0x08001720        0x4 ./Core/Src/system_stm32f1xx.o
                0x08001720                SystemInit
 .text.MX_TIM2_Init
                0x08001724       0x74 ./Core/Src/tim.o
                0x08001724                MX_TIM2_Init
 .text.HAL_TIM_Base_MspInit
                0x08001798       0x3c ./Core/Src/tim.o
                0x08001798                HAL_TIM_Base_MspInit
 .text.MX_USART1_UART_Init
                0x080017d4       0x38 ./Core/Src/usart.o
                0x080017d4                MX_USART1_UART_Init
 .text.HAL_UART_MspInit
                0x0800180c       0xf8 ./Core/Src/usart.o
                0x0800180c                HAL_UART_MspInit
 .text._dbg_printf
                0x08001904       0x3c ./Core/Src/usart.o
                0x08001904                _dbg_printf
 .text.HAL_UART_TxCpltCallback
                0x08001940       0x1c ./Core/Src/usart.o
                0x08001940                HAL_UART_TxCpltCallback
 .text.USART1_IRQHandler
                0x0800195c        0xc ./Core/Src/usart.o
                0x0800195c                USART1_IRQHandler
 .text.Reset_Handler
                0x08001968       0x48 ./Core/Startup/startup_stm32f103c8tx.o
                0x08001968                Reset_Handler
 .text.Default_Handler
                0x080019b0        0x2 ./Core/Startup/startup_stm32f103c8tx.o
                0x080019b0                RTC_Alarm_IRQHandler
                0x080019b0                EXTI2_IRQHandler
                0x080019b0                TIM1_CC_IRQHandler
                0x080019b0                PVD_IRQHandler
                0x080019b0                EXTI3_IRQHandler
                0x080019b0                EXTI0_IRQHandler
                0x080019b0                I2C2_EV_IRQHandler
                0x080019b0                ADC1_2_IRQHandler
                0x080019b0                TAMPER_IRQHandler
                0x080019b0                USART3_IRQHandler
                0x080019b0                RTC_IRQHandler
                0x080019b0                DMA1_Channel7_IRQHandler
                0x080019b0                CAN1_RX1_IRQHandler
                0x080019b0                TIM4_IRQHandler
                0x080019b0                I2C1_EV_IRQHandler
                0x080019b0                DMA1_Channel6_IRQHandler
                0x080019b0                TIM3_IRQHandler
                0x080019b0                RCC_IRQHandler
                0x080019b0                TIM1_TRG_COM_IRQHandler
                0x080019b0                DMA1_Channel1_IRQHandler
                0x080019b0                Default_Handler
                0x080019b0                EXTI15_10_IRQHandler
                0x080019b0                SPI2_IRQHandler
                0x080019b0                EXTI4_IRQHandler
                0x080019b0                USB_LP_CAN1_RX0_IRQHandler
                0x080019b0                USB_HP_CAN1_TX_IRQHandler
                0x080019b0                DMA1_Channel3_IRQHandler
                0x080019b0                TIM1_UP_IRQHandler
                0x080019b0                WWDG_IRQHandler
                0x080019b0                TIM1_BRK_IRQHandler
                0x080019b0                EXTI1_IRQHandler
                0x080019b0                USART2_IRQHandler
                0x080019b0                I2C2_ER_IRQHandler
                0x080019b0                DMA1_Channel2_IRQHandler
                0x080019b0                CAN1_SCE_IRQHandler
                0x080019b0                FLASH_IRQHandler
                0x080019b0                I2C1_ER_IRQHandler
                0x080019b0                USBWakeUp_IRQHandler
 *fill*         0x080019b2        0x2 
 .text.decamutexon
                0x080019b4       0x1c ./DW/Driver/deca_mutex.o
                0x080019b4                decamutexon
 .text.decamutexoff
                0x080019d0        0xc ./DW/Driver/deca_mutex.o
                0x080019d0                decamutexoff
 .text.discovery_process
                0x080019dc      0x14c ./DW/Examples/ds_twr_sts_sdc_initiator.o
                0x080019dc                discovery_process
 .text.ranging_process
                0x08001b28      0x1c0 ./DW/Examples/ds_twr_sts_sdc_initiator.o
                0x08001b28                ranging_process
 .text.ds_twr_sts_sdc_initiator
                0x08001ce8       0xec ./DW/Examples/ds_twr_sts_sdc_initiator.o
                0x08001ce8                ds_twr_sts_sdc_initiator
 .text.get_tx_timestamp_u64
                0x08001dd4       0x38 ./DW/Examples/shared_functions.o
                0x08001dd4                get_tx_timestamp_u64
 .text.get_rx_timestamp_u64
                0x08001e0c       0x38 ./DW/Examples/shared_functions.o
                0x08001e0c                get_rx_timestamp_u64
 .text.final_msg_set_ts
                0x08001e44        0x4 ./DW/Examples/shared_functions.o
                0x08001e44                final_msg_set_ts
 .text.Sleep    0x08001e48       0x14 ./DW/PDoA/uwb.o
                0x08001e48                Sleep
 .text.deca_usleep
                0x08001e5c       0x28 ./DW/PDoA/uwb.o
                0x08001e5c                deca_usleep
 .text.reset_DWIC
                0x08001e84       0x48 ./DW/PDoA/uwb.o
                0x08001e84                reset_DWIC
 .text.port_set_dw_ic_spi_fastrate
                0x08001ecc       0x48 ./DW/PDoA/uwb.o
                0x08001ecc                port_set_dw_ic_spi_fastrate
 .text.readfromspi_serial
                0x08001f14       0x54 ./DW/PDoA/uwb.o
                0x08001f14                readfromspi_serial
 .text.writetospi_serial
                0x08001f68       0x60 ./DW/PDoA/uwb.o
                0x08001f68                writetospi_serial
 .text.EXTI_GetITEnStatus
                0x08001fc8       0x14 ./DW/PDoA/uwb.o
                0x08001fc8                EXTI_GetITEnStatus
 .text.process_deca_irq
                0x08001fdc       0x1c ./DW/PDoA/uwb.o
                0x08001fdc                process_deca_irq
 .text.HAL_InitTick
                0x08001ff8       0x48 ./Drivers/STM32F1xx_HAL_Driver/Src/stm32f1xx_hal.o
                0x08001ff8                HAL_InitTick
 .text.HAL_Init
                0x08002040       0x24 ./Drivers/STM32F1xx_HAL_Driver/Src/stm32f1xx_hal.o
                0x08002040                HAL_Init
 .text.HAL_IncTick
                0x08002064       0x18 ./Drivers/STM32F1xx_HAL_Driver/Src/stm32f1xx_hal.o
                0x08002064                HAL_IncTick
 .text.HAL_GetTick
                0x0800207c        0xc ./Drivers/STM32F1xx_HAL_Driver/Src/stm32f1xx_hal.o
                0x0800207c                HAL_GetTick
 .text.HAL_Delay
                0x08002088       0x24 ./Drivers/STM32F1xx_HAL_Driver/Src/stm32f1xx_hal.o
                0x08002088                HAL_Delay
 .text.HAL_NVIC_SetPriorityGrouping
                0x080020ac       0x24 ./Drivers/STM32F1xx_HAL_Driver/Src/stm32f1xx_hal_cortex.o
                0x080020ac                HAL_NVIC_SetPriorityGrouping
 .text.HAL_NVIC_SetPriority
                0x080020d0       0x78 ./Drivers/STM32F1xx_HAL_Driver/Src/stm32f1xx_hal_cortex.o
                0x080020d0                HAL_NVIC_SetPriority
 .text.HAL_NVIC_EnableIRQ
                0x08002148       0x1c ./Drivers/STM32F1xx_HAL_Driver/Src/stm32f1xx_hal_cortex.o
                0x08002148                HAL_NVIC_EnableIRQ
 .text.HAL_NVIC_DisableIRQ
                0x08002164       0x24 ./Drivers/STM32F1xx_HAL_Driver/Src/stm32f1xx_hal_cortex.o
                0x08002164                HAL_NVIC_DisableIRQ
 .text.HAL_SYSTICK_Config
                0x08002188       0x30 ./Drivers/STM32F1xx_HAL_Driver/Src/stm32f1xx_hal_cortex.o
                0x08002188                HAL_SYSTICK_Config
 .text.HAL_DMA_Init
                0x080021b8       0x70 ./Drivers/STM32F1xx_HAL_Driver/Src/stm32f1xx_hal_dma.o
                0x080021b8                HAL_DMA_Init
 .text.HAL_DMA_Start_IT
                0x08002228       0x84 ./Drivers/STM32F1xx_HAL_Driver/Src/stm32f1xx_hal_dma.o
                0x08002228                HAL_DMA_Start_IT
 .text.HAL_DMA_Abort
                0x080022ac       0x48 ./Drivers/STM32F1xx_HAL_Driver/Src/stm32f1xx_hal_dma.o
                0x080022ac                HAL_DMA_Abort
 .text.HAL_DMA_Abort_IT
                0x080022f4       0x94 ./Drivers/STM32F1xx_HAL_Driver/Src/stm32f1xx_hal_dma.o
                0x080022f4                HAL_DMA_Abort_IT
 .text.HAL_DMA_IRQHandler
                0x08002388      0x12c ./Drivers/STM32F1xx_HAL_Driver/Src/stm32f1xx_hal_dma.o
                0x08002388                HAL_DMA_IRQHandler
 .text.HAL_GPIO_Init
                0x080024b4      0x40c ./Drivers/STM32F1xx_HAL_Driver/Src/stm32f1xx_hal_gpio.o
                0x080024b4                HAL_GPIO_Init
 .text.HAL_GPIO_DeInit
                0x080028c0      0x1d4 ./Drivers/STM32F1xx_HAL_Driver/Src/stm32f1xx_hal_gpio.o
                0x080028c0                HAL_GPIO_DeInit
 .text.HAL_GPIO_ReadPin
                0x08002a94        0xc ./Drivers/STM32F1xx_HAL_Driver/Src/stm32f1xx_hal_gpio.o
                0x08002a94                HAL_GPIO_ReadPin
 .text.HAL_GPIO_WritePin
                0x08002aa0        0x8 ./Drivers/STM32F1xx_HAL_Driver/Src/stm32f1xx_hal_gpio.o
                0x08002aa0                HAL_GPIO_WritePin
 .text.HAL_GPIO_EXTI_Callback
                0x08002aa8        0x4 ./Drivers/STM32F1xx_HAL_Driver/Src/stm32f1xx_hal_gpio.o
                0x08002aa8                HAL_GPIO_EXTI_Callback
 .text.HAL_GPIO_EXTI_IRQHandler
                0x08002aac       0x18 ./Drivers/STM32F1xx_HAL_Driver/Src/stm32f1xx_hal_gpio.o
                0x08002aac                HAL_GPIO_EXTI_IRQHandler
 .text.I2C_WaitOnMasterAddressFlagUntilTimeout.constprop.0
                0x08002ac4       0x94 ./Drivers/STM32F1xx_HAL_Driver/Src/stm32f1xx_hal_i2c.o
 .text.I2C_RequestMemoryWrite
                0x08002b58      0x18c ./Drivers/STM32F1xx_HAL_Driver/Src/stm32f1xx_hal_i2c.o
 .text.HAL_I2C_Init
                0x08002ce4      0x18c ./Drivers/STM32F1xx_HAL_Driver/Src/stm32f1xx_hal_i2c.o
                0x08002ce4                HAL_I2C_Init
 .text.HAL_I2C_Mem_Write
                0x08002e70      0x23c ./Drivers/STM32F1xx_HAL_Driver/Src/stm32f1xx_hal_i2c.o
                0x08002e70                HAL_I2C_Mem_Write
 .text.HAL_RCC_OscConfig
                0x080030ac      0x3dc ./Drivers/STM32F1xx_HAL_Driver/Src/stm32f1xx_hal_rcc.o
                0x080030ac                HAL_RCC_OscConfig
 .text.HAL_RCC_ClockConfig
                0x08003488      0x184 ./Drivers/STM32F1xx_HAL_Driver/Src/stm32f1xx_hal_rcc.o
                0x08003488                HAL_RCC_ClockConfig
 .text.HAL_RCC_GetPCLK1Freq
                0x0800360c       0x20 ./Drivers/STM32F1xx_HAL_Driver/Src/stm32f1xx_hal_rcc.o
                0x0800360c                HAL_RCC_GetPCLK1Freq
 .text.HAL_RCC_GetPCLK2Freq
                0x0800362c       0x20 ./Drivers/STM32F1xx_HAL_Driver/Src/stm32f1xx_hal_rcc.o
                0x0800362c                HAL_RCC_GetPCLK2Freq
 .text.SPI_WaitFlagStateUntilTimeout
                0x0800364c       0xd8 ./Drivers/STM32F1xx_HAL_Driver/Src/stm32f1xx_hal_spi.o
 .text.HAL_SPI_Init
                0x08003724       0xbc ./Drivers/STM32F1xx_HAL_Driver/Src/stm32f1xx_hal_spi.o
                0x08003724                HAL_SPI_Init
 .text.HAL_SPI_DeInit
                0x080037e0       0x30 ./Drivers/STM32F1xx_HAL_Driver/Src/stm32f1xx_hal_spi.o
                0x080037e0                HAL_SPI_DeInit
 .text.HAL_SPI_Transmit
                0x08003810      0x224 ./Drivers/STM32F1xx_HAL_Driver/Src/stm32f1xx_hal_spi.o
                0x08003810                HAL_SPI_Transmit
 .text.HAL_SPI_TransmitReceive
                0x08003a34      0x2f4 ./Drivers/STM32F1xx_HAL_Driver/Src/stm32f1xx_hal_spi.o
                0x08003a34                HAL_SPI_TransmitReceive
 .text.HAL_SPI_Receive
                0x08003d28      0x228 ./Drivers/STM32F1xx_HAL_Driver/Src/stm32f1xx_hal_spi.o
                0x08003d28                HAL_SPI_Receive
 .text.HAL_SPI_ErrorCallback
                0x08003f50        0x4 ./Drivers/STM32F1xx_HAL_Driver/Src/stm32f1xx_hal_spi.o
                0x08003f50                HAL_SPI_ErrorCallback
 .text.HAL_SPI_IRQHandler
                0x08003f54      0x134 ./Drivers/STM32F1xx_HAL_Driver/Src/stm32f1xx_hal_spi.o
                0x08003f54                HAL_SPI_IRQHandler
 .text.SPI_DMAAbortOnError
                0x08004088       0x10 ./Drivers/STM32F1xx_HAL_Driver/Src/stm32f1xx_hal_spi.o
 .text.HAL_TIM_Base_Init
                0x08004098       0xdc ./Drivers/STM32F1xx_HAL_Driver/Src/stm32f1xx_hal_tim.o
                0x08004098                HAL_TIM_Base_Init
 .text.HAL_TIM_ConfigClockSource
                0x08004174      0x154 ./Drivers/STM32F1xx_HAL_Driver/Src/stm32f1xx_hal_tim.o
                0x08004174                HAL_TIM_ConfigClockSource
 .text.HAL_TIM_PeriodElapsedCallback
                0x080042c8        0x4 ./Drivers/STM32F1xx_HAL_Driver/Src/stm32f1xx_hal_tim.o
                0x080042c8                HAL_TIM_PeriodElapsedCallback
 .text.HAL_TIM_OC_DelayElapsedCallback
                0x080042cc        0x4 ./Drivers/STM32F1xx_HAL_Driver/Src/stm32f1xx_hal_tim.o
                0x080042cc                HAL_TIM_OC_DelayElapsedCallback
 .text.HAL_TIM_IC_CaptureCallback
                0x080042d0        0x4 ./Drivers/STM32F1xx_HAL_Driver/Src/stm32f1xx_hal_tim.o
                0x080042d0                HAL_TIM_IC_CaptureCallback
 .text.HAL_TIM_PWM_PulseFinishedCallback
                0x080042d4        0x4 ./Drivers/STM32F1xx_HAL_Driver/Src/stm32f1xx_hal_tim.o
                0x080042d4                HAL_TIM_PWM_PulseFinishedCallback
 .text.HAL_TIM_TriggerCallback
                0x080042d8        0x4 ./Drivers/STM32F1xx_HAL_Driver/Src/stm32f1xx_hal_tim.o
                0x080042d8                HAL_TIM_TriggerCallback
 .text.HAL_TIM_IRQHandler
                0x080042dc      0x138 ./Drivers/STM32F1xx_HAL_Driver/Src/stm32f1xx_hal_tim.o
                0x080042dc                HAL_TIM_IRQHandler
 .text.HAL_TIMEx_MasterConfigSynchronization
                0x08004414       0x64 ./Drivers/STM32F1xx_HAL_Driver/Src/stm32f1xx_hal_tim_ex.o
                0x08004414                HAL_TIMEx_MasterConfigSynchronization
 .text.HAL_TIMEx_CommutCallback
                0x08004478        0x4 ./Drivers/STM32F1xx_HAL_Driver/Src/stm32f1xx_hal_tim_ex.o
                0x08004478                HAL_TIMEx_CommutCallback
 .text.HAL_TIMEx_BreakCallback
                0x0800447c        0x4 ./Drivers/STM32F1xx_HAL_Driver/Src/stm32f1xx_hal_tim_ex.o
                0x0800447c                HAL_TIMEx_BreakCallback
 .text.HAL_UART_Init
                0x08004480       0xdc ./Drivers/STM32F1xx_HAL_Driver/Src/stm32f1xx_hal_uart.o
                0x08004480                HAL_UART_Init
 .text.HAL_UART_Transmit
                0x0800455c      0x108 ./Drivers/STM32F1xx_HAL_Driver/Src/stm32f1xx_hal_uart.o
                0x0800455c                HAL_UART_Transmit
 .text.HAL_UART_RxHalfCpltCallback
                0x08004664        0x4 ./Drivers/STM32F1xx_HAL_Driver/Src/stm32f1xx_hal_uart.o
                0x08004664                HAL_UART_RxHalfCpltCallback
 .text.UART_DMAError
                0x08004668       0xbc ./Drivers/STM32F1xx_HAL_Driver/Src/stm32f1xx_hal_uart.o
 .text.UART_DMAAbortOnError
                0x08004724       0x10 ./Drivers/STM32F1xx_HAL_Driver/Src/stm32f1xx_hal_uart.o
 .text.HAL_UARTEx_RxEventCallback
                0x08004734        0x4 ./Drivers/STM32F1xx_HAL_Driver/Src/stm32f1xx_hal_uart.o
                0x08004734                HAL_UARTEx_RxEventCallback
 .text.UART_DMARxHalfCplt
                0x08004738       0x20 ./Drivers/STM32F1xx_HAL_Driver/Src/stm32f1xx_hal_uart.o
 .text.UART_DMAReceiveCplt
                0x08004758       0x98 ./Drivers/STM32F1xx_HAL_Driver/Src/stm32f1xx_hal_uart.o
 .text.UART_Receive_IT.part.0.isra.0
                0x080047f0       0xc0 ./Drivers/STM32F1xx_HAL_Driver/Src/stm32f1xx_hal_uart.o
 .text.HAL_UART_IRQHandler
                0x080048b0      0x360 ./Drivers/STM32F1xx_HAL_Driver/Src/stm32f1xx_hal_uart.o
                0x080048b0                HAL_UART_IRQHandler
 .text.UART_Start_Receive_DMA
                0x08004c10       0xa0 ./Drivers/STM32F1xx_HAL_Driver/Src/stm32f1xx_hal_uart.o
                0x08004c10                UART_Start_Receive_DMA
 .text.HAL_UART_Receive_DMA
                0x08004cb0       0x24 ./Drivers/STM32F1xx_HAL_Driver/Src/stm32f1xx_hal_uart.o
                0x08004cb0                HAL_UART_Receive_DMA
 .text.OLED_Init
                0x08004cd4      0x2c0 ./OLED/OLED_I2C.o
                0x08004cd4                OLED_Init
 .text.OLED_Fill
                0x08004f94       0x9c ./OLED/OLED_I2C.o
                0x08004f94                OLED_Fill
 .text.OLED_ShowStr
                0x08005030      0x268 ./OLED/OLED_I2C.o
                0x08005030                OLED_ShowStr
 .text.OLED_ShowCN
                0x08005298      0x138 ./OLED/OLED_I2C.o
                0x08005298                OLED_ShowCN
 .text.osal_Enqueue
                0x080053d0       0x64 ./OSAL/OSAL.o
                0x080053d0                osal_Enqueue
 .text.dwt_xfer3000.constprop.0
                0x08005434       0xa0 D:\bobo\File\xwechat_files\wxid_7pcrj0jpswx422_e57e\msg\file\2026-04\CubeT\CubeT\CubeIde\projectT\Core\Src\libUWBlib.a(deca_device.o)
 .text.dwt_modify32bitoffsetreg.constprop.0
                0x080054d4       0x54 D:\bobo\File\xwechat_files\wxid_7pcrj0jpswx422_e57e\msg\file\2026-04\CubeT\CubeT\CubeIde\projectT\Core\Src\libUWBlib.a(deca_device.o)
 .text.dwt_xfer3000.constprop.1
                0x08005528       0xe0 D:\bobo\File\xwechat_files\wxid_7pcrj0jpswx422_e57e\msg\file\2026-04\CubeT\CubeT\CubeIde\projectT\Core\Src\libUWBlib.a(deca_device.o)
 .text._dwt_prog_ldo_and_bias_tune
                0x08005608       0x78 D:\bobo\File\xwechat_files\wxid_7pcrj0jpswx422_e57e\msg\file\2026-04\CubeT\CubeT\CubeIde\projectT\Core\Src\libUWBlib.a(deca_device.o)
 .text.dwt_write32bitoffsetreg.constprop.0
                0x08005680       0x6c D:\bobo\File\xwechat_files\wxid_7pcrj0jpswx422_e57e\msg\file\2026-04\CubeT\CubeT\CubeIde\projectT\Core\Src\libUWBlib.a(deca_device.o)
 .text._dwt_otpread
                0x080056ec      0x128 D:\bobo\File\xwechat_files\wxid_7pcrj0jpswx422_e57e\msg\file\2026-04\CubeT\CubeT\CubeIde\projectT\Core\Src\libUWBlib.a(deca_device.o)
 .text.dwt_read32bitoffsetreg
                0x08005814       0xd8 D:\bobo\File\xwechat_files\wxid_7pcrj0jpswx422_e57e\msg\file\2026-04\CubeT\CubeT\CubeIde\projectT\Core\Src\libUWBlib.a(deca_device.o)
                0x08005814                dwt_read32bitoffsetreg
 .text.dwt_write32bitoffsetreg
                0x080058ec       0x74 D:\bobo\File\xwechat_files\wxid_7pcrj0jpswx422_e57e\msg\file\2026-04\CubeT\CubeT\CubeIde\projectT\Core\Src\libUWBlib.a(deca_device.o)
                0x080058ec                dwt_write32bitoffsetreg
 .text.dwt_initialise
                0x08005960      0x1b4 D:\bobo\File\xwechat_files\wxid_7pcrj0jpswx422_e57e\msg\file\2026-04\CubeT\CubeT\CubeIde\projectT\Core\Src\libUWBlib.a(deca_device.o)
                0x08005960                dwt_initialise
 .text.dwt_getpartid
                0x08005b14        0xc D:\bobo\File\xwechat_files\wxid_7pcrj0jpswx422_e57e\msg\file\2026-04\CubeT\CubeT\CubeIde\projectT\Core\Src\libUWBlib.a(deca_device.o)
                0x08005b14                dwt_getpartid
 .text.dwt_getlotid
                0x08005b20        0xc D:\bobo\File\xwechat_files\wxid_7pcrj0jpswx422_e57e\msg\file\2026-04\CubeT\CubeT\CubeIde\projectT\Core\Src\libUWBlib.a(deca_device.o)
                0x08005b20                dwt_getlotid
 .text.dwt_configmrxlut
                0x08005b2c      0x180 D:\bobo\File\xwechat_files\wxid_7pcrj0jpswx422_e57e\msg\file\2026-04\CubeT\CubeT\CubeIde\projectT\Core\Src\libUWBlib.a(deca_device.o)
                0x08005b2c                dwt_configmrxlut
 .text.dwt_run_pgfcal
                0x08005cac      0x2b0 D:\bobo\File\xwechat_files\wxid_7pcrj0jpswx422_e57e\msg\file\2026-04\CubeT\CubeT\CubeIde\projectT\Core\Src\libUWBlib.a(deca_device.o)
                0x08005cac                dwt_run_pgfcal
 .text.dwt_pgf_cal
                0x08005f5c       0xe8 D:\bobo\File\xwechat_files\wxid_7pcrj0jpswx422_e57e\msg\file\2026-04\CubeT\CubeT\CubeIde\projectT\Core\Src\libUWBlib.a(deca_device.o)
                0x08005f5c                dwt_pgf_cal
 .text.dwt_configure
                0x08006044      0x704 D:\bobo\File\xwechat_files\wxid_7pcrj0jpswx422_e57e\msg\file\2026-04\CubeT\CubeT\CubeIde\projectT\Core\Src\libUWBlib.a(deca_device.o)
                0x08006044                dwt_configure
 .text.dwt_setrxantennadelay
                0x08006748       0x3c D:\bobo\File\xwechat_files\wxid_7pcrj0jpswx422_e57e\msg\file\2026-04\CubeT\CubeT\CubeIde\projectT\Core\Src\libUWBlib.a(deca_device.o)
                0x08006748                dwt_setrxantennadelay
 .text.dwt_settxantennadelay
                0x08006784       0x40 D:\bobo\File\xwechat_files\wxid_7pcrj0jpswx422_e57e\msg\file\2026-04\CubeT\CubeT\CubeIde\projectT\Core\Src\libUWBlib.a(deca_device.o)
                0x08006784                dwt_settxantennadelay
 .text.dwt_writetxdata
                0x080067c4       0xac D:\bobo\File\xwechat_files\wxid_7pcrj0jpswx422_e57e\msg\file\2026-04\CubeT\CubeT\CubeIde\projectT\Core\Src\libUWBlib.a(deca_device.o)
                0x080067c4                dwt_writetxdata
 .text.dwt_writetxfctrl
                0x08006870       0xe0 D:\bobo\File\xwechat_files\wxid_7pcrj0jpswx422_e57e\msg\file\2026-04\CubeT\CubeT\CubeIde\projectT\Core\Src\libUWBlib.a(deca_device.o)
                0x08006870                dwt_writetxfctrl
 .text.dwt_readrxdata
                0x08006950       0xd0 D:\bobo\File\xwechat_files\wxid_7pcrj0jpswx422_e57e\msg\file\2026-04\CubeT\CubeT\CubeIde\projectT\Core\Src\libUWBlib.a(deca_device.o)
                0x08006950                dwt_readrxdata
 .text.dwt_readstsquality
                0x08006a20       0x94 D:\bobo\File\xwechat_files\wxid_7pcrj0jpswx422_e57e\msg\file\2026-04\CubeT\CubeT\CubeIde\projectT\Core\Src\libUWBlib.a(deca_device.o)
                0x08006a20                dwt_readstsquality
 .text.dwt_readtxtimestamp
                0x08006ab4       0x8c D:\bobo\File\xwechat_files\wxid_7pcrj0jpswx422_e57e\msg\file\2026-04\CubeT\CubeT\CubeIde\projectT\Core\Src\libUWBlib.a(deca_device.o)
                0x08006ab4                dwt_readtxtimestamp
 .text.dwt_readrxtimestamp
                0x08006b40      0x130 D:\bobo\File\xwechat_files\wxid_7pcrj0jpswx422_e57e\msg\file\2026-04\CubeT\CubeT\CubeIde\projectT\Core\Src\libUWBlib.a(deca_device.o)
                0x08006b40                dwt_readrxtimestamp
 .text.dwt_setrxaftertxdelay
                0x08006c70       0xd8 D:\bobo\File\xwechat_files\wxid_7pcrj0jpswx422_e57e\msg\file\2026-04\CubeT\CubeT\CubeIde\projectT\Core\Src\libUWBlib.a(deca_device.o)
                0x08006c70                dwt_setrxaftertxdelay
 .text.dwt_checkidlerc
                0x08006d48       0x88 D:\bobo\File\xwechat_files\wxid_7pcrj0jpswx422_e57e\msg\file\2026-04\CubeT\CubeT\CubeIde\projectT\Core\Src\libUWBlib.a(deca_device.o)
                0x08006d48                dwt_checkidlerc
 .text.dwt_isr  0x08006dd0      0x58c D:\bobo\File\xwechat_files\wxid_7pcrj0jpswx422_e57e\msg\file\2026-04\CubeT\CubeT\CubeIde\projectT\Core\Src\libUWBlib.a(deca_device.o)
                0x08006dd0                dwt_isr
 .text.dwt_setleds
                0x0800735c       0xd8 D:\bobo\File\xwechat_files\wxid_7pcrj0jpswx422_e57e\msg\file\2026-04\CubeT\CubeT\CubeIde\projectT\Core\Src\libUWBlib.a(deca_device.o)
                0x0800735c                dwt_setleds
 .text.dwt_setdelayedtrxtime
                0x08007434       0x40 D:\bobo\File\xwechat_files\wxid_7pcrj0jpswx422_e57e\msg\file\2026-04\CubeT\CubeT\CubeIde\projectT\Core\Src\libUWBlib.a(deca_device.o)
                0x08007434                dwt_setdelayedtrxtime
 .text.dwt_starttx
                0x08007474      0x23c D:\bobo\File\xwechat_files\wxid_7pcrj0jpswx422_e57e\msg\file\2026-04\CubeT\CubeT\CubeIde\projectT\Core\Src\libUWBlib.a(deca_device.o)
                0x08007474                dwt_starttx
 .text.dwt_setrxtimeout
                0x080076b0       0x7c D:\bobo\File\xwechat_files\wxid_7pcrj0jpswx422_e57e\msg\file\2026-04\CubeT\CubeT\CubeIde\projectT\Core\Src\libUWBlib.a(deca_device.o)
                0x080076b0                dwt_setrxtimeout
 .text.dwt_setpreambledetecttimeout
                0x0800772c       0x40 D:\bobo\File\xwechat_files\wxid_7pcrj0jpswx422_e57e\msg\file\2026-04\CubeT\CubeT\CubeIde\projectT\Core\Src\libUWBlib.a(deca_device.o)
                0x0800772c                dwt_setpreambledetecttimeout
 .text.dwt_calcbandwidthadj
                0x0800776c      0x244 D:\bobo\File\xwechat_files\wxid_7pcrj0jpswx422_e57e\msg\file\2026-04\CubeT\CubeT\CubeIde\projectT\Core\Src\libUWBlib.a(deca_device.o)
                0x0800776c                dwt_calcbandwidthadj
 .text.dwt_configuretxrf
                0x080079b0       0xdc D:\bobo\File\xwechat_files\wxid_7pcrj0jpswx422_e57e\msg\file\2026-04\CubeT\CubeT\CubeIde\projectT\Core\Src\libUWBlib.a(deca_device.o)
                0x080079b0                dwt_configuretxrf
 .text.__assert_func
                0x08007a8c       0x3c D:/APP/STM32CubeIDE_1.19.0/STM32CubeIDE/plugins/com.st.stm32cube.ide.mcu.externaltools.gnu-tools-for-stm32.13.3.rel1.win32_1.0.0.202411081344/tools/bin/../lib/gcc/arm-none-eabi/13.3.1/../../../../arm-none-eabi/lib/thumb/v7-m/nofp\libc_nano.a(libc_a-assert.o)
                0x08007a8c                __assert_func
 .text.malloc   0x08007ac8       0x10 D:/APP/STM32CubeIDE_1.19.0/STM32CubeIDE/plugins/com.st.stm32cube.ide.mcu.externaltools.gnu-tools-for-stm32.13.3.rel1.win32_1.0.0.202411081344/tools/bin/../lib/gcc/arm-none-eabi/13.3.1/../../../../arm-none-eabi/lib/thumb/v7-m/nofp\libc_nano.a(libc_a-malloc.o)
                0x08007ac8                malloc
 .text.sbrk_aligned
                0x08007ad8       0x44 D:/APP/STM32CubeIDE_1.19.0/STM32CubeIDE/plugins/com.st.stm32cube.ide.mcu.externaltools.gnu-tools-for-stm32.13.3.rel1.win32_1.0.0.202411081344/tools/bin/../lib/gcc/arm-none-eabi/13.3.1/../../../../arm-none-eabi/lib/thumb/v7-m/nofp\libc_nano.a(libc_a-mallocr.o)
 .text._malloc_r
                0x08007b1c      0x100 D:/APP/STM32CubeIDE_1.19.0/STM32CubeIDE/plugins/com.st.stm32cube.ide.mcu.externaltools.gnu-tools-for-stm32.13.3.rel1.win32_1.0.0.202411081344/tools/bin/../lib/gcc/arm-none-eabi/13.3.1/../../../../arm-none-eabi/lib/thumb/v7-m/nofp\libc_nano.a(libc_a-mallocr.o)
                0x08007b1c                _malloc_r
 .text.__malloc_lock
                0x08007c1c        0xc D:/APP/STM32CubeIDE_1.19.0/STM32CubeIDE/plugins/com.st.stm32cube.ide.mcu.externaltools.gnu-tools-for-stm32.13.3.rel1.win32_1.0.0.202411081344/tools/bin/../lib/gcc/arm-none-eabi/13.3.1/../../../../arm-none-eabi/lib/thumb/v7-m/nofp\libc_nano.a(libc_a-mlock.o)
                0x08007c1c                __malloc_lock
 .text.__malloc_unlock
                0x08007c28        0xc D:/APP/STM32CubeIDE_1.19.0/STM32CubeIDE/plugins/com.st.stm32cube.ide.mcu.externaltools.gnu-tools-for-stm32.13.3.rel1.win32_1.0.0.202411081344/tools/bin/../lib/gcc/arm-none-eabi/13.3.1/../../../../arm-none-eabi/lib/thumb/v7-m/nofp\libc_nano.a(libc_a-mlock.o)
                0x08007c28                __malloc_unlock
 .text.__cvt    0x08007c34       0xc8 D:/APP/STM32CubeIDE_1.19.0/STM32CubeIDE/plugins/com.st.stm32cube.ide.mcu.externaltools.gnu-tools-for-stm32.13.3.rel1.win32_1.0.0.202411081344/tools/bin/../lib/gcc/arm-none-eabi/13.3.1/../../../../arm-none-eabi/lib/thumb/v7-m/nofp\libc_nano.a(libc_a-nano-vfprintf_float.o)
                0x08007c34                __cvt
 .text.__exponent
                0x08007cfc       0x74 D:/APP/STM32CubeIDE_1.19.0/STM32CubeIDE/plugins/com.st.stm32cube.ide.mcu.externaltools.gnu-tools-for-stm32.13.3.rel1.win32_1.0.0.202411081344/tools/bin/../lib/gcc/arm-none-eabi/13.3.1/../../../../arm-none-eabi/lib/thumb/v7-m/nofp\libc_nano.a(libc_a-nano-vfprintf_float.o)
                0x08007cfc                __exponent
 .text._printf_float
                0x08007d70      0x458 D:/APP/STM32CubeIDE_1.19.0/STM32CubeIDE/plugins/com.st.stm32cube.ide.mcu.externaltools.gnu-tools-for-stm32.13.3.rel1.win32_1.0.0.202411081344/tools/bin/../lib/gcc/arm-none-eabi/13.3.1/../../../../arm-none-eabi/lib/thumb/v7-m/nofp\libc_nano.a(libc_a-nano-vfprintf_float.o)
                0x08007d70                _printf_float
 .text._printf_common
                0x080081c8       0xe4 D:/APP/STM32CubeIDE_1.19.0/STM32CubeIDE/plugins/com.st.stm32cube.ide.mcu.externaltools.gnu-tools-for-stm32.13.3.rel1.win32_1.0.0.202411081344/tools/bin/../lib/gcc/arm-none-eabi/13.3.1/../../../../arm-none-eabi/lib/thumb/v7-m/nofp\libc_nano.a(libc_a-nano-vfprintf_i.o)
                0x080081c8                _printf_common
 .text._printf_i
                0x080082ac      0x23c D:/APP/STM32CubeIDE_1.19.0/STM32CubeIDE/plugins/com.st.stm32cube.ide.mcu.externaltools.gnu-tools-for-stm32.13.3.rel1.win32_1.0.0.202411081344/tools/bin/../lib/gcc/arm-none-eabi/13.3.1/../../../../arm-none-eabi/lib/thumb/v7-m/nofp\libc_nano.a(libc_a-nano-vfprintf_i.o)
                0x080082ac                _printf_i
 .text._scanf_float
                0x080084e8      0x414 D:/APP/STM32CubeIDE_1.19.0/STM32CubeIDE/plugins/com.st.stm32cube.ide.mcu.externaltools.gnu-tools-for-stm32.13.3.rel1.win32_1.0.0.202411081344/tools/bin/../lib/gcc/arm-none-eabi/13.3.1/../../../../arm-none-eabi/lib/thumb/v7-m/nofp\libc_nano.a(libc_a-nano-vfscanf_float.o)
                0x080084e8                _scanf_float
 .text.std      0x080088fc       0x6c D:/APP/STM32CubeIDE_1.19.0/STM32CubeIDE/plugins/com.st.stm32cube.ide.mcu.externaltools.gnu-tools-for-stm32.13.3.rel1.win32_1.0.0.202411081344/tools/bin/../lib/gcc/arm-none-eabi/13.3.1/../../../../arm-none-eabi/lib/thumb/v7-m/nofp\libc_nano.a(libc_a-findfp.o)
 .text.stdio_exit_handler
                0x08008968       0x18 D:/APP/STM32CubeIDE_1.19.0/STM32CubeIDE/plugins/com.st.stm32cube.ide.mcu.externaltools.gnu-tools-for-stm32.13.3.rel1.win32_1.0.0.202411081344/tools/bin/../lib/gcc/arm-none-eabi/13.3.1/../../../../arm-none-eabi/lib/thumb/v7-m/nofp\libc_nano.a(libc_a-findfp.o)
 .text.cleanup_stdio
                0x08008980       0x40 D:/APP/STM32CubeIDE_1.19.0/STM32CubeIDE/plugins/com.st.stm32cube.ide.mcu.externaltools.gnu-tools-for-stm32.13.3.rel1.win32_1.0.0.202411081344/tools/bin/../lib/gcc/arm-none-eabi/13.3.1/../../../../arm-none-eabi/lib/thumb/v7-m/nofp\libc_nano.a(libc_a-findfp.o)
 .text.global_stdio_init.part.0
                0x080089c0       0x3c D:/APP/STM32CubeIDE_1.19.0/STM32CubeIDE/plugins/com.st.stm32cube.ide.mcu.externaltools.gnu-tools-for-stm32.13.3.rel1.win32_1.0.0.202411081344/tools/bin/../lib/gcc/arm-none-eabi/13.3.1/../../../../arm-none-eabi/lib/thumb/v7-m/nofp\libc_nano.a(libc_a-findfp.o)
 .text.__sfp_lock_acquire
                0x080089fc        0xc D:/APP/STM32CubeIDE_1.19.0/STM32CubeIDE/plugins/com.st.stm32cube.ide.mcu.externaltools.gnu-tools-for-stm32.13.3.rel1.win32_1.0.0.202411081344/tools/bin/../lib/gcc/arm-none-eabi/13.3.1/../../../../arm-none-eabi/lib/thumb/v7-m/nofp\libc_nano.a(libc_a-findfp.o)
                0x080089fc                __sfp_lock_acquire
 .text.__sfp_lock_release
                0x08008a08        0xc D:/APP/STM32CubeIDE_1.19.0/STM32CubeIDE/plugins/com.st.stm32cube.ide.mcu.externaltools.gnu-tools-for-stm32.13.3.rel1.win32_1.0.0.202411081344/tools/bin/../lib/gcc/arm-none-eabi/13.3.1/../../../../arm-none-eabi/lib/thumb/v7-m/nofp\libc_nano.a(libc_a-findfp.o)
                0x08008a08                __sfp_lock_release
 .text.__sinit  0x08008a14       0x30 D:/APP/STM32CubeIDE_1.19.0/STM32CubeIDE/plugins/com.st.stm32cube.ide.mcu.externaltools.gnu-tools-for-stm32.13.3.rel1.win32_1.0.0.202411081344/tools/bin/../lib/gcc/arm-none-eabi/13.3.1/../../../../arm-none-eabi/lib/thumb/v7-m/nofp\libc_nano.a(libc_a-findfp.o)
                0x08008a14                __sinit
 .text.fprintf  0x08008a44       0x24 D:/APP/STM32CubeIDE_1.19.0/STM32CubeIDE/plugins/com.st.stm32cube.ide.mcu.externaltools.gnu-tools-for-stm32.13.3.rel1.win32_1.0.0.202411081344/tools/bin/../lib/gcc/arm-none-eabi/13.3.1/../../../../arm-none-eabi/lib/thumb/v7-m/nofp\libc_nano.a(libc_a-fprintf.o)
                0x08008a44                fiprintf
                0x08008a44                fprintf
 .text._fwalk_sglue
                0x08008a68       0x3c D:/APP/STM32CubeIDE_1.19.0/STM32CubeIDE/plugins/com.st.stm32cube.ide.mcu.externaltools.gnu-tools-for-stm32.13.3.rel1.win32_1.0.0.202411081344/tools/bin/../lib/gcc/arm-none-eabi/13.3.1/../../../../arm-none-eabi/lib/thumb/v7-m/nofp\libc_nano.a(libc_a-fwalk.o)
                0x08008a68                _fwalk_sglue
 .text.sprintf  0x08008aa4       0x44 D:/APP/STM32CubeIDE_1.19.0/STM32CubeIDE/plugins/com.st.stm32cube.ide.mcu.externaltools.gnu-tools-for-stm32.13.3.rel1.win32_1.0.0.202411081344/tools/bin/../lib/gcc/arm-none-eabi/13.3.1/../../../../arm-none-eabi/lib/thumb/v7-m/nofp\libc_nano.a(libc_a-sprintf.o)
                0x08008aa4                siprintf
                0x08008aa4                sprintf
 .text.__sread  0x08008ae8       0x22 D:/APP/STM32CubeIDE_1.19.0/STM32CubeIDE/plugins/com.st.stm32cube.ide.mcu.externaltools.gnu-tools-for-stm32.13.3.rel1.win32_1.0.0.202411081344/tools/bin/../lib/gcc/arm-none-eabi/13.3.1/../../../../arm-none-eabi/lib/thumb/v7-m/nofp\libc_nano.a(libc_a-stdio.o)
                0x08008ae8                __sread
 .text.__swrite
                0x08008b0a       0x38 D:/APP/STM32CubeIDE_1.19.0/STM32CubeIDE/plugins/com.st.stm32cube.ide.mcu.externaltools.gnu-tools-for-stm32.13.3.rel1.win32_1.0.0.202411081344/tools/bin/../lib/gcc/arm-none-eabi/13.3.1/../../../../arm-none-eabi/lib/thumb/v7-m/nofp\libc_nano.a(libc_a-stdio.o)
                0x08008b0a                __swrite
 .text.__sseek  0x08008b42       0x24 D:/APP/STM32CubeIDE_1.19.0/STM32CubeIDE/plugins/com.st.stm32cube.ide.mcu.externaltools.gnu-tools-for-stm32.13.3.rel1.win32_1.0.0.202411081344/tools/bin/../lib/gcc/arm-none-eabi/13.3.1/../../../../arm-none-eabi/lib/thumb/v7-m/nofp\libc_nano.a(libc_a-stdio.o)
                0x08008b42                __sseek
 .text.__sclose
                0x08008b66        0x8 D:/APP/STM32CubeIDE_1.19.0/STM32CubeIDE/plugins/com.st.stm32cube.ide.mcu.externaltools.gnu-tools-for-stm32.13.3.rel1.win32_1.0.0.202411081344/tools/bin/../lib/gcc/arm-none-eabi/13.3.1/../../../../arm-none-eabi/lib/thumb/v7-m/nofp\libc_nano.a(libc_a-stdio.o)
                0x08008b66                __sclose
 .text._vsnprintf_r
                0x08008b6e       0x5c D:/APP/STM32CubeIDE_1.19.0/STM32CubeIDE/plugins/com.st.stm32cube.ide.mcu.externaltools.gnu-tools-for-stm32.13.3.rel1.win32_1.0.0.202411081344/tools/bin/../lib/gcc/arm-none-eabi/13.3.1/../../../../arm-none-eabi/lib/thumb/v7-m/nofp\libc_nano.a(libc_a-vsnprintf.o)
                0x08008b6e                _vsniprintf_r
                0x08008b6e                _vsnprintf_r
 *fill*         0x08008bca        0x2 
 .text.vsnprintf
                0x08008bcc       0x1c D:/APP/STM32CubeIDE_1.19.0/STM32CubeIDE/plugins/com.st.stm32cube.ide.mcu.externaltools.gnu-tools-for-stm32.13.3.rel1.win32_1.0.0.202411081344/tools/bin/../lib/gcc/arm-none-eabi/13.3.1/../../../../arm-none-eabi/lib/thumb/v7-m/nofp\libc_nano.a(libc_a-vsnprintf.o)
                0x08008bcc                vsniprintf
                0x08008bcc                vsnprintf
 .text.memset   0x08008be8       0x10 D:/APP/STM32CubeIDE_1.19.0/STM32CubeIDE/plugins/com.st.stm32cube.ide.mcu.externaltools.gnu-tools-for-stm32.13.3.rel1.win32_1.0.0.202411081344/tools/bin/../lib/gcc/arm-none-eabi/13.3.1/../../../../arm-none-eabi/lib/thumb/v7-m/nofp\libc_nano.a(libc_a-memset.o)
                0x08008be8                memset
 .text._localeconv_r
                0x08008bf8        0x8 D:/APP/STM32CubeIDE_1.19.0/STM32CubeIDE/plugins/com.st.stm32cube.ide.mcu.externaltools.gnu-tools-for-stm32.13.3.rel1.win32_1.0.0.202411081344/tools/bin/../lib/gcc/arm-none-eabi/13.3.1/../../../../arm-none-eabi/lib/thumb/v7-m/nofp\libc_nano.a(libc_a-localeconv.o)
                0x08008bf8                _localeconv_r
 .text._close_r
                0x08008c00       0x20 D:/APP/STM32CubeIDE_1.19.0/STM32CubeIDE/plugins/com.st.stm32cube.ide.mcu.externaltools.gnu-tools-for-stm32.13.3.rel1.win32_1.0.0.202411081344/tools/bin/../lib/gcc/arm-none-eabi/13.3.1/../../../../arm-none-eabi/lib/thumb/v7-m/nofp\libc_nano.a(libc_a-closer.o)
                0x08008c00                _close_r
 .text._lseek_r
                0x08008c20       0x24 D:/APP/STM32CubeIDE_1.19.0/STM32CubeIDE/plugins/com.st.stm32cube.ide.mcu.externaltools.gnu-tools-for-stm32.13.3.rel1.win32_1.0.0.202411081344/tools/bin/../lib/gcc/arm-none-eabi/13.3.1/../../../../arm-none-eabi/lib/thumb/v7-m/nofp\libc_nano.a(libc_a-lseekr.o)
                0x08008c20                _lseek_r
 .text._read_r  0x08008c44       0x24 D:/APP/STM32CubeIDE_1.19.0/STM32CubeIDE/plugins/com.st.stm32cube.ide.mcu.externaltools.gnu-tools-for-stm32.13.3.rel1.win32_1.0.0.202411081344/tools/bin/../lib/gcc/arm-none-eabi/13.3.1/../../../../arm-none-eabi/lib/thumb/v7-m/nofp\libc_nano.a(libc_a-readr.o)
                0x08008c44                _read_r
 .text._sbrk_r  0x08008c68       0x20 D:/APP/STM32CubeIDE_1.19.0/STM32CubeIDE/plugins/com.st.stm32cube.ide.mcu.externaltools.gnu-tools-for-stm32.13.3.rel1.win32_1.0.0.202411081344/tools/bin/../lib/gcc/arm-none-eabi/13.3.1/../../../../arm-none-eabi/lib/thumb/v7-m/nofp\libc_nano.a(libc_a-sbrkr.o)
                0x08008c68                _sbrk_r
 .text._write_r
                0x08008c88       0x24 D:/APP/STM32CubeIDE_1.19.0/STM32CubeIDE/plugins/com.st.stm32cube.ide.mcu.externaltools.gnu-tools-for-stm32.13.3.rel1.win32_1.0.0.202411081344/tools/bin/../lib/gcc/arm-none-eabi/13.3.1/../../../../arm-none-eabi/lib/thumb/v7-m/nofp\libc_nano.a(libc_a-writer.o)
                0x08008c88                _write_r
 .text.__errno  0x08008cac        0xc D:/APP/STM32CubeIDE_1.19.0/STM32CubeIDE/plugins/com.st.stm32cube.ide.mcu.externaltools.gnu-tools-for-stm32.13.3.rel1.win32_1.0.0.202411081344/tools/bin/../lib/gcc/arm-none-eabi/13.3.1/../../../../arm-none-eabi/lib/thumb/v7-m/nofp\libc_nano.a(libc_a-errno.o)
                0x08008cac                __errno
 .text.__libc_init_array
                0x08008cb8       0x48 D:/APP/STM32CubeIDE_1.19.0/STM32CubeIDE/plugins/com.st.stm32cube.ide.mcu.externaltools.gnu-tools-for-stm32.13.3.rel1.win32_1.0.0.202411081344/tools/bin/../lib/gcc/arm-none-eabi/13.3.1/../../../../arm-none-eabi/lib/thumb/v7-m/nofp\libc_nano.a(libc_a-init.o)
                0x08008cb8                __libc_init_array
 .text.__retarget_lock_init_recursive
                0x08008d00        0x2 D:/APP/STM32CubeIDE_1.19.0/STM32CubeIDE/plugins/com.st.stm32cube.ide.mcu.externaltools.gnu-tools-for-stm32.13.3.rel1.win32_1.0.0.202411081344/tools/bin/../lib/gcc/arm-none-eabi/13.3.1/../../../../arm-none-eabi/lib/thumb/v7-m/nofp\libc_nano.a(libc_a-lock.o)
                0x08008d00                __retarget_lock_init_recursive
 .text.__retarget_lock_acquire_recursive
                0x08008d02        0x2 D:/APP/STM32CubeIDE_1.19.0/STM32CubeIDE/plugins/com.st.stm32cube.ide.mcu.externaltools.gnu-tools-for-stm32.13.3.rel1.win32_1.0.0.202411081344/tools/bin/../lib/gcc/arm-none-eabi/13.3.1/../../../../arm-none-eabi/lib/thumb/v7-m/nofp\libc_nano.a(libc_a-lock.o)
                0x08008d02                __retarget_lock_acquire_recursive
 .text.__retarget_lock_release_recursive
                0x08008d04        0x2 D:/APP/STM32CubeIDE_1.19.0/STM32CubeIDE/plugins/com.st.stm32cube.ide.mcu.externaltools.gnu-tools-for-stm32.13.3.rel1.win32_1.0.0.202411081344/tools/bin/../lib/gcc/arm-none-eabi/13.3.1/../../../../arm-none-eabi/lib/thumb/v7-m/nofp\libc_nano.a(libc_a-lock.o)
                0x08008d04                __retarget_lock_release_recursive
 .text.memchr   0x08008d06       0x1c D:/APP/STM32CubeIDE_1.19.0/STM32CubeIDE/plugins/com.st.stm32cube.ide.mcu.externaltools.gnu-tools-for-stm32.13.3.rel1.win32_1.0.0.202411081344/tools/bin/../lib/gcc/arm-none-eabi/13.3.1/../../../../arm-none-eabi/lib/thumb/v7-m/nofp\libc_nano.a(libc_a-memchr-stub.o)
                0x08008d06                memchr
 .text.memcpy   0x08008d22       0x1c D:/APP/STM32CubeIDE_1.19.0/STM32CubeIDE/plugins/com.st.stm32cube.ide.mcu.externaltools.gnu-tools-for-stm32.13.3.rel1.win32_1.0.0.202411081344/tools/bin/../lib/gcc/arm-none-eabi/13.3.1/../../../../arm-none-eabi/lib/thumb/v7-m/nofp\libc_nano.a(libc_a-memcpy-stub.o)
                0x08008d22                memcpy
 *fill*         0x08008d3e        0x2 
 .text.nanf     0x08008d40        0x8 D:/APP/STM32CubeIDE_1.19.0/STM32CubeIDE/plugins/com.st.stm32cube.ide.mcu.externaltools.gnu-tools-for-stm32.13.3.rel1.win32_1.0.0.202411081344/tools/bin/../lib/gcc/arm-none-eabi/13.3.1/../../../../arm-none-eabi/lib/thumb/v7-m/nofp\libc_nano.a(libm_a-sf_nan.o)
                0x08008d40                nanf
 .text.abort    0x08008d48        0xe D:/APP/STM32CubeIDE_1.19.0/STM32CubeIDE/plugins/com.st.stm32cube.ide.mcu.externaltools.gnu-tools-for-stm32.13.3.rel1.win32_1.0.0.202411081344/tools/bin/../lib/gcc/arm-none-eabi/13.3.1/../../../../arm-none-eabi/lib/thumb/v7-m/nofp\libc_nano.a(libc_a-abort.o)
                0x08008d48                abort
 .text.quorem   0x08008d56      0x110 D:/APP/STM32CubeIDE_1.19.0/STM32CubeIDE/plugins/com.st.stm32cube.ide.mcu.externaltools.gnu-tools-for-stm32.13.3.rel1.win32_1.0.0.202411081344/tools/bin/../lib/gcc/arm-none-eabi/13.3.1/../../../../arm-none-eabi/lib/thumb/v7-m/nofp\libc_nano.a(libc_a-dtoa.o)
 *fill*         0x08008e66        0x2 
 .text._dtoa_r  0x08008e68      0xba8 D:/APP/STM32CubeIDE_1.19.0/STM32CubeIDE/plugins/com.st.stm32cube.ide.mcu.externaltools.gnu-tools-for-stm32.13.3.rel1.win32_1.0.0.202411081344/tools/bin/../lib/gcc/arm-none-eabi/13.3.1/../../../../arm-none-eabi/lib/thumb/v7-m/nofp\libc_nano.a(libc_a-dtoa.o)
                0x08008e68                _dtoa_r
 .text._free_r  0x08009a10       0x90 D:/APP/STM32CubeIDE_1.19.0/STM32CubeIDE/plugins/com.st.stm32cube.ide.mcu.externaltools.gnu-tools-for-stm32.13.3.rel1.win32_1.0.0.202411081344/tools/bin/../lib/gcc/arm-none-eabi/13.3.1/../../../../arm-none-eabi/lib/thumb/v7-m/nofp\libc_nano.a(libc_a-freer.o)
                0x08009a10                _free_r
 .text._Balloc  0x08009aa0       0x80 D:/APP/STM32CubeIDE_1.19.0/STM32CubeIDE/plugins/com.st.stm32cube.ide.mcu.externaltools.gnu-tools-for-stm32.13.3.rel1.win32_1.0.0.202411081344/tools/bin/../lib/gcc/arm-none-eabi/13.3.1/../../../../arm-none-eabi/lib/thumb/v7-m/nofp\libc_nano.a(libc_a-mprec.o)
                0x08009aa0                _Balloc
 .text._Bfree   0x08009b20       0x44 D:/APP/STM32CubeIDE_1.19.0/STM32CubeIDE/plugins/com.st.stm32cube.ide.mcu.externaltools.gnu-tools-for-stm32.13.3.rel1.win32_1.0.0.202411081344/tools/bin/../lib/gcc/arm-none-eabi/13.3.1/../../../../arm-none-eabi/lib/thumb/v7-m/nofp\libc_nano.a(libc_a-mprec.o)
                0x08009b20                _Bfree
 .text.__multadd
                0x08009b64       0x8c D:/APP/STM32CubeIDE_1.19.0/STM32CubeIDE/plugins/com.st.stm32cube.ide.mcu.externaltools.gnu-tools-for-stm32.13.3.rel1.win32_1.0.0.202411081344/tools/bin/../lib/gcc/arm-none-eabi/13.3.1/../../../../arm-none-eabi/lib/thumb/v7-m/nofp\libc_nano.a(libc_a-mprec.o)
                0x08009b64                __multadd
 .text.__s2b    0x08009bf0       0x94 D:/APP/STM32CubeIDE_1.19.0/STM32CubeIDE/plugins/com.st.stm32cube.ide.mcu.externaltools.gnu-tools-for-stm32.13.3.rel1.win32_1.0.0.202411081344/tools/bin/../lib/gcc/arm-none-eabi/13.3.1/../../../../arm-none-eabi/lib/thumb/v7-m/nofp\libc_nano.a(libc_a-mprec.o)
                0x08009bf0                __s2b
 .text.__hi0bits
                0x08009c84       0x3e D:/APP/STM32CubeIDE_1.19.0/STM32CubeIDE/plugins/com.st.stm32cube.ide.mcu.externaltools.gnu-tools-for-stm32.13.3.rel1.win32_1.0.0.202411081344/tools/bin/../lib/gcc/arm-none-eabi/13.3.1/../../../../arm-none-eabi/lib/thumb/v7-m/nofp\libc_nano.a(libc_a-mprec.o)
                0x08009c84                __hi0bits
 .text.__lo0bits
                0x08009cc2       0x5a D:/APP/STM32CubeIDE_1.19.0/STM32CubeIDE/plugins/com.st.stm32cube.ide.mcu.externaltools.gnu-tools-for-stm32.13.3.rel1.win32_1.0.0.202411081344/tools/bin/../lib/gcc/arm-none-eabi/13.3.1/../../../../arm-none-eabi/lib/thumb/v7-m/nofp\libc_nano.a(libc_a-mprec.o)
                0x08009cc2                __lo0bits
 .text.__i2b    0x08009d1c       0x2c D:/APP/STM32CubeIDE_1.19.0/STM32CubeIDE/plugins/com.st.stm32cube.ide.mcu.externaltools.gnu-tools-for-stm32.13.3.rel1.win32_1.0.0.202411081344/tools/bin/../lib/gcc/arm-none-eabi/13.3.1/../../../../arm-none-eabi/lib/thumb/v7-m/nofp\libc_nano.a(libc_a-mprec.o)
                0x08009d1c                __i2b
 .text.__multiply
                0x08009d48      0x144 D:/APP/STM32CubeIDE_1.19.0/STM32CubeIDE/plugins/com.st.stm32cube.ide.mcu.externaltools.gnu-tools-for-stm32.13.3.rel1.win32_1.0.0.202411081344/tools/bin/../lib/gcc/arm-none-eabi/13.3.1/../../../../arm-none-eabi/lib/thumb/v7-m/nofp\libc_nano.a(libc_a-mprec.o)
                0x08009d48                __multiply
 .text.__pow5mult
                0x08009e8c       0xb4 D:/APP/STM32CubeIDE_1.19.0/STM32CubeIDE/plugins/com.st.stm32cube.ide.mcu.externaltools.gnu-tools-for-stm32.13.3.rel1.win32_1.0.0.202411081344/tools/bin/../lib/gcc/arm-none-eabi/13.3.1/../../../../arm-none-eabi/lib/thumb/v7-m/nofp\libc_nano.a(libc_a-mprec.o)
                0x08009e8c                __pow5mult
 .text.__lshift
                0x08009f40       0xd8 D:/APP/STM32CubeIDE_1.19.0/STM32CubeIDE/plugins/com.st.stm32cube.ide.mcu.externaltools.gnu-tools-for-stm32.13.3.rel1.win32_1.0.0.202411081344/tools/bin/../lib/gcc/arm-none-eabi/13.3.1/../../../../arm-none-eabi/lib/thumb/v7-m/nofp\libc_nano.a(libc_a-mprec.o)
                0x08009f40                __lshift
 .text.__mcmp   0x0800a018       0x36 D:/APP/STM32CubeIDE_1.19.0/STM32CubeIDE/plugins/com.st.stm32cube.ide.mcu.externaltools.gnu-tools-for-stm32.13.3.rel1.win32_1.0.0.202411081344/tools/bin/../lib/gcc/arm-none-eabi/13.3.1/../../../../arm-none-eabi/lib/thumb/v7-m/nofp\libc_nano.a(libc_a-mprec.o)
                0x0800a018                __mcmp
 *fill*         0x0800a04e        0x2 
 .text.__mdiff  0x0800a050      0x128 D:/APP/STM32CubeIDE_1.19.0/STM32CubeIDE/plugins/com.st.stm32cube.ide.mcu.externaltools.gnu-tools-for-stm32.13.3.rel1.win32_1.0.0.202411081344/tools/bin/../lib/gcc/arm-none-eabi/13.3.1/../../../../arm-none-eabi/lib/thumb/v7-m/nofp\libc_nano.a(libc_a-mprec.o)
                0x0800a050                __mdiff
 .text.__ulp    0x0800a178       0x40 D:/APP/STM32CubeIDE_1.19.0/STM32CubeIDE/plugins/com.st.stm32cube.ide.mcu.externaltools.gnu-tools-for-stm32.13.3.rel1.win32_1.0.0.202411081344/tools/bin/../lib/gcc/arm-none-eabi/13.3.1/../../../../arm-none-eabi/lib/thumb/v7-m/nofp\libc_nano.a(libc_a-mprec.o)
                0x0800a178                __ulp
 .text.__b2d    0x0800a1b8       0x90 D:/APP/STM32CubeIDE_1.19.0/STM32CubeIDE/plugins/com.st.stm32cube.ide.mcu.externaltools.gnu-tools-for-stm32.13.3.rel1.win32_1.0.0.202411081344/tools/bin/../lib/gcc/arm-none-eabi/13.3.1/../../../../arm-none-eabi/lib/thumb/v7-m/nofp\libc_nano.a(libc_a-mprec.o)
                0x0800a1b8                __b2d
 .text.__d2b    0x0800a248       0xb0 D:/APP/STM32CubeIDE_1.19.0/STM32CubeIDE/plugins/com.st.stm32cube.ide.mcu.externaltools.gnu-tools-for-stm32.13.3.rel1.win32_1.0.0.202411081344/tools/bin/../lib/gcc/arm-none-eabi/13.3.1/../../../../arm-none-eabi/lib/thumb/v7-m/nofp\libc_nano.a(libc_a-mprec.o)
                0x0800a248                __d2b
 .text.__ratio  0x0800a2f8       0x60 D:/APP/STM32CubeIDE_1.19.0/STM32CubeIDE/plugins/com.st.stm32cube.ide.mcu.externaltools.gnu-tools-for-stm32.13.3.rel1.win32_1.0.0.202411081344/tools/bin/../lib/gcc/arm-none-eabi/13.3.1/../../../../arm-none-eabi/lib/thumb/v7-m/nofp\libc_nano.a(libc_a-mprec.o)
                0x0800a2f8                __ratio
 .text.__copybits
                0x0800a358       0x46 D:/APP/STM32CubeIDE_1.19.0/STM32CubeIDE/plugins/com.st.stm32cube.ide.mcu.externaltools.gnu-tools-for-stm32.13.3.rel1.win32_1.0.0.202411081344/tools/bin/../lib/gcc/arm-none-eabi/13.3.1/../../../../arm-none-eabi/lib/thumb/v7-m/nofp\libc_nano.a(libc_a-mprec.o)
                0x0800a358                __copybits
 .text.__any_on
                0x0800a39e       0x42 D:/APP/STM32CubeIDE_1.19.0/STM32CubeIDE/plugins/com.st.stm32cube.ide.mcu.externaltools.gnu-tools-for-stm32.13.3.rel1.win32_1.0.0.202411081344/tools/bin/../lib/gcc/arm-none-eabi/13.3.1/../../../../arm-none-eabi/lib/thumb/v7-m/nofp\libc_nano.a(libc_a-mprec.o)
                0x0800a39e                __any_on
 .text.sulp     0x0800a3e0       0x42 D:/APP/STM32CubeIDE_1.19.0/STM32CubeIDE/plugins/com.st.stm32cube.ide.mcu.externaltools.gnu-tools-for-stm32.13.3.rel1.win32_1.0.0.202411081344/tools/bin/../lib/gcc/arm-none-eabi/13.3.1/../../../../arm-none-eabi/lib/thumb/v7-m/nofp\libc_nano.a(libc_a-strtod.o)
 *fill*         0x0800a422        0x6 
 .text._strtod_l
                0x0800a428      0xbb0 D:/APP/STM32CubeIDE_1.19.0/STM32CubeIDE/plugins/com.st.stm32cube.ide.mcu.externaltools.gnu-tools-for-stm32.13.3.rel1.win32_1.0.0.202411081344/tools/bin/../lib/gcc/arm-none-eabi/13.3.1/../../../../arm-none-eabi/lib/thumb/v7-m/nofp\libc_nano.a(libc_a-strtod.o)
                0x0800a428                _strtod_l
 .text._strtod_r
                0x0800afd8        0xc D:/APP/STM32CubeIDE_1.19.0/STM32CubeIDE/plugins/com.st.stm32cube.ide.mcu.externaltools.gnu-tools-for-stm32.13.3.rel1.win32_1.0.0.202411081344/tools/bin/../lib/gcc/arm-none-eabi/13.3.1/../../../../arm-none-eabi/lib/thumb/v7-m/nofp\libc_nano.a(libc_a-strtod.o)
                0x0800afd8                _strtod_r
 .text._strtol_l.isra.0
                0x0800afe4       0xf4 D:/APP/STM32CubeIDE_1.19.0/STM32CubeIDE/plugins/com.st.stm32cube.ide.mcu.externaltools.gnu-tools-for-stm32.13.3.rel1.win32_1.0.0.202411081344/tools/bin/../lib/gcc/arm-none-eabi/13.3.1/../../../../arm-none-eabi/lib/thumb/v7-m/nofp\libc_nano.a(libc_a-strtol.o)
 .text._strtol_r
                0x0800b0d8        0x4 D:/APP/STM32CubeIDE_1.19.0/STM32CubeIDE/plugins/com.st.stm32cube.ide.mcu.externaltools.gnu-tools-for-stm32.13.3.rel1.win32_1.0.0.202411081344/tools/bin/../lib/gcc/arm-none-eabi/13.3.1/../../../../arm-none-eabi/lib/thumb/v7-m/nofp\libc_nano.a(libc_a-strtol.o)
                0x0800b0d8                _strtol_r
 .text.__ssputs_r
                0x0800b0dc       0xb6 D:/APP/STM32CubeIDE_1.19.0/STM32CubeIDE/plugins/com.st.stm32cube.ide.mcu.externaltools.gnu-tools-for-stm32.13.3.rel1.win32_1.0.0.202411081344/tools/bin/../lib/gcc/arm-none-eabi/13.3.1/../../../../arm-none-eabi/lib/thumb/v7-m/nofp\libc_nano.a(libc_a-nano-svfprintf.o)
                0x0800b0dc                __ssputs_r
 *fill*         0x0800b192        0x2 
 .text._svfprintf_r
                0x0800b194      0x1f8 D:/APP/STM32CubeIDE_1.19.0/STM32CubeIDE/plugins/com.st.stm32cube.ide.mcu.externaltools.gnu-tools-for-stm32.13.3.rel1.win32_1.0.0.202411081344/tools/bin/../lib/gcc/arm-none-eabi/13.3.1/../../../../arm-none-eabi/lib/thumb/v7-m/nofp\libc_nano.a(libc_a-nano-svfprintf.o)
                0x0800b194                _svfiprintf_r
                0x0800b194                _svfprintf_r
 .text.__sfputc_r
                0x0800b38c       0x2a D:/APP/STM32CubeIDE_1.19.0/STM32CubeIDE/plugins/com.st.stm32cube.ide.mcu.externaltools.gnu-tools-for-stm32.13.3.rel1.win32_1.0.0.202411081344/tools/bin/../lib/gcc/arm-none-eabi/13.3.1/../../../../arm-none-eabi/lib/thumb/v7-m/nofp\libc_nano.a(libc_a-nano-vfprintf.o)
 .text.__sfputs_r
                0x0800b3b6       0x24 D:/APP/STM32CubeIDE_1.19.0/STM32CubeIDE/plugins/com.st.stm32cube.ide.mcu.externaltools.gnu-tools-for-stm32.13.3.rel1.win32_1.0.0.202411081344/tools/bin/../lib/gcc/arm-none-eabi/13.3.1/../../../../arm-none-eabi/lib/thumb/v7-m/nofp\libc_nano.a(libc_a-nano-vfprintf.o)
                0x0800b3b6                __sfputs_r
 *fill*         0x0800b3da        0x2 
 .text._vfprintf_r
                0x0800b3dc      0x230 D:/APP/STM32CubeIDE_1.19.0/STM32CubeIDE/plugins/com.st.stm32cube.ide.mcu.externaltools.gnu-tools-for-stm32.13.3.rel1.win32_1.0.0.202411081344/tools/bin/../lib/gcc/arm-none-eabi/13.3.1/../../../../arm-none-eabi/lib/thumb/v7-m/nofp\libc_nano.a(libc_a-nano-vfprintf.o)
                0x0800b3dc                _vfprintf_r
                0x0800b3dc                _vfiprintf_r
 .text.__sflush_r
                0x0800b60c      0x100 D:/APP/STM32CubeIDE_1.19.0/STM32CubeIDE/plugins/com.st.stm32cube.ide.mcu.externaltools.gnu-tools-for-stm32.13.3.rel1.win32_1.0.0.202411081344/tools/bin/../lib/gcc/arm-none-eabi/13.3.1/../../../../arm-none-eabi/lib/thumb/v7-m/nofp\libc_nano.a(libc_a-fflush.o)
                0x0800b60c                __sflush_r
 .text._fflush_r
                0x0800b70c       0x50 D:/APP/STM32CubeIDE_1.19.0/STM32CubeIDE/plugins/com.st.stm32cube.ide.mcu.externaltools.gnu-tools-for-stm32.13.3.rel1.win32_1.0.0.202411081344/tools/bin/../lib/gcc/arm-none-eabi/13.3.1/../../../../arm-none-eabi/lib/thumb/v7-m/nofp\libc_nano.a(libc_a-fflush.o)
                0x0800b70c                _fflush_r
 .text.__swbuf_r
                0x0800b75c       0x7c D:/APP/STM32CubeIDE_1.19.0/STM32CubeIDE/plugins/com.st.stm32cube.ide.mcu.externaltools.gnu-tools-for-stm32.13.3.rel1.win32_1.0.0.202411081344/tools/bin/../lib/gcc/arm-none-eabi/13.3.1/../../../../arm-none-eabi/lib/thumb/v7-m/nofp\libc_nano.a(libc_a-wbuf.o)
                0x0800b75c                __swbuf_r
 .text.__swsetup_r
                0x0800b7d8       0xac D:/APP/STM32CubeIDE_1.19.0/STM32CubeIDE/plugins/com.st.stm32cube.ide.mcu.externaltools.gnu-tools-for-stm32.13.3.rel1.win32_1.0.0.202411081344/tools/bin/../lib/gcc/arm-none-eabi/13.3.1/../../../../arm-none-eabi/lib/thumb/v7-m/nofp\libc_nano.a(libc_a-wsetup.o)
                0x0800b7d8                __swsetup_r
 .text.memmove  0x0800b884       0x34 D:/APP/STM32CubeIDE_1.19.0/STM32CubeIDE/plugins/com.st.stm32cube.ide.mcu.externaltools.gnu-tools-for-stm32.13.3.rel1.win32_1.0.0.202411081344/tools/bin/../lib/gcc/arm-none-eabi/13.3.1/../../../../arm-none-eabi/lib/thumb/v7-m/nofp\libc_nano.a(libc_a-memmove.o)
                0x0800b884                memmove
 .text.strncmp  0x0800b8b8       0x24 D:/APP/STM32CubeIDE_1.19.0/STM32CubeIDE/plugins/com.st.stm32cube.ide.mcu.externaltools.gnu-tools-for-stm32.13.3.rel1.win32_1.0.0.202411081344/tools/bin/../lib/gcc/arm-none-eabi/13.3.1/../../../../arm-none-eabi/lib/thumb/v7-m/nofp\libc_nano.a(libc_a-strncmp.o)
                0x0800b8b8                strncmp
 .text._raise_r
                0x0800b8dc       0x50 D:/APP/STM32CubeIDE_1.19.0/STM32CubeIDE/plugins/com.st.stm32cube.ide.mcu.externaltools.gnu-tools-for-stm32.13.3.rel1.win32_1.0.0.202411081344/tools/bin/../lib/gcc/arm-none-eabi/13.3.1/../../../../arm-none-eabi/lib/thumb/v7-m/nofp\libc_nano.a(libc_a-signal.o)
                0x0800b8dc                _raise_r
 .text.raise    0x0800b92c       0x10 D:/APP/STM32CubeIDE_1.19.0/STM32CubeIDE/plugins/com.st.stm32cube.ide.mcu.externaltools.gnu-tools-for-stm32.13.3.rel1.win32_1.0.0.202411081344/tools/bin/../lib/gcc/arm-none-eabi/13.3.1/../../../../arm-none-eabi/lib/thumb/v7-m/nofp\libc_nano.a(libc_a-signal.o)
                0x0800b92c                raise
 .text._kill_r  0x0800b93c       0x24 D:/APP/STM32CubeIDE_1.19.0/STM32CubeIDE/plugins/com.st.stm32cube.ide.mcu.externaltools.gnu-tools-for-stm32.13.3.rel1.win32_1.0.0.202411081344/tools/bin/../lib/gcc/arm-none-eabi/13.3.1/../../../../arm-none-eabi/lib/thumb/v7-m/nofp\libc_nano.a(libc_a-signalr.o)
                0x0800b93c                _kill_r
 .text._getpid_r
                0x0800b960        0x4 D:/APP/STM32CubeIDE_1.19.0/STM32CubeIDE/plugins/com.st.stm32cube.ide.mcu.externaltools.gnu-tools-for-stm32.13.3.rel1.win32_1.0.0.202411081344/tools/bin/../lib/gcc/arm-none-eabi/13.3.1/../../../../arm-none-eabi/lib/thumb/v7-m/nofp\libc_nano.a(libc_a-signalr.o)
                0x0800b960                _getpid_r
 .text.nan      0x0800b964        0xc D:/APP/STM32CubeIDE_1.19.0/STM32CubeIDE/plugins/com.st.stm32cube.ide.mcu.externaltools.gnu-tools-for-stm32.13.3.rel1.win32_1.0.0.202411081344/tools/bin/../lib/gcc/arm-none-eabi/13.3.1/../../../../arm-none-eabi/lib/thumb/v7-m/nofp\libc_nano.a(libm_a-s_nan.o)
                0x0800b964                nan
 .text._calloc_r
                0x0800b970       0x28 D:/APP/STM32CubeIDE_1.19.0/STM32CubeIDE/plugins/com.st.stm32cube.ide.mcu.externaltools.gnu-tools-for-stm32.13.3.rel1.win32_1.0.0.202411081344/tools/bin/../lib/gcc/arm-none-eabi/13.3.1/../../../../arm-none-eabi/lib/thumb/v7-m/nofp\libc_nano.a(libc_a-callocr.o)
                0x0800b970                _calloc_r
 .text.rshift   0x0800b998       0xa6 D:/APP/STM32CubeIDE_1.19.0/STM32CubeIDE/plugins/com.st.stm32cube.ide.mcu.externaltools.gnu-tools-for-stm32.13.3.rel1.win32_1.0.0.202411081344/tools/bin/../lib/gcc/arm-none-eabi/13.3.1/../../../../arm-none-eabi/lib/thumb/v7-m/nofp\libc_nano.a(libc_a-gdtoa-gethex.o)
 .text.__hexdig_fun
                0x0800ba3e       0x2a D:/APP/STM32CubeIDE_1.19.0/STM32CubeIDE/plugins/com.st.stm32cube.ide.mcu.externaltools.gnu-tools-for-stm32.13.3.rel1.win32_1.0.0.202411081344/tools/bin/../lib/gcc/arm-none-eabi/13.3.1/../../../../arm-none-eabi/lib/thumb/v7-m/nofp\libc_nano.a(libc_a-gdtoa-gethex.o)
                0x0800ba3e                __hexdig_fun
 .text.__gethex
                0x0800ba68      0x420 D:/APP/STM32CubeIDE_1.19.0/STM32CubeIDE/plugins/com.st.stm32cube.ide.mcu.externaltools.gnu-tools-for-stm32.13.3.rel1.win32_1.0.0.202411081344/tools/bin/../lib/gcc/arm-none-eabi/13.3.1/../../../../arm-none-eabi/lib/thumb/v7-m/nofp\libc_nano.a(libc_a-gdtoa-gethex.o)
                0x0800ba68                __gethex
 .text.L_shift  0x0800be88       0x24 D:/APP/STM32CubeIDE_1.19.0/STM32CubeIDE/plugins/com.st.stm32cube.ide.mcu.externaltools.gnu-tools-for-stm32.13.3.rel1.win32_1.0.0.202411081344/tools/bin/../lib/gcc/arm-none-eabi/13.3.1/../../../../arm-none-eabi/lib/thumb/v7-m/nofp\libc_nano.a(libc_a-gdtoa-hexnan.o)
 .text.__match  0x0800beac       0x28 D:/APP/STM32CubeIDE_1.19.0/STM32CubeIDE/plugins/com.st.stm32cube.ide.mcu.externaltools.gnu-tools-for-stm32.13.3.rel1.win32_1.0.0.202411081344/tools/bin/../lib/gcc/arm-none-eabi/13.3.1/../../../../arm-none-eabi/lib/thumb/v7-m/nofp\libc_nano.a(libc_a-gdtoa-hexnan.o)
                0x0800beac                __match
 .text.__hexnan
                0x0800bed4      0x136 D:/APP/STM32CubeIDE_1.19.0/STM32CubeIDE/plugins/com.st.stm32cube.ide.mcu.externaltools.gnu-tools-for-stm32.13.3.rel1.win32_1.0.0.202411081344/tools/bin/../lib/gcc/arm-none-eabi/13.3.1/../../../../arm-none-eabi/lib/thumb/v7-m/nofp\libc_nano.a(libc_a-gdtoa-hexnan.o)
                0x0800bed4                __hexnan
 .text.__ascii_mbtowc
                0x0800c00a       0x24 D:/APP/STM32CubeIDE_1.19.0/STM32CubeIDE/plugins/com.st.stm32cube.ide.mcu.externaltools.gnu-tools-for-stm32.13.3.rel1.win32_1.0.0.202411081344/tools/bin/../lib/gcc/arm-none-eabi/13.3.1/../../../../arm-none-eabi/lib/thumb/v7-m/nofp\libc_nano.a(libc_a-mbtowc_r.o)
                0x0800c00a                __ascii_mbtowc
 .text._realloc_r
                0x0800c02e       0x5c D:/APP/STM32CubeIDE_1.19.0/STM32CubeIDE/plugins/com.st.stm32cube.ide.mcu.externaltools.gnu-tools-for-stm32.13.3.rel1.win32_1.0.0.202411081344/tools/bin/../lib/gcc/arm-none-eabi/13.3.1/../../../../arm-none-eabi/lib/thumb/v7-m/nofp\libc_nano.a(libc_a-reallocr.o)
                0x0800c02e                _realloc_r
 .text.__ascii_wctomb
                0x0800c08a       0x1a D:/APP/STM32CubeIDE_1.19.0/STM32CubeIDE/plugins/com.st.stm32cube.ide.mcu.externaltools.gnu-tools-for-stm32.13.3.rel1.win32_1.0.0.202411081344/tools/bin/../lib/gcc/arm-none-eabi/13.3.1/../../../../arm-none-eabi/lib/thumb/v7-m/nofp\libc_nano.a(libc_a-wctomb_r.o)
                0x0800c08a                __ascii_wctomb
 .text.__swhatbuf_r
                0x0800c0a4       0x4a D:/APP/STM32CubeIDE_1.19.0/STM32CubeIDE/plugins/com.st.stm32cube.ide.mcu.externaltools.gnu-tools-for-stm32.13.3.rel1.win32_1.0.0.202411081344/tools/bin/../lib/gcc/arm-none-eabi/13.3.1/../../../../arm-none-eabi/lib/thumb/v7-m/nofp\libc_nano.a(libc_a-makebuf.o)
                0x0800c0a4                __swhatbuf_r
 .text.__smakebuf_r
                0x0800c0ee       0x78 D:/APP/STM32CubeIDE_1.19.0/STM32CubeIDE/plugins/com.st.stm32cube.ide.mcu.externaltools.gnu-tools-for-stm32.13.3.rel1.win32_1.0.0.202411081344/tools/bin/../lib/gcc/arm-none-eabi/13.3.1/../../../../arm-none-eabi/lib/thumb/v7-m/nofp\libc_nano.a(libc_a-makebuf.o)
                0x0800c0ee                __smakebuf_r
 *fill*         0x0800c166        0x2 
 .text._fstat_r
                0x0800c168       0x24 D:/APP/STM32CubeIDE_1.19.0/STM32CubeIDE/plugins/com.st.stm32cube.ide.mcu.externaltools.gnu-tools-for-stm32.13.3.rel1.win32_1.0.0.202411081344/tools/bin/../lib/gcc/arm-none-eabi/13.3.1/../../../../arm-none-eabi/lib/thumb/v7-m/nofp\libc_nano.a(libc_a-fstatr.o)
                0x0800c168                _fstat_r
 .text._isatty_r
                0x0800c18c       0x20 D:/APP/STM32CubeIDE_1.19.0/STM32CubeIDE/plugins/com.st.stm32cube.ide.mcu.externaltools.gnu-tools-for-stm32.13.3.rel1.win32_1.0.0.202411081344/tools/bin/../lib/gcc/arm-none-eabi/13.3.1/../../../../arm-none-eabi/lib/thumb/v7-m/nofp\libc_nano.a(libc_a-isattyr.o)
                0x0800c18c                _isatty_r
 .text._malloc_usable_size_r
                0x0800c1ac       0x10 D:/APP/STM32CubeIDE_1.19.0/STM32CubeIDE/plugins/com.st.stm32cube.ide.mcu.externaltools.gnu-tools-for-stm32.13.3.rel1.win32_1.0.0.202411081344/tools/bin/../lib/gcc/arm-none-eabi/13.3.1/../../../../arm-none-eabi/lib/thumb/v7-m/nofp\libc_nano.a(libc_a-msizer.o)
                0x0800c1ac                _malloc_usable_size_r
 *(.glue_7)
 .glue_7        0x0800c1bc        0x0 linker stubs
 *(.glue_7t)
 .glue_7t       0x0800c1bc        0x0 linker stubs
 *(.eh_frame)
 .eh_frame      0x0800c1bc        0x0 D:/APP/STM32CubeIDE_1.19.0/STM32CubeIDE/plugins/com.st.stm32cube.ide.mcu.externaltools.gnu-tools-for-stm32.13.3.rel1.win32_1.0.0.202411081344/tools/bin/../lib/gcc/arm-none-eabi/13.3.1/thumb/v7-m/nofp/crtbegin.o
 *(.init)
 .init          0x0800c1bc        0x4 D:/APP/STM32CubeIDE_1.19.0/STM32CubeIDE/plugins/com.st.stm32cube.ide.mcu.externaltools.gnu-tools-for-stm32.13.3.rel1.win32_1.0.0.202411081344/tools/bin/../lib/gcc/arm-none-eabi/13.3.1/thumb/v7-m/nofp/crti.o
                0x0800c1bc                _init
 .init          0x0800c1c0        0x8 D:/APP/STM32CubeIDE_1.19.0/STM32CubeIDE/plugins/com.st.stm32cube.ide.mcu.externaltools.gnu-tools-for-stm32.13.3.rel1.win32_1.0.0.202411081344/tools/bin/../lib/gcc/arm-none-eabi/13.3.1/thumb/v7-m/nofp/crtn.o
 *(.fini)
 .fini          0x0800c1c8        0x4 D:/APP/STM32CubeIDE_1.19.0/STM32CubeIDE/plugins/com.st.stm32cube.ide.mcu.externaltools.gnu-tools-for-stm32.13.3.rel1.win32_1.0.0.202411081344/tools/bin/../lib/gcc/arm-none-eabi/13.3.1/thumb/v7-m/nofp/crti.o
                0x0800c1c8                _fini
 .fini          0x0800c1cc        0x8 D:/APP/STM32CubeIDE_1.19.0/STM32CubeIDE/plugins/com.st.stm32cube.ide.mcu.externaltools.gnu-tools-for-stm32.13.3.rel1.win32_1.0.0.202411081344/tools/bin/../lib/gcc/arm-none-eabi/13.3.1/thumb/v7-m/nofp/crtn.o
                0x0800c1d4                        . = ALIGN (0x4)
                0x0800c1d4                        _etext = .

.vfp11_veneer   0x0800c1d4        0x0
 .vfp11_veneer  0x0800c1d4        0x0 linker stubs

.v4_bx          0x0800c1d4        0x0
 .v4_bx         0x0800c1d4        0x0 linker stubs

.iplt           0x0800c1d4        0x0
 .iplt          0x0800c1d4        0x0 D:/APP/STM32CubeIDE_1.19.0/STM32CubeIDE/plugins/com.st.stm32cube.ide.mcu.externaltools.gnu-tools-for-stm32.13.3.rel1.win32_1.0.0.202411081344/tools/bin/../lib/gcc/arm-none-eabi/13.3.1/thumb/v7-m/nofp/crtbegin.o

.rodata         0x0800c1d8      0xda0
                0x0800c1d8                        . = ALIGN (0x4)
 *(.rodata)
 *(.rodata*)
 .rodata.APBPrescTable
                0x0800c1d8        0x8 ./Core/Src/system_stm32f1xx.o
                0x0800c1d8                APBPrescTable
 .rodata.AHBPrescTable
                0x0800c1e0       0x10 ./Core/Src/system_stm32f1xx.o
                0x0800c1e0                AHBPrescTable
 .rodata.discovery_process.str1.4
                0x0800c1f0       0xfa ./DW/Examples/ds_twr_sts_sdc_initiator.o
                                 0x37 (size before relaxing)
 .rodata.ds_twr_sts_sdc_initiator.str1.4
                0x0800c2ea       0x67 ./DW/Examples/ds_twr_sts_sdc_initiator.o
 *fill*         0x0800c2ea        0x2 
 .rodata.aPredivFactorTable.0
                0x0800c2ec        0x2 ./Drivers/STM32F1xx_HAL_Driver/Src/stm32f1xx_hal_rcc.o
 *fill*         0x0800c2ee        0x2 
 .rodata.aPLLMULFactorTable.1
                0x0800c2f0       0x10 ./Drivers/STM32F1xx_HAL_Driver/Src/stm32f1xx_hal_rcc.o
 .rodata.F8X16  0x0800c300      0x5f0 ./OLED/OLED_I2C.o
                0x0800c300                F8X16
 .rodata.F6x8   0x0800c8f0      0x228 ./OLED/OLED_I2C.o
                0x0800c8f0                F6x8
 .rodata.dwt_xfer3000.constprop.0.str1.4
                0x0800cb18       0x40 D:\bobo\File\xwechat_files\wxid_7pcrj0jpswx422_e57e\msg\file\2026-04\CubeT\CubeT\CubeIde\projectT\Core\Src\libUWBlib.a(deca_device.o)
 .rodata.dwt_xfer3000.constprop.1.str1.4
                0x0800cb18       0x1a D:\bobo\File\xwechat_files\wxid_7pcrj0jpswx422_e57e\msg\file\2026-04\CubeT\CubeT\CubeIde\projectT\Core\Src\libUWBlib.a(deca_device.o)
 .rodata.CSWTCH.241
                0x0800cb18       0x1c D:\bobo\File\xwechat_files\wxid_7pcrj0jpswx422_e57e\msg\file\2026-04\CubeT\CubeT\CubeIde\projectT\Core\Src\libUWBlib.a(deca_device.o)
 .rodata.__func__.1
                0x0800cb34        0xd D:\bobo\File\xwechat_files\wxid_7pcrj0jpswx422_e57e\msg\file\2026-04\CubeT\CubeT\CubeIde\projectT\Core\Src\libUWBlib.a(deca_device.o)
 *fill*         0x0800cb41        0x3 
 .rodata.sts_length_factors
                0x0800cb44        0xe D:\bobo\File\xwechat_files\wxid_7pcrj0jpswx422_e57e\msg\file\2026-04\CubeT\CubeT\CubeIde\projectT\Core\Src\libUWBlib.a(deca_device.o)
                0x0800cb44                sts_length_factors
 .rodata.__assert_func.str1.1
                0x0800cb52      0x1d6 D:/APP/STM32CubeIDE_1.19.0/STM32CubeIDE/plugins/com.st.stm32cube.ide.mcu.externaltools.gnu-tools-for-stm32.13.3.rel1.win32_1.0.0.202411081344/tools/bin/../lib/gcc/arm-none-eabi/13.3.1/../../../../arm-none-eabi/lib/thumb/v7-m/nofp\libc_nano.a(libc_a-assert.o)
                                 0x3d (size before relaxing)
 .rodata._ctype_
                0x0800cd28      0x101 D:/APP/STM32CubeIDE_1.19.0/STM32CubeIDE/plugins/com.st.stm32cube.ide.mcu.externaltools.gnu-tools-for-stm32.13.3.rel1.win32_1.0.0.202411081344/tools/bin/../lib/gcc/arm-none-eabi/13.3.1/../../../../arm-none-eabi/lib/thumb/v7-m/nofp\libc_nano.a(libc_a-ctype_.o)
                0x0800cd28                _ctype_
 .rodata._printf_float.str1.1
                0x0800ce29       0x12 D:/APP/STM32CubeIDE_1.19.0/STM32CubeIDE/plugins/com.st.stm32cube.ide.mcu.externaltools.gnu-tools-for-stm32.13.3.rel1.win32_1.0.0.202411081344/tools/bin/../lib/gcc/arm-none-eabi/13.3.1/../../../../arm-none-eabi/lib/thumb/v7-m/nofp\libc_nano.a(libc_a-nano-vfprintf_float.o)
 .rodata._printf_i.str1.1
                0x0800ce29       0x22 D:/APP/STM32CubeIDE_1.19.0/STM32CubeIDE/plugins/com.st.stm32cube.ide.mcu.externaltools.gnu-tools-for-stm32.13.3.rel1.win32_1.0.0.202411081344/tools/bin/../lib/gcc/arm-none-eabi/13.3.1/../../../../arm-none-eabi/lib/thumb/v7-m/nofp\libc_nano.a(libc_a-nano-vfprintf_i.o)
 .rodata._scanf_float.str1.1
                0x0800ce29        0x6 D:/APP/STM32CubeIDE_1.19.0/STM32CubeIDE/plugins/com.st.stm32cube.ide.mcu.externaltools.gnu-tools-for-stm32.13.3.rel1.win32_1.0.0.202411081344/tools/bin/../lib/gcc/arm-none-eabi/13.3.1/../../../../arm-none-eabi/lib/thumb/v7-m/nofp\libc_nano.a(libc_a-nano-vfscanf_float.o)
 .rodata._dtoa_r.str1.1
                0x0800ce29       0x8f D:/APP/STM32CubeIDE_1.19.0/STM32CubeIDE/plugins/com.st.stm32cube.ide.mcu.externaltools.gnu-tools-for-stm32.13.3.rel1.win32_1.0.0.202411081344/tools/bin/../lib/gcc/arm-none-eabi/13.3.1/../../../../arm-none-eabi/lib/thumb/v7-m/nofp\libc_nano.a(libc_a-dtoa.o)
 .rodata._Balloc.str1.1
                0x0800ce29       0x70 D:/APP/STM32CubeIDE_1.19.0/STM32CubeIDE/plugins/com.st.stm32cube.ide.mcu.externaltools.gnu-tools-for-stm32.13.3.rel1.win32_1.0.0.202411081344/tools/bin/../lib/gcc/arm-none-eabi/13.3.1/../../../../arm-none-eabi/lib/thumb/v7-m/nofp\libc_nano.a(libc_a-mprec.o)
 .rodata.__multadd.str1.1
                0x0800ce29       0x11 D:/APP/STM32CubeIDE_1.19.0/STM32CubeIDE/plugins/com.st.stm32cube.ide.mcu.externaltools.gnu-tools-for-stm32.13.3.rel1.win32_1.0.0.202411081344/tools/bin/../lib/gcc/arm-none-eabi/13.3.1/../../../../arm-none-eabi/lib/thumb/v7-m/nofp\libc_nano.a(libc_a-mprec.o)
 *fill*         0x0800ce29        0x3 
 .rodata.p05.0  0x0800ce2c        0xc D:/APP/STM32CubeIDE_1.19.0/STM32CubeIDE/plugins/com.st.stm32cube.ide.mcu.externaltools.gnu-tools-for-stm32.13.3.rel1.win32_1.0.0.202411081344/tools/bin/../lib/gcc/arm-none-eabi/13.3.1/../../../../arm-none-eabi/lib/thumb/v7-m/nofp\libc_nano.a(libc_a-mprec.o)
 .rodata.__mprec_bigtens
                0x0800ce38       0x28 D:/APP/STM32CubeIDE_1.19.0/STM32CubeIDE/plugins/com.st.stm32cube.ide.mcu.externaltools.gnu-tools-for-stm32.13.3.rel1.win32_1.0.0.202411081344/tools/bin/../lib/gcc/arm-none-eabi/13.3.1/../../../../arm-none-eabi/lib/thumb/v7-m/nofp\libc_nano.a(libc_a-mprec.o)
                0x0800ce38                __mprec_bigtens
 .rodata.__mprec_tens
                0x0800ce60       0xc8 D:/APP/STM32CubeIDE_1.19.0/STM32CubeIDE/plugins/com.st.stm32cube.ide.mcu.externaltools.gnu-tools-for-stm32.13.3.rel1.win32_1.0.0.202411081344/tools/bin/../lib/gcc/arm-none-eabi/13.3.1/../../../../arm-none-eabi/lib/thumb/v7-m/nofp\libc_nano.a(libc_a-mprec.o)
                0x0800ce60                __mprec_tens
 .rodata._strtod_l.str1.1
                0x0800cf28        0xf D:/APP/STM32CubeIDE_1.19.0/STM32CubeIDE/plugins/com.st.stm32cube.ide.mcu.externaltools.gnu-tools-for-stm32.13.3.rel1.win32_1.0.0.202411081344/tools/bin/../lib/gcc/arm-none-eabi/13.3.1/../../../../arm-none-eabi/lib/thumb/v7-m/nofp\libc_nano.a(libc_a-strtod.o)
 .rodata.fpinan.0
                0x0800cf28       0x14 D:/APP/STM32CubeIDE_1.19.0/STM32CubeIDE/plugins/com.st.stm32cube.ide.mcu.externaltools.gnu-tools-for-stm32.13.3.rel1.win32_1.0.0.202411081344/tools/bin/../lib/gcc/arm-none-eabi/13.3.1/../../../../arm-none-eabi/lib/thumb/v7-m/nofp\libc_nano.a(libc_a-strtod.o)
 .rodata.fpi.1  0x0800cf3c       0x14 D:/APP/STM32CubeIDE_1.19.0/STM32CubeIDE/plugins/com.st.stm32cube.ide.mcu.externaltools.gnu-tools-for-stm32.13.3.rel1.win32_1.0.0.202411081344/tools/bin/../lib/gcc/arm-none-eabi/13.3.1/../../../../arm-none-eabi/lib/thumb/v7-m/nofp\libc_nano.a(libc_a-strtod.o)
 .rodata.tinytens
                0x0800cf50       0x28 D:/APP/STM32CubeIDE_1.19.0/STM32CubeIDE/plugins/com.st.stm32cube.ide.mcu.externaltools.gnu-tools-for-stm32.13.3.rel1.win32_1.0.0.202411081344/tools/bin/../lib/gcc/arm-none-eabi/13.3.1/../../../../arm-none-eabi/lib/thumb/v7-m/nofp\libc_nano.a(libc_a-strtod.o)
 .rodata._svfprintf_r.str1.1
                0x0800cf78       0x11 D:/APP/STM32CubeIDE_1.19.0/STM32CubeIDE/plugins/com.st.stm32cube.ide.mcu.externaltools.gnu-tools-for-stm32.13.3.rel1.win32_1.0.0.202411081344/tools/bin/../lib/gcc/arm-none-eabi/13.3.1/../../../../arm-none-eabi/lib/thumb/v7-m/nofp\libc_nano.a(libc_a-nano-svfprintf.o)
 .rodata._vfprintf_r.str1.1
                0x0800cf78       0x11 D:/APP/STM32CubeIDE_1.19.0/STM32CubeIDE/plugins/com.st.stm32cube.ide.mcu.externaltools.gnu-tools-for-stm32.13.3.rel1.win32_1.0.0.202411081344/tools/bin/../lib/gcc/arm-none-eabi/13.3.1/../../../../arm-none-eabi/lib/thumb/v7-m/nofp\libc_nano.a(libc_a-nano-vfprintf.o)
 .rodata._setlocale_r.str1.1
                0x0800cf78        0x9 D:/APP/STM32CubeIDE_1.19.0/STM32CubeIDE/plugins/com.st.stm32cube.ide.mcu.externaltools.gnu-tools-for-stm32.13.3.rel1.win32_1.0.0.202411081344/tools/bin/../lib/gcc/arm-none-eabi/13.3.1/../../../../arm-none-eabi/lib/thumb/v7-m/nofp\libc_nano.a(libc_a-locale.o)
 .rodata.str1.1
                0x0800cf78        0x2 D:/APP/STM32CubeIDE_1.19.0/STM32CubeIDE/plugins/com.st.stm32cube.ide.mcu.externaltools.gnu-tools-for-stm32.13.3.rel1.win32_1.0.0.202411081344/tools/bin/../lib/gcc/arm-none-eabi/13.3.1/../../../../arm-none-eabi/lib/thumb/v7-m/nofp\libc_nano.a(libc_a-locale.o)
 .rodata.__gethex.str1.1
                0x0800cf78       0x73 D:/APP/STM32CubeIDE_1.19.0/STM32CubeIDE/plugins/com.st.stm32cube.ide.mcu.externaltools.gnu-tools-for-stm32.13.3.rel1.win32_1.0.0.202411081344/tools/bin/../lib/gcc/arm-none-eabi/13.3.1/../../../../arm-none-eabi/lib/thumb/v7-m/nofp\libc_nano.a(libc_a-gdtoa-gethex.o)
                0x0800cfec                        . = ALIGN (0x4)

.ARM.extab      0x0800cf78        0x0
                0x0800cf78                        . = ALIGN (0x4)
 *(.ARM.extab* .gnu.linkonce.armextab.*)
                0x0800cf78                        . = ALIGN (0x4)

.ARM            0x0800cf78        0x8
                0x0800cf78                        . = ALIGN (0x4)
                0x0800cf78                        __exidx_start = .
 *(.ARM.exidx*)
 .ARM.exidx     0x0800cf78        0x8 D:/APP/STM32CubeIDE_1.19.0/STM32CubeIDE/plugins/com.st.stm32cube.ide.mcu.externaltools.gnu-tools-for-stm32.13.3.rel1.win32_1.0.0.202411081344/tools/bin/../lib/gcc/arm-none-eabi/13.3.1/../../../../arm-none-eabi/lib/thumb/v7-m/nofp\libc_nano.a(libc_a-strlen.o)
                0x0800cf80                        __exidx_end = .
                0x0800cf80                        . = ALIGN (0x4)

.preinit_array  0x0800cf80        0x0
                0x0800cf80                        . = ALIGN (0x4)
                0x0800cf80                        PROVIDE (__preinit_array_start = .)
 *(.preinit_array*)
                0x0800cf80                        PROVIDE (__preinit_array_end = .)
                0x0800cf80                        . = ALIGN (0x4)

.init_array     0x0800cf80        0x4
                0x0800cf80                        . = ALIGN (0x4)
                0x0800cf80                        PROVIDE (__init_array_start = .)
 *(SORT_BY_NAME(.init_array.*))
 *(.init_array*)
 .init_array    0x0800cf80        0x4 D:/APP/STM32CubeIDE_1.19.0/STM32CubeIDE/plugins/com.st.stm32cube.ide.mcu.externaltools.gnu-tools-for-stm32.13.3.rel1.win32_1.0.0.202411081344/tools/bin/../lib/gcc/arm-none-eabi/13.3.1/thumb/v7-m/nofp/crtbegin.o
                0x0800cf84                        PROVIDE (__init_array_end = .)
                0x0800cf84                        . = ALIGN (0x4)

.fini_array     0x0800cf84        0x4
                0x0800cf84                        . = ALIGN (0x4)
                [!provide]                        PROVIDE (__fini_array_start = .)
 *(SORT_BY_NAME(.fini_array.*))
 *(.fini_array*)
 .fini_array    0x0800cf84        0x4 D:/APP/STM32CubeIDE_1.19.0/STM32CubeIDE/plugins/com.st.stm32cube.ide.mcu.externaltools.gnu-tools-for-stm32.13.3.rel1.win32_1.0.0.202411081344/tools/bin/../lib/gcc/arm-none-eabi/13.3.1/thumb/v7-m/nofp/crtbegin.o
                [!provide]                        PROVIDE (__fini_array_end = .)
                0x0800cf88                        . = ALIGN (0x4)
                0x0800cf88                        _sidata = LOADADDR (.data)

.rel.dyn        0x0800cf88        0x0