../Middlewares/ST/STM32_USB_Device_Library/Core/Src/usbd_ioreq.c:93:20:USBD_CtlSendData	8	static
../Middlewares/ST/STM32_USB_Device_Library/Core/Src/usbd_ioreq.c:115:20:USBD_CtlContinueSendData	8	static
../Middlewares/ST/STM32_USB_Device_Library/Core/Src/usbd_ioreq.c:132:20:USBD_CtlPrepareRx	8	static
../Middlewares/ST/STM32_USB_Device_Library/Core/Src/usbd_ioreq.c:154:20:USBD_CtlContinueRx	8	static
../Middlewares/ST/STM32_USB_Device_Library/Core/Src/usbd_ioreq.c:168:20:USBD_CtlSendStatus	8	static
../Middlewares/ST/STM32_USB_Device_Library/Core/Src/usbd_ioreq.c:185:20:USBD_CtlReceiveStatus	8	static
../Middlewares/ST/STM32_USB_Device_Library/Core/Src/usbd_ioreq.c:203:10:USBD_GetRxCount	0	static
