Archive member included to satisfy reference by file (symbol)

D:\bobo\File\xwechat_files\wxid_7pcrj0jpswx422_e57e\msg\file\2026-04\project\project\Core\Src\libUWBlib.a(deca_device.o)
                              ./DW/Examples/ds_twr_sts_sdc_responder.o (dwt_read32bitoffsetreg)
D:/APP/STM32CubeIDE_1.19.0/STM32CubeIDE/plugins/com.st.stm32cube.ide.mcu.externaltools.gnu-tools-for-stm32.13.3.rel1.win32_1.0.0.202411081344/tools/bin/../lib/gcc/arm-none-eabi/13.3.1/../../../../arm-none-eabi/lib/thumb/v7-m/nofp\libc_nano.a(libc_a-assert.o)
                              D:\bobo\File\xwechat_files\wxid_7pcrj0jpswx422_e57e\msg\file\2026-04\project\project\Core\Src\libUWBlib.a(deca_device.o) (__assert_func)
D:/APP/STM32CubeIDE_1.19.0/STM32CubeIDE/plugins/com.st.stm32cube.ide.mcu.externaltools.gnu-tools-for-stm32.13.3.rel1.win32_1.0.0.202411081344/tools/bin/../lib/gcc/arm-none-eabi/13.3.1/../../../../arm-none-eabi/lib/thumb/v7-m/nofp\libc_nano.a(libc_a-exit.o)
                              D:/APP/STM32CubeIDE_1.19.0/STM32CubeIDE/plugins/com.st.stm32cube.ide.mcu.externaltools.gnu-tools-for-stm32.13.3.rel1.win32_1.0.0.202411081344/tools/bin/../lib/gcc/arm-none-eabi/13.3.1/../../../../arm-none-eabi/lib/thumb/v7-m/nofp/crt0.o (exit)
D:/APP/STM32CubeIDE_1.19.0/STM32CubeIDE/plugins/com.st.stm32cube.ide.mcu.externaltools.gnu-tools-for-stm32.13.3.rel1.win32_1.0.0.202411081344/tools/bin/../lib/gcc/arm-none-eabi/13.3.1/../../../../arm-none-eabi/lib/thumb/v7-m/nofp\libc_nano.a(libc_a-malloc.o)
                              ./APP/cmd.o (malloc)
D:/APP/STM32CubeIDE_1.19.0/STM32CubeIDE/plugins/com.st.stm32cube.ide.mcu.externaltools.gnu-tools-for-stm32.13.3.rel1.win32_1.0.0.202411081344/tools/bin/../lib/gcc/arm-none-eabi/13.3.1/../../../../arm-none-eabi/lib/thumb/v7-m/nofp\libc_nano.a(libc_a-mallocr.o)
                              D:/APP/STM32CubeIDE_1.19.0/STM32CubeIDE/plugins/com.st.stm32cube.ide.mcu.externaltools.gnu-tools-for-stm32.13.3.rel1.win32_1.0.0.202411081344/tools/bin/../lib/gcc/arm-none-eabi/13.3.1/../../../../arm-none-eabi/lib/thumb/v7-m/nofp\libc_nano.a(libc_a-malloc.o) (_malloc_r)
D:/APP/STM32CubeIDE_1.19.0/STM32CubeIDE/plugins/com.st.stm32cube.ide.mcu.externaltools.gnu-tools-for-stm32.13.3.rel1.win32_1.0.0.202411081344/tools/bin/../lib/gcc/arm-none-eabi/13.3.1/../../../../arm-none-eabi/lib/thumb/v7-m/nofp\libc_nano.a(libc_a-mlock.o)
                              D:/APP/STM32CubeIDE_1.19.0/STM32CubeIDE/plugins/com.st.stm32cube.ide.mcu.externaltools.gnu-tools-for-stm32.13.3.rel1.win32_1.0.0.202411081344/tools/bin/../lib/gcc/arm-none-eabi/13.3.1/../../../../arm-none-eabi/lib/thumb/v7-m/nofp\libc_nano.a(libc_a-mallocr.o) (__malloc_lock)
D:/APP/STM32CubeIDE_1.19.0/STM32CubeIDE/plugins/com.st.stm32cube.ide.mcu.externaltools.gnu-tools-for-stm32.13.3.rel1.win32_1.0.0.202411081344/tools/bin/../lib/gcc/arm-none-eabi/13.3.1/../../../../arm-none-eabi/lib/thumb/v7-m/nofp\libc_nano.a(libc_a-ctype_.o)
                              ./APP/cmd.o (_ctype_)
D:/APP/STM32CubeIDE_1.19.0/STM32CubeIDE/plugins/com.st.stm32cube.ide.mcu.externaltools.gnu-tools-for-stm32.13.3.rel1.win32_1.0.0.202411081344/tools/bin/../lib/gcc/arm-none-eabi/13.3.1/../../../../arm-none-eabi/lib/thumb/v7-m/nofp\libc_nano.a(libc_a-findfp.o)
                              D:/APP/STM32CubeIDE_1.19.0/STM32CubeIDE/plugins/com.st.stm32cube.ide.mcu.externaltools.gnu-tools-for-stm32.13.3.rel1.win32_1.0.0.202411081344/tools/bin/../lib/gcc/arm-none-eabi/13.3.1/../../../../arm-none-eabi/lib/thumb/v7-m/nofp\libc_nano.a(libc_a-exit.o) (__stdio_exit_handler)
D:/APP/STM32CubeIDE_1.19.0/STM32CubeIDE/plugins/com.st.stm32cube.ide.mcu.externaltools.gnu-tools-for-stm32.13.3.rel1.win32_1.0.0.202411081344/tools/bin/../lib/gcc/arm-none-eabi/13.3.1/../../../../arm-none-eabi/lib/thumb/v7-m/nofp\libc_nano.a(libc_a-fprintf.o)
                              D:/APP/STM32CubeIDE_1.19.0/STM32CubeIDE/plugins/com.st.stm32cube.ide.mcu.externaltools.gnu-tools-for-stm32.13.3.rel1.win32_1.0.0.202411081344/tools/bin/../lib/gcc/arm-none-eabi/13.3.1/../../../../arm-none-eabi/lib/thumb/v7-m/nofp\libc_nano.a(libc_a-assert.o) (fiprintf)
D:/APP/STM32CubeIDE_1.19.0/STM32CubeIDE/plugins/com.st.stm32cube.ide.mcu.externaltools.gnu-tools-for-stm32.13.3.rel1.win32_1.0.0.202411081344/tools/bin/../lib/gcc/arm-none-eabi/13.3.1/../../../../arm-none-eabi/lib/thumb/v7-m/nofp\libc_nano.a(libc_a-fwalk.o)
                              D:/APP/STM32CubeIDE_1.19.0/STM32CubeIDE/plugins/com.st.stm32cube.ide.mcu.externaltools.gnu-tools-for-stm32.13.3.rel1.win32_1.0.0.202411081344/tools/bin/../lib/gcc/arm-none-eabi/13.3.1/../../../../arm-none-eabi/lib/thumb/v7-m/nofp\libc_nano.a(libc_a-findfp.o) (_fwalk_sglue)
D:/APP/STM32CubeIDE_1.19.0/STM32CubeIDE/plugins/com.st.stm32cube.ide.mcu.externaltools.gnu-tools-for-stm32.13.3.rel1.win32_1.0.0.202411081344/tools/bin/../lib/gcc/arm-none-eabi/13.3.1/../../../../arm-none-eabi/lib/thumb/v7-m/nofp\libc_nano.a(libc_a-snprintf.o)
[...]
Memory Configuration

Name             Origin             Length             Attributes
RAM              0x20000000         0x00005000         xrw
FLASH            0x08000000         0x00010000         xr
*default*        0x00000000         0xffffffff

Linker script and memory map

LOAD D:/APP/STM32CubeIDE_1.19.0/STM32CubeIDE/plugins/com.st.stm32cube.ide.mcu.externaltools.gnu-tools-for-stm32.13.3.rel1.win32_1.0.0.202411081344/tools/bin/../lib/gcc/arm-none-eabi/13.3.1/thumb/v7-m/nofp/crti.o
LOAD D:/APP/STM32CubeIDE_1.19.0/STM32CubeIDE/plugins/com.st.stm32cube.ide.mcu.externaltools.gnu-tools-for-stm32.13.3.rel1.win32_1.0.0.202411081344/tools/bin/../lib/gcc/arm-none-eabi/13.3.1/thumb/v7-m/nofp/crtbegin.o
LOAD D:/APP/STM32CubeIDE_1.19.0/STM32CubeIDE/plugins/com.st.stm32cube.ide.mcu.externaltools.gnu-tools-for-stm32.13.3.rel1.win32_1.0.0.202411081344/tools/bin/../lib/gcc/arm-none-eabi/13.3.1/../../../../arm-none-eabi/lib/thumb/v7-m/nofp/crt0.o
LOAD ./APP/Generic.o
LOAD ./APP/Generic_cmd.o
LOAD ./APP/cmd.o
LOAD ./APP/cmd_fn.o
LOAD ./Core/Src/dma.o
LOAD ./Core/Src/gpio.o
LOAD ./Core/Src/i2c.o
LOAD ./Core/Src/iwdg.o
LOAD ./Core/Src/main.o
LOAD ./Core/Src/spi.o
LOAD ./Core/Src/stm32f1xx_hal_msp.o
LOAD ./Core/Src/stm32f1xx_it.o
LOAD ./Core/Src/syscalls.o
LOAD ./Core/Src/sysmem.o
LOAD ./Core/Src/system_stm32f1xx.o
LOAD ./Core/Src/tim.o
LOAD ./Core/Src/usart.o
LOAD ./Core/Startup/startup_stm32f103c8tx.o
LOAD ./DW/Driver/deca_mutex.o
LOAD ./DW/Examples/ds_twr_sts_sdc_responder.o
LOAD ./DW/Examples/mac_802_15_4.o
LOAD ./DW/Examples/mac_802_15_8.o
LOAD ./DW/Examples/shared_functions.o
LOAD ./DW/PDoA/config_options.o
LOAD ./DW/PDoA/example_info.o
LOAD ./DW/PDoA/json_2pc.o
LOAD ./DW/PDoA/tag_list.o
LOAD ./DW/PDoA/twr_task.o
LOAD ./DW/PDoA/uwb.o
LOAD ./Drivers/STM32F1xx_HAL_Driver/Src/stm32f1xx_hal.o
LOAD ./Drivers/STM32F1xx_HAL_Driver/Src/stm32f1xx_hal_cortex.o
LOAD ./Drivers/STM32F1xx_HAL_Driver/Src/stm32f1xx_hal_dma.o
LOAD ./Drivers/STM32F1xx_HAL_Driver/Src/stm32f1xx_hal_exti.o
LOAD ./Drivers/STM32F1xx_HAL_Driver/Src/stm32f1xx_hal_flash.o
LOAD ./Drivers/STM32F1xx_HAL_Driver/Src/stm32f1xx_hal_flash_ex.o
LOAD ./Drivers/STM32F1xx_HAL_Driver/Src/stm32f1xx_hal_gpio.o
LOAD ./Drivers/STM32F1xx_HAL_Driver/Src/stm32f1xx_hal_gpio_ex.o
LOAD ./Drivers/STM32F1xx_HAL_Driver/Src/stm32f1xx_hal_i2c.o
LOAD ./Drivers/STM32F1xx_HAL_Driver/Src/stm32f1xx_hal_iwdg.o
LOAD ./Drivers/STM32F1xx_HAL_Driver/Src/stm32f1xx_hal_pcd.o
LOAD ./Drivers/STM32F1xx_HAL_Driver/Src/stm32f1xx_hal_pcd_ex.o
LOAD ./Drivers/STM32F1xx_HAL_Driver/Src/stm32f1xx_hal_pwr.o
LOAD ./Drivers/STM32F1xx_HAL_Driver/Src/stm32f1xx_hal_rcc.o
LOAD ./Drivers/STM32F1xx_HAL_Driver/Src/stm32f1xx_hal_rcc_ex.o
LOAD ./Drivers/STM32F1xx_HAL_Driver/Src/stm32f1xx_hal_spi.o
LOAD ./Drivers/STM32F1xx_HAL_Driver/Src/stm32f1xx_hal_tim.o
LOAD ./Drivers/STM32F1xx_HAL_Driver/Src/stm32f1xx_hal_tim_ex.o
LOAD ./Drivers/STM32F1xx_HAL_Driver/Src/stm32f1xx_hal_uart.o
LOAD ./Drivers/STM32F1xx_HAL_Driver/Src/stm32f1xx_ll_usb.o
LOAD ./HAL/DW/dw_twe/config.o
LOAD ./HAL/hal_flash.o
LOAD ./HAL/hal_led.o
LOAD ./Middlewares/ST/STM32_USB_Device_Library/Class/CDC/Src/usbd_cdc.o
LOAD ./Middlewares/ST/STM32_USB_Device_Library/Core/Src/usbd_core.o
LOAD ./Middlewares/ST/STM32_USB_Device_Library/Core/Src/usbd_ctlreq.o
LOAD ./Middlewares/ST/STM32_USB_Device_Library/Core/Src/usbd_ioreq.o
LOAD ./OLED/OLED_I2C.o
LOAD ./OSAL/OSAL.o
LOAD ./US/Queue.o
LOAD ./US/hw_config.o
LOAD ./USB_DEVICE/App/usb_device.o
LOAD ./USB_DEVICE/App/usbd_cdc_if.o
LOAD ./USB_DEVICE/App/usbd_desc.o
LOAD ./USB_DEVICE/Target/usbd_conf.o
LOAD D:\bobo\File\xwechat_files\wxid_7pcrj0jpswx422_e57e\msg\file\2026-04\project\project\Core\Src\libUWBlib.a
START GROUP
LOAD D:/APP/STM32CubeIDE_1.19.0/STM32CubeIDE/plugins/com.st.stm32cube.ide.mcu.externaltools.gnu-tools-for-stm32.13.3.rel1.win32_1.0.0.202411081344/tools/bin/../lib/gcc/arm-none-eabi/13.3.1/../../../../arm-none-eabi/lib/thumb/v7-m/nofp\libc_nano.a
LOAD D:/APP/STM32CubeIDE_1.19.0/STM32CubeIDE/plugins/com.st.stm32cube.ide.mcu.externaltools.gnu-tools-for-stm32.13.3.rel1.win32_1.0.0.202411081344/tools/bin/../lib/gcc/arm-none-eabi/13.3.1/../../../../arm-none-eabi/lib/thumb/v7-m/nofp\libm.a
END GROUP
START GROUP
LOAD D:/APP/STM32CubeIDE_1.19.0/STM32CubeIDE/plugins/com.st.stm32cube.ide.mcu.externaltools.gnu-tools-for-stm32.13.3.rel1.win32_1.0.0.202411081344/tools/bin/../lib/gcc/arm-none-eabi/13.3.1/thumb/v7-m/nofp\libgcc.a
LOAD D:/APP/STM32CubeIDE_1.19.0/STM32CubeIDE/plugins/com.st.stm32cube.ide.mcu.externaltools.gnu-tools-for-stm32.13.3.rel1.win32_1.0.0.202411081344/tools/bin/../lib/gcc/arm-none-eabi/13.3.1/../../../../arm-none-eabi/lib/thumb/v7-m/nofp\libc_nano.a
END GROUP
START GROUP
LOAD D:/APP/STM32CubeIDE_1.19.0/STM32CubeIDE/plugins/com.st.stm32cube.ide.mcu.externaltools.gnu-tools-for-stm32.13.3.rel1.win32_1.0.0.202411081344/tools/bin/../lib/gcc/arm-none-eabi/13.3.1/thumb/v7-m/nofp\libgcc.a
LOAD D:/APP/STM32CubeIDE_1.19.0/STM32CubeIDE/plugins/com.st.stm32cube.ide.mcu.externaltools.gnu-tools-for-stm32.13.3.rel1.win32_1.0.0.202411081344/tools/bin/../lib/gcc/arm-none-eabi/13.3.1/../../../../arm-none-eabi/lib/thumb/v7-m/nofp\libc_nano.a
LOAD D:/APP/STM32CubeIDE_1.19.0/STM32CubeIDE/plugins/com.st.stm32cube.ide.mcu.externaltools.gnu-tools-for-stm32.13.3.rel1.win32_1.0.0.202411081344/tools/bin/../lib/gcc/arm-none-eabi/13.3.1/../../../../arm-none-eabi/lib/thumb/v7-m/nofp\libnosys.a
END GROUP
START GROUP
LOAD D:/APP/STM32CubeIDE_1.19.0/STM32CubeIDE/plugins/com.st.stm32cube.ide.mcu.externaltools.gnu-tools-for-stm32.13.3.rel1.win32_1.0.0.202411081344/tools/bin/../lib/gcc/arm-none-eabi/13.3.1/thumb/v7-m/nofp\libgcc.a
LOAD D:/APP/STM32CubeIDE_1.19.0/STM32CubeIDE/plugins/com.st.stm32cube.ide.mcu.externaltools.gnu-tools-for-stm32.13.3.rel1.win32_1.0.0.202411081344/tools/bin/../lib/gcc/arm-none-eabi/13.3.1/../../../../arm-none-eabi/lib/thumb/v7-m/nofp\libc_nano.a
LOAD D:/APP/STM32CubeIDE_1.19.0/STM32CubeIDE/plugins/com.st.stm32cube.ide.mcu.externaltools.gnu-tools-for-stm32.13.3.rel1.win32_1.0.0.202411081344/tools/bin/../lib/gcc/arm-none-eabi/13.3.1/../../../../arm-none-eabi/lib/thumb/v7-m/nofp\libnosys.a
END GROUP
LOAD D:/APP/STM32CubeIDE_1.19.0/STM32CubeIDE/plugins/com.st.stm32cube.ide.mcu.externaltools.gnu-tools-for-stm32.13.3.rel1.win32_1.0.0.202411081344/tools/bin/../lib/gcc/arm-none-eabi/13.3.1/thumb/v7-m/nofp/crtend.o
LOAD D:/APP/STM32CubeIDE_1.19.0/STM32CubeIDE/plugins/com.st.stm32cube.ide.mcu.externaltools.gnu-tools-for-stm32.13.3.rel1.win32_1.0.0.202411081344/tools/bin/../lib/gcc/arm-none-eabi/13.3.1/thumb/v7-m/nofp/crtn.o
                0x20005000                        _estack = (ORIGIN (RAM) + LENGTH (RAM))
                0x00000600                        _Min_Heap_Size = 0x600
                0x00000800                        _Min_Stack_Size = 0x800

.isr_vector     0x08000000      0x10c
                0x08000000                        . = ALIGN (0x4)
 *(.isr_vector)
 .isr_vector    0x08000000      0x10c ./Core/Startup/startup_stm32f103c8tx.o
                0x08000000                g_pfnVectors
                0x0800010c                        . = ALIGN (0x4)

.text           0x08000110     0xd6f8
                0x08000110                        . = ALIGN (0x4)
 *(.text)
 .text          0x08000110       0x40 D:/APP/STM32CubeIDE_1.19.0/STM32CubeIDE/plugins/com.st.stm32cube.ide.mcu.externaltools.gnu-tools-for-stm32.13.3.rel1.win32_1.0.0.202411081344/tools/bin/../lib/gcc/arm-none-eabi/13.3.1/thumb/v7-m/nofp/crtbegin.o
 .text          0x08000150       0x14 D:/APP/STM32CubeIDE_1.19.0/STM32CubeIDE/plugins/com.st.stm32cube.ide.mcu.externaltools.gnu-tools-for-stm32.13.3.rel1.win32_1.0.0.202411081344/tools/bin/../lib/gcc/arm-none-eabi/13.3.1/../../../../arm-none-eabi/lib/thumb/v7-m/nofp\libc_nano.a(libc_a-strcmp.o)
                0x08000150                strcmp
 .text          0x08000164       0x10 D:/APP/STM32CubeIDE_1.19.0/STM32CubeIDE/plugins/com.st.stm32cube.ide.mcu.externaltools.gnu-tools-for-stm32.13.3.rel1.win32_1.0.0.202411081344/tools/bin/../lib/gcc/arm-none-eabi/13.3.1/../../../../arm-none-eabi/lib/thumb/v7-m/nofp\libc_nano.a(libc_a-strlen.o)
                0x08000164                strlen
 .text          0x08000174      0x378 D:/APP/STM32CubeIDE_1.19.0/STM32CubeIDE/plugins/com.st.stm32cube.ide.mcu.externaltools.gnu-tools-for-stm32.13.3.rel1.win32_1.0.0.202411081344/tools/bin/../lib/gcc/arm-none-eabi/13.3.1/thumb/v7-m/nofp\libgcc.a(_arm_addsubdf3.o)
                0x08000174                __aeabi_drsub
                0x0800017c                __aeabi_dsub
                0x0800017c                __subdf3
                0x08000180                __aeabi_dadd
                0x08000180                __adddf3
                0x080003f8                __floatunsidf
                0x080003f8                __aeabi_ui2d
                0x08000418                __floatsidf
                0x08000418                __aeabi_i2d
                0x0800043c                __aeabi_f2d
                0x0800043c                __extendsfdf2
                0x08000480                __floatundidf
                0x08000480                __aeabi_ul2d
                0x08000490                __floatdidf
                0x08000490                __aeabi_l2d
 .text          0x080004ec      0x424 D:/APP/STM32CubeIDE_1.19.0/STM32CubeIDE/plugins/com.st.stm32cube.ide.mcu.externaltools.gnu-tools-for-stm32.13.3.rel1.win32_1.0.0.202411081344/tools/bin/../lib/gcc/arm-none-eabi/13.3.1/thumb/v7-m/nofp\libgcc.a(_arm_muldivdf3.o)
                0x080004ec                __aeabi_dmul
                0x080004ec                __muldf3
                0x08000740                __divdf3
                0x08000740                __aeabi_ddiv
 .text          0x08000910      0x110 D:/APP/STM32CubeIDE_1.19.0/STM32CubeIDE/plugins/com.st.stm32cube.ide.mcu.externaltools.gnu-tools-for-stm32.13.3.rel1.win32_1.0.0.202411081344/tools/bin/../lib/gcc/arm-none-eabi/13.3.1/thumb/v7-m/nofp\libgcc.a(_arm_cmpdf2.o)
                0x08000910                __gtdf2
                0x08000910                __gedf2
                0x08000918                __ltdf2
                0x08000918                __ledf2
                0x08000920                __nedf2
                0x08000920                __eqdf2
                0x08000920                __cmpdf2
                0x0800099c                __aeabi_cdrcmple
                0x080009ac                __aeabi_cdcmpeq
                0x080009ac                __aeabi_cdcmple
                0x080009bc                __aeabi_dcmpeq
                0x080009d0                __aeabi_dcmplt
                0x080009e4                __aeabi_dcmple
                0x080009f8                __aeabi_dcmpge
                0x08000a0c                __aeabi_dcmpgt
 .text          0x08000a20       0x2c D:/APP/STM32CubeIDE_1.19.0/STM32CubeIDE/plugins/com.st.stm32cube.ide.mcu.externaltools.gnu-tools-for-stm32.13.3.rel1.win32_1.0.0.202411081344/tools/bin/../lib/gcc/arm-none-eabi/13.3.1/thumb/v7-m/nofp\libgcc.a(_arm_unorddf2.o)
                0x08000a20                __unorddf2
                0x08000a20                __aeabi_dcmpun
 .text          0x08000a4c       0x50 D:/APP/STM32CubeIDE_1.19.0/STM32CubeIDE/plugins/com.st.stm32cube.ide.mcu.externaltools.gnu-tools-for-stm32.13.3.rel1.win32_1.0.0.202411081344/tools/bin/../lib/gcc/arm-none-eabi/13.3.1/thumb/v7-m/nofp\libgcc.a(_arm_fixdfsi.o)
                0x08000a4c                __aeabi_d2iz
                0x08000a4c                __fixdfsi
 .text          0x08000a9c       0xa0 D:/APP/STM32CubeIDE_1.19.0/STM32CubeIDE/plugins/com.st.stm32cube.ide.mcu.externaltools.gnu-tools-for-stm32.13.3.rel1.win32_1.0.0.202411081344/tools/bin/../lib/gcc/arm-none-eabi/13.3.1/thumb/v7-m/nofp\libgcc.a(_arm_truncdfsf2.o)
                0x08000a9c                __truncdfsf2
                0x08000a9c                __aeabi_d2f
 .text          0x08000b3c      0x21c D:/APP/STM32CubeIDE_1.19.0/STM32CubeIDE/plugins/com.st.stm32cube.ide.mcu.externaltools.gnu-tools-for-stm32.13.3.rel1.win32_1.0.0.202411081344/tools/bin/../lib/gcc/arm-none-eabi/13.3.1/thumb/v7-m/nofp\libgcc.a(_arm_addsubsf3.o)
                0x08000b3c                __aeabi_frsub
                0x08000b44                __subsf3
                0x08000b44                __aeabi_fsub
                0x08000b48                __aeabi_fadd
                0x08000b48                __addsf3
                0x08000ca8                __aeabi_ui2f
                0x08000ca8                __floatunsisf
                0x08000cb0                __aeabi_i2f
                0x08000cb0                __floatsisf
                0x08000ccc                __aeabi_ul2f
                0x08000ccc                __floatundisf
                0x08000cdc                __aeabi_l2f
                0x08000cdc                __floatdisf
 .text          0x08000d58      0x2a0 D:/APP/STM32CubeIDE_1.19.0/STM32CubeIDE/plugins/com.st.stm32cube.ide.mcu.externaltools.gnu-tools-for-stm32.13.3.rel1.win32_1.0.0.202411081344/tools/bin/../lib/gcc/arm-none-eabi/13.3.1/thumb/v7-m/nofp\libgcc.a(_arm_muldivsf3.o)
                0x08000d58                __mulsf3
                0x08000d58                __aeabi_fmul
                0x08000ec0                __aeabi_fdiv
                0x08000ec0                __divsf3
 .text          0x08000ff8       0xec D:/APP/STM32CubeIDE_1.19.0/STM32CubeIDE/plugins/com.st.stm32cube.ide.mcu.externaltools.gnu-tools-for-stm32.13.3.rel1.win32_1.0.0.202411081344/tools/bin/../lib/gcc/arm-none-eabi/13.3.1/thumb/v7-m/nofp\libgcc.a(_arm_cmpsf2.o)
                0x08000ff8                __gesf2
                0x08000ff8                __gtsf2
                0x08001000                __lesf2
                0x08001000                __ltsf2
                0x08001008                __nesf2
                0x08001008                __eqsf2
                0x08001008                __cmpsf2
                0x08001068                __aeabi_cfrcmple
                0x08001070                __aeabi_cfcmpeq
                0x08001070                __aeabi_cfcmple
                0x08001080                __aeabi_fcmpeq
                0x08001094                __aeabi_fcmplt
                0x080010a8                __aeabi_fcmple
                0x080010bc                __aeabi_fcmpge
                0x080010d0                __aeabi_fcmpgt
 .text          0x080010e4       0x4c D:/APP/STM32CubeIDE_1.19.0/STM32CubeIDE/plugins/com.st.stm32cube.ide.mcu.externaltools.gnu-tools-for-stm32.13.3.rel1.win32_1.0.0.202411081344/tools/bin/../lib/gcc/arm-none-eabi/13.3.1/thumb/v7-m/nofp\libgcc.a(_arm_fixsfsi.o)
                0x080010e4                __aeabi_f2iz
                0x080010e4                __fixsfsi
 .text          0x08001130       0x30 D:/APP/STM32CubeIDE_1.19.0/STM32CubeIDE/plugins/com.st.stm32cube.ide.mcu.externaltools.gnu-tools-for-stm32.13.3.rel1.win32_1.0.0.202411081344/tools/bin/../lib/gcc/arm-none-eabi/13.3.1/thumb/v7-m/nofp\libgcc.a(_fixdfdi.o)
                0x08001130                __fixdfdi
                0x08001130                __aeabi_d2lz
 .text          0x08001160       0x3c D:/APP/STM32CubeIDE_1.19.0/STM32CubeIDE/plugins/com.st.stm32cube.ide.mcu.externaltools.gnu-tools-for-stm32.13.3.rel1.win32_1.0.0.202411081344/tools/bin/../lib/gcc/arm-none-eabi/13.3.1/thumb/v7-m/nofp\libgcc.a(_fixunsdfdi.o)
                0x08001160                __fixunsdfdi
                0x08001160                __aeabi_d2ulz
 .text          0x0800119c       0x40 D:/APP/STM32CubeIDE_1.19.0/STM32CubeIDE/plugins/com.st.stm32cube.ide.mcu.externaltools.gnu-tools-for-stm32.13.3.rel1.win32_1.0.0.202411081344/tools/bin/../lib/gcc/arm-none-eabi/13.3.1/thumb/v7-m/nofp\libgcc.a(_arm_fixunsdfsi.o)
                0x0800119c                __aeabi_d2uiz
                0x0800119c                __fixunsdfsi
 *(.text*)
 .text.App_Module_sys_para_debug
                0x080011dc       0x8c ./APP/Generic.o
                0x080011dc                App_Module_sys_para_debug
 .text.App_Module_sys_para_Init
                0x08001268       0x2c ./APP/Generic.o
                0x08001268                App_Module_sys_para_Init
 .text.App_Module_Sys_Write_NVM
                0x08001294       0x24 ./APP/Generic.o
                0x08001294                App_Module_Sys_Write_NVM
 .text.App_Module_Sys_Read_NVM
                0x080012b8       0x14 ./APP/Generic.o
                0x080012b8                App_Module_Sys_Read_NVM
 .text.App_Module_sys_para_read
                0x080012cc       0x5c ./APP/Generic.o
                0x080012cc                App_Module_sys_para_read
 .text.App_Module_Init
                0x08001328       0x1a ./APP/Generic.o
                0x08001328                App_Module_Init
 *fill*         0x08001342        0x2 
 .text.App_Module_Sys_Deal_UART_USB_CMD_Event
                0x08001344       0x34 ./APP/Generic.o
                0x08001344                App_Module_Sys_Deal_UART_USB_CMD_Event
 .text.App_Module_Sys_Work_Mode_Event
                0x08001378        0x6 ./APP/Generic.o
                0x08001378                App_Module_Sys_Work_Mode_Event
 *fill*         0x0800137e        0x2 
 .text.usart1_recv_msg_handler
                0x08001380       0x54 ./APP/Generic_cmd.o
 .text.App_Module_CMD_Queue_Init
                0x080013d4       0x20 ./APP/Generic_cmd.o
                0x080013d4                App_Module_CMD_Queue_Init
 .text.App_Module_Process_USB_CMD
                0x080013f4       0x9c ./APP/Generic_cmd.o
                0x080013f4                App_Module_Process_USB_CMD
 .text.App_Module_Process_USART_CMD
                0x08001490       0x20 ./APP/Generic_cmd.o
                0x08001490                App_Module_Process_USART_CMD
 .text.App_Module_Uart_Send
                0x080014b0       0x6c ./APP/Generic_cmd.o
                0x080014b0                App_Module_Uart_Send
 .text.port_tx_msg
                0x0800151c        0x4 ./APP/Generic_cmd.o
                0x0800151c                port_tx_msg
 .text.App_Module_format_conver_uint8
                0x08001520       0xde ./APP/Generic_cmd.o
                0x08001520                App_Module_format_conver_uint8
 *fill*         0x080015fe        0x2 
 .text.HAL_UART_RxCpltCallback
                0x08001600       0x84 ./APP/Generic_cmd.o
                0x08001600                HAL_UART_RxCpltCallback
 .text.HAL_UART_ErrorCallback
                0x08001684        0x2 ./APP/Generic_cmd.o
                0x08001684                HAL_UART_ErrorCallback
 *fill*         0x08001686        0x2 
 .text.cmd_onERROR.isra.0
                0x08001688       0x50 ./APP/cmd.o
 .text.command_parser
                0x080016d8       0xc4 ./APP/cmd.o
                0x080016d8                command_parser
 .text.__NVIC_SystemReset
                0x0800179c       0x24 ./APP/cmd_fn.o
 .text.f_reset  0x080017c0        0x6 ./APP/cmd_fn.o
                0x080017c0                f_reset
 *fill*         0x080017c6        0x2 
 .text.f_pdoa_offset
                0x080017c8       0x14 ./APP/cmd_fn.o
                0x080017c8                f_pdoa_offset
 .text.f_rng_offset
                0x080017dc       0x14 ./APP/cmd_fn.o
                0x080017dc                f_rng_offset
 .text.f_motion_filter
                0x080017f0       0x14 ./APP/cmd_fn.o
                0x080017f0                f_motion_filter
 .text.f_uart_rate
                0x08001804       0x14 ./APP/cmd_fn.o
                0x08001804                f_uart_rate
 .text.f_user_cmd
                0x08001818       0x14 ./APP/cmd_fn.o
                0x08001818                f_user_cmd
 .text.fill_json_tag
                0x0800182c       0x2c ./APP/cmd_fn.o
 .text.f_help_app
                0x08001858       0x44 ./APP/cmd_fn.o
                0x08001858                f_help_app
 .text.f_getver
                0x0800189c       0x40 ./APP/cmd_fn.o
                0x0800189c                f_getver
 .text.f_decaPDOA
                0x080018dc       0xf4 ./APP/cmd_fn.o
                0x080018dc                f_decaPDOA
 .text.f_getcfg
                0x080019d0       0x64 ./APP/cmd_fn.o
                0x080019d0                f_getcfg
 .text.f_save   0x08001a34       0x1c ./APP/cmd_fn.o
                0x08001a34                f_save
 .text.f_rtoken
                0x08001a50       0x14 ./APP/cmd_fn.o
                0x08001a50                f_rtoken
 .text.f_get_discovered_list
                0x08001a64       0xbc ./APP/cmd_fn.o
                0x08001a64                f_get_discovered_list
 .text.f_get_known_list
                0x08001b20       0xa8 ./APP/cmd_fn.o
                0x08001b20                f_get_known_list
 .text.f_setcfg
                0x08001bc8       0xd4 ./APP/cmd_fn.o
                0x08001bc8                f_setcfg
 .text.f_add_tag_to_list
                0x08001c9c      0x104 ./APP/cmd_fn.o
                0x08001c9c                f_add_tag_to_list
 .text.f_del_tag_from_list
                0x08001da0       0xb4 ./APP/cmd_fn.o
                0x08001da0                f_del_tag_from_list
 .text.MX_DMA_Init
                0x08001e54       0x40 ./Core/Src/dma.o
                0x08001e54                MX_DMA_Init
 .text.MX_GPIO_Init
                0x08001e94       0xc4 ./Core/Src/gpio.o
                0x08001e94                MX_GPIO_Init
 .text.MX_I2C1_Init
                0x08001f58       0x3c ./Core/Src/i2c.o
                0x08001f58                MX_I2C1_Init
 .text.HAL_I2C_MspInit
                0x08001f94       0x64 ./Core/Src/i2c.o
                0x08001f94                HAL_I2C_MspInit
 .text.Hal_I2C_LCD_Init
                0x08001ff8       0x16 ./Core/Src/i2c.o
                0x08001ff8                Hal_I2C_LCD_Init
 .text.HalI2cInit
                0x0800200e       0x40 ./Core/Src/i2c.o
                0x0800200e                HalI2cInit
 .text.SystemClock_Config
                0x0800204e       0x80 ./Core/Src/main.o
                0x0800204e                SystemClock_Config
 *fill*         0x080020ce        0x2 
 .text.startup.main
                0x080020d0       0x50 ./Core/Src/main.o
                0x080020d0                main
 .text.Error_Handler
                0x08002120        0x4 ./Core/Src/main.o
                0x08002120                Error_Handler
 .text.MX_SPI1_Init
                0x08002124       0xbc ./Core/Src/spi.o
                0x08002124                MX_SPI1_Init
 .text.HAL_SPI_MspInit
                0x080021e0       0x8c ./Core/Src/spi.o
                0x080021e0                HAL_SPI_MspInit
 .text.HAL_SPI_MspDeInit
                0x0800226c       0x3c ./Core/Src/spi.o
                0x0800226c                HAL_SPI_MspDeInit
 .text.HAL_MspInit
                0x080022a8       0x44 ./Core/Src/stm32f1xx_hal_msp.o
                0x080022a8                HAL_MspInit
 .text.__NVIC_SystemReset
                0x080022ec       0x24 ./Core/Src/stm32f1xx_it.o
 .text.NMI_Handler
                0x08002310        0x2 ./Core/Src/stm32f1xx_it.o
                0x08002310                NMI_Handler
 *fill*         0x08002312        0x2 
 .text.HardFault_Handler
                0x08002314       0x10 ./Core/Src/stm32f1xx_it.o
                0x08002314                HardFault_Handler
 .text.MemManage_Handler
                0x08002324       0x10 ./Core/Src/stm32f1xx_it.o
                0x08002324                MemManage_Handler
 .text.BusFault_Handler
                0x08002334       0x10 ./Core/Src/stm32f1xx_it.o
                0x08002334                BusFault_Handler
 .text.UsageFault_Handler
                0x08002344       0x10 ./Core/Src/stm32f1xx_it.o
                0x08002344                UsageFault_Handler
 .text.SVC_Handler
                0x08002354        0x2 ./Core/Src/stm32f1xx_it.o
                0x08002354                SVC_Handler
 .text.DebugMon_Handler
                0x08002356        0x2 ./Core/Src/stm32f1xx_it.o
                0x08002356                DebugMon_Handler
 .text.PendSV_Handler
                0x08002358        0x2 ./Core/Src/stm32f1xx_it.o
                0x08002358                PendSV_Handler
 *fill*         0x0800235a        0x2 
 .text.SysTick_Handler
                0x0800235c       0x14 ./Core/Src/stm32f1xx_it.o
                0x0800235c                SysTick_Handler
 .text.DMA1_Channel4_IRQHandler
                0x08002370        0xc ./Core/Src/stm32f1xx_it.o
                0x08002370                DMA1_Channel4_IRQHandler
 .text.DMA1_Channel5_IRQHandler
                0x0800237c        0xc ./Core/Src/stm32f1xx_it.o
                0x0800237c                DMA1_Channel5_IRQHandler
 .text.USB_LP_CAN1_RX0_IRQHandler
                0x08002388        0xc ./Core/Src/stm32f1xx_it.o
                0x08002388                USB_LP_CAN1_RX0_IRQHandler
 .text.EXTI9_5_IRQHandler
                0x08002394       0x10 ./Core/Src/stm32f1xx_it.o
                0x08002394                EXTI9_5_IRQHandler
 .text.TIM2_IRQHandler
                0x080023a4        0xc ./Core/Src/stm32f1xx_it.o
                0x080023a4                TIM2_IRQHandler
 .text.SPI1_IRQHandler
                0x080023b0        0xc ./Core/Src/stm32f1xx_it.o
                0x080023b0                SPI1_IRQHandler
 .text.USBWakeUp_IRQHandler
                0x080023bc        0x4 ./Core/Src/stm32f1xx_it.o
                0x080023bc                USBWakeUp_IRQHandler
 .text._getpid  0x080023c0        0x4 ./Core/Src/syscalls.o
                0x080023c0                _getpid
 .text._kill    0x080023c4       0x10 ./Core/Src/syscalls.o
                0x080023c4                _kill
 .text._exit    0x080023d4        0xc ./Core/Src/syscalls.o
                0x080023d4                _exit
 .text._read    0x080023e0       0x1c ./Core/Src/syscalls.o
                0x080023e0                _read
 .text._write   0x080023fc       0x1c ./Core/Src/syscalls.o
                0x080023fc                _write
 .text._close   0x08002418        0x6 ./Core/Src/syscalls.o
                0x08002418                _close
 .text._fstat   0x0800241e        0xa ./Core/Src/syscalls.o
                0x0800241e                _fstat
 .text._isatty  0x08002428        0x4 ./Core/Src/syscalls.o
                0x08002428                _isatty
 .text._lseek   0x0800242c        0x4 ./Core/Src/syscalls.o
                0x0800242c                _lseek
 .text._sbrk    0x08002430       0x40 ./Core/Src/sysmem.o
                0x08002430                _sbrk
 .text.SystemInit
                0x08002470        0x2 ./Core/Src/system_stm32f1xx.o
                0x08002470                SystemInit
 *fill*         0x08002472        0x2 
 .text.MX_TIM2_Init
                0x08002474       0x6c ./Core/Src/tim.o
                0x08002474                MX_TIM2_Init
 .text.HAL_TIM_Base_MspInit
                0x080024e0       0x3c ./Core/Src/tim.o
                0x080024e0                HAL_TIM_Base_MspInit
 .text.MX_USART1_UART_Init
                0x0800251c       0x38 ./Core/Src/usart.o
                0x0800251c                MX_USART1_UART_Init
 .text.HAL_UART_MspInit
                0x08002554       0xf0 ./Core/Src/usart.o
                0x08002554                HAL_UART_MspInit
 .text.USART1_SendBuffer
                0x08002644       0x30 ./Core/Src/usart.o
                0x08002644                USART1_SendBuffer
 .text._dbg_printf
                0x08002674       0x30 ./Core/Src/usart.o
                0x08002674                _dbg_printf
 .text.HAL_UART_TxCpltCallback
                0x080026a4       0x1c ./Core/Src/usart.o
                0x080026a4                HAL_UART_TxCpltCallback
 .text.USART1_IRQHandler
                0x080026c0        0xc ./Core/Src/usart.o
                0x080026c0                USART1_IRQHandler
 .text.Reset_Handler
                0x080026cc       0x48 ./Core/Startup/startup_stm32f103c8tx.o
                0x080026cc                Reset_Handler
 .text.Default_Handler
                0x08002714        0x2 ./Core/Startup/startup_stm32f103c8tx.o
                0x08002714                RTC_Alarm_IRQHandler
                0x08002714                EXTI2_IRQHandler
                0x08002714                TIM1_CC_IRQHandler
                0x08002714                PVD_IRQHandler
                0x08002714                EXTI3_IRQHandler
                0x08002714                EXTI0_IRQHandler
                0x08002714                I2C2_EV_IRQHandler
                0x08002714                ADC1_2_IRQHandler
                0x08002714                TAMPER_IRQHandler
                0x08002714                USART3_IRQHandler
                0x08002714                RTC_IRQHandler
                0x08002714                DMA1_Channel7_IRQHandler
                0x08002714                CAN1_RX1_IRQHandler
                0x08002714                TIM4_IRQHandler
                0x08002714                I2C1_EV_IRQHandler
                0x08002714                DMA1_Channel6_IRQHandler
                0x08002714                TIM3_IRQHandler
                0x08002714                RCC_IRQHandler
                0x08002714                TIM1_TRG_COM_IRQHandler
                0x08002714                DMA1_Channel1_IRQHandler
                0x08002714                Default_Handler
                0x08002714                EXTI15_10_IRQHandler
                0x08002714                SPI2_IRQHandler
                0x08002714                EXTI4_IRQHandler
                0x08002714                USB_HP_CAN1_TX_IRQHandler
                0x08002714                DMA1_Channel3_IRQHandler
                0x08002714                TIM1_UP_IRQHandler
                0x08002714                WWDG_IRQHandler
                0x08002714                TIM1_BRK_IRQHandler
                0x08002714                EXTI1_IRQHandler
                0x08002714                USART2_IRQHandler
                0x08002714                I2C2_ER_IRQHandler
                0x08002714                DMA1_Channel2_IRQHandler
                0x08002714                CAN1_SCE_IRQHandler
                0x08002714                FLASH_IRQHandler
                0x08002714                I2C1_ER_IRQHandler
 .text.decamutexon
                0x08002716       0x16 ./DW/Driver/deca_mutex.o
                0x08002716                decamutexon
 .text.decamutexoff
                0x0800272c        0xa ./DW/Driver/deca_mutex.o
                0x0800272c                decamutexoff
 *fill*         0x08002736        0x2 
 .text.display_to_lcd_twr
                0x08002738       0xbc ./DW/Examples/ds_twr_sts_sdc_responder.o
                0x08002738                display_to_lcd_twr
 .text.pdoa2XY  0x080027f4      0x144 ./DW/Examples/ds_twr_sts_sdc_responder.o
                0x080027f4                pdoa2XY
 .text.r95Sort  0x08002938       0xac ./DW/Examples/ds_twr_sts_sdc_responder.o
                0x08002938                r95Sort
 .text.motionFilter.part.0
                0x080029e4      0x120 ./DW/Examples/ds_twr_sts_sdc_responder.o
 .text.motionFilter
                0x08002b04       0x18 ./DW/Examples/ds_twr_sts_sdc_responder.o
                0x08002b04                motionFilter
 .text.discovery_process
                0x08002b1c       0xa8 ./DW/Examples/ds_twr_sts_sdc_responder.o
                0x08002b1c                discovery_process
 *fill*         0x08002bc4        0x4 
 .text.ranging_process
                0x08002bc8      0x35c ./DW/Examples/ds_twr_sts_sdc_responder.o
                0x08002bc8                ranging_process
 .text.ds_twr_sts_sdc_responder
                0x08002f24      0x13c ./DW/Examples/ds_twr_sts_sdc_responder.o
                0x08002f24                ds_twr_sts_sdc_responder
 .text.get_tx_timestamp_u64
                0x08003060       0x26 ./DW/Examples/shared_functions.o
                0x08003060                get_tx_timestamp_u64
 .text.get_rx_timestamp_u64
                0x08003086       0x26 ./DW/Examples/shared_functions.o
                0x08003086                get_rx_timestamp_u64
 .text.final_msg_get_ts
                0x080030ac       0x1c ./DW/Examples/shared_functions.o
                0x080030ac                final_msg_get_ts
 .text.signal_to_pc_new_tag_discovered
                0x080030c8       0x78 ./DW/PDoA/json_2pc.o
                0x080030c8                signal_to_pc_new_tag_discovered
 .text.send_to_pc_custom_twr_carfollow
                0x08003140       0x96 ./DW/PDoA/json_2pc.o
                0x08003140                send_to_pc_custom_twr_carfollow
 *fill*         0x080031d6        0x2 
 .text.send_to_pc_twr
                0x080031d8      0x158 ./DW/PDoA/json_2pc.o
                0x080031d8                send_to_pc_twr
 .text.get_knownTagList
                0x08003330        0xc ./DW/PDoA/tag_list.o
                0x08003330                get_knownTagList
 .text.get_knownTagList_size
                0x0800333c       0x14 ./DW/PDoA/tag_list.o
                0x0800333c                get_knownTagList_size
 .text.get_tag64_from_knownTagList
                0x08003350       0x30 ./DW/PDoA/tag_list.o
                0x08003350                get_tag64_from_knownTagList
 .text.get_tag16_from_knownTagList
                0x08003380       0x1c ./DW/PDoA/tag_list.o
                0x08003380                get_tag16_from_knownTagList
 .text.get_free_slot_from_knownTagList
                0x0800339c       0x14 ./DW/PDoA/tag_list.o
                0x0800339c                get_free_slot_from_knownTagList
 .text.add_tag_to_knownTagList
                0x080033b0       0x5c ./DW/PDoA/tag_list.o
                0x080033b0                add_tag_to_knownTagList
 .text.del_tag16_from_knownTagList
                0x0800340c       0x16 ./DW/PDoA/tag_list.o
                0x0800340c                del_tag16_from_knownTagList
 .text.del_tag64_from_knownTagList
                0x08003422       0x16 ./DW/PDoA/tag_list.o
                0x08003422                del_tag64_from_knownTagList
 .text.getDList_size
                0x08003438       0x14 ./DW/PDoA/tag_list.o
                0x08003438                getDList_size
 .text.getDList
                0x0800344c        0x8 ./DW/PDoA/tag_list.o
                0x0800344c                getDList
 .text.addTagToDList
                0x08003454       0x24 ./DW/PDoA/tag_list.o
                0x08003454                addTagToDList
 .text.initDList
                0x08003478       0x10 ./DW/PDoA/tag_list.o
                0x08003478                initDList
 .text.portGetTickCnt
                0x08003488        0xc ./DW/PDoA/uwb.o
                0x08003488                portGetTickCnt
 .text.sleep_ms
                0x08003494       0x14 ./DW/PDoA/uwb.o
                0x08003494                sleep_ms
 .text.Sleep    0x080034a8        0x4 ./DW/PDoA/uwb.o
                0x080034a8                Sleep
 .text.deca_usleep
                0x080034ac       0x24 ./DW/PDoA/uwb.o
                0x080034ac                deca_usleep
 .text.reset_DWIC
                0x080034d0       0x40 ./DW/PDoA/uwb.o
                0x080034d0                reset_DWIC
 .text.SPI_ConfigFastRate
                0x08003510       0x48 ./DW/PDoA/uwb.o
                0x08003510                SPI_ConfigFastRate
 .text.port_set_dw_ic_spi_fastrate
                0x08003558        0x6 ./DW/PDoA/uwb.o
                0x08003558                port_set_dw_ic_spi_fastrate
 *fill*         0x0800355e        0x2 
 .text.readfromspi_serial
                0x08003560       0x4c ./DW/PDoA/uwb.o
                0x08003560                readfromspi_serial
 .text.writetospi_serial
                0x080035ac       0x5c ./DW/PDoA/uwb.o
                0x080035ac                writetospi_serial
 .text.EXTI_GetITEnStatus
                0x08003608       0x14 ./DW/PDoA/uwb.o
                0x08003608                EXTI_GetITEnStatus
 .text.process_deca_irq
                0x0800361c       0x1c ./DW/PDoA/uwb.o
                0x0800361c                process_deca_irq
 .text.HAL_InitTick
                0x08003638       0x48 ./Drivers/STM32F1xx_HAL_Driver/Src/stm32f1xx_hal.o
                0x08003638                HAL_InitTick
 .text.HAL_Init
                0x08003680       0x24 ./Drivers/STM32F1xx_HAL_Driver/Src/stm32f1xx_hal.o
                0x08003680                HAL_Init
 .text.HAL_IncTick
                0x080036a4       0x18 ./Drivers/STM32F1xx_HAL_Driver/Src/stm32f1xx_hal.o
                0x080036a4                HAL_IncTick
 .text.HAL_GetTick
                0x080036bc        0xc ./Drivers/STM32F1xx_HAL_Driver/Src/stm32f1xx_hal.o
                0x080036bc                HAL_GetTick
 .text.HAL_Delay
                0x080036c8       0x24 ./Drivers/STM32F1xx_HAL_Driver/Src/stm32f1xx_hal.o
                0x080036c8                HAL_Delay
 .text.HAL_NVIC_SetPriorityGrouping
                0x080036ec       0x24 ./Drivers/STM32F1xx_HAL_Driver/Src/stm32f1xx_hal_cortex.o
                0x080036ec                HAL_NVIC_SetPriorityGrouping
 .text.HAL_NVIC_SetPriority
                0x08003710       0x60 ./Drivers/STM32F1xx_HAL_Driver/Src/stm32f1xx_hal_cortex.o
                0x08003710                HAL_NVIC_SetPriority
 .text.HAL_NVIC_EnableIRQ
                0x08003770       0x1c ./Drivers/STM32F1xx_HAL_Driver/Src/stm32f1xx_hal_cortex.o
                0x08003770                HAL_NVIC_EnableIRQ
 .text.HAL_NVIC_DisableIRQ
                0x0800378c       0x24 ./Drivers/STM32F1xx_HAL_Driver/Src/stm32f1xx_hal_cortex.o
                0x0800378c                HAL_NVIC_DisableIRQ
 .text.HAL_SYSTICK_Config
                0x080037b0       0x28 ./Drivers/STM32F1xx_HAL_Driver/Src/stm32f1xx_hal_cortex.o
                0x080037b0                HAL_SYSTICK_Config
 .text.HAL_DMA_Init
                0x080037d8       0x60 ./Drivers/STM32F1xx_HAL_Driver/Src/stm32f1xx_hal_dma.o
                0x080037d8                HAL_DMA_Init
 .text.HAL_DMA_Start_IT
                0x08003838       0x78 ./Drivers/STM32F1xx_HAL_Driver/Src/stm32f1xx_hal_dma.o
                0x08003838                HAL_DMA_Start_IT
 .text.HAL_DMA_Abort
                0x080038b0       0x3e ./Drivers/STM32F1xx_HAL_Driver/Src/stm32f1xx_hal_dma.o
                0x080038b0                HAL_DMA_Abort
 *fill*         0x080038ee        0x2 
 .text.HAL_DMA_Abort_IT
                0x080038f0       0x8c ./Drivers/STM32F1xx_HAL_Driver/Src/stm32f1xx_hal_dma.o
                0x080038f0                HAL_DMA_Abort_IT
 .text.HAL_DMA_IRQHandler
                0x0800397c      0x128 ./Drivers/STM32F1xx_HAL_Driver/Src/stm32f1xx_hal_dma.o
                0x0800397c                HAL_DMA_IRQHandler
 .text.FLASH_SetErrorCode
                0x08003aa4       0x50 ./Drivers/STM32F1xx_HAL_Driver/Src/stm32f1xx_hal_flash.o
 .text.HAL_FLASH_Unlock
                0x08003af4       0x24 ./Drivers/STM32F1xx_HAL_Driver/Src/stm32f1xx_hal_flash.o
                0x08003af4                HAL_FLASH_Unlock
 .text.HAL_FLASH_Lock
                0x08003b18       0x14 ./Drivers/STM32F1xx_HAL_Driver/Src/stm32f1xx_hal_flash.o
                0x08003b18                HAL_FLASH_Lock
 .text.FLASH_WaitForLastOperation
                0x08003b2c       0x54 ./Drivers/STM32F1xx_HAL_Driver/Src/stm32f1xx_hal_flash.o
                0x08003b2c                FLASH_WaitForLastOperation
 .text.HAL_FLASH_Program
                0x08003b80       0xa4 ./Drivers/STM32F1xx_HAL_Driver/Src/stm32f1xx_hal_flash.o
                0x08003b80                HAL_FLASH_Program
 .text.FLASH_PageErase
                0x08003c24       0x24 ./Drivers/STM32F1xx_HAL_Driver/Src/stm32f1xx_hal_flash_ex.o
                0x08003c24                FLASH_PageErase
 .text.HAL_FLASHEx_Erase
                0x08003c48       0xa8 ./Drivers/STM32F1xx_HAL_Driver/Src/stm32f1xx_hal_flash_ex.o
                0x08003c48                HAL_FLASHEx_Erase
 .text.HAL_GPIO_Init
                0x08003cf0      0x1a8 ./Drivers/STM32F1xx_HAL_Driver/Src/stm32f1xx_hal_gpio.o
                0x08003cf0                HAL_GPIO_Init
 .text.HAL_GPIO_DeInit
                0x08003e98       0xdc ./Drivers/STM32F1xx_HAL_Driver/Src/stm32f1xx_hal_gpio.o
                0x08003e98                HAL_GPIO_DeInit
 .text.HAL_GPIO_ReadPin
                0x08003f74        0xc ./Drivers/STM32F1xx_HAL_Driver/Src/stm32f1xx_hal_gpio.o
                0x08003f74                HAL_GPIO_ReadPin
 .text.HAL_GPIO_WritePin
                0x08003f80        0xa ./Drivers/STM32F1xx_HAL_Driver/Src/stm32f1xx_hal_gpio.o
                0x08003f80                HAL_GPIO_WritePin
 .text.HAL_GPIO_EXTI_Callback
                0x08003f8a        0x2 ./Drivers/STM32F1xx_HAL_Driver/Src/stm32f1xx_hal_gpio.o
                0x08003f8a                HAL_GPIO_EXTI_Callback
 .text.HAL_GPIO_EXTI_IRQHandler
                0x08003f8c       0x18 ./Drivers/STM32F1xx_HAL_Driver/Src/stm32f1xx_hal_gpio.o
                0x08003f8c                HAL_GPIO_EXTI_IRQHandler
 .text.I2C_IsAcknowledgeFailed
                0x08003fa4       0x32 ./Drivers/STM32F1xx_HAL_Driver/Src/stm32f1xx_hal_i2c.o
 .text.I2C_WaitOnFlagUntilTimeout
                0x08003fd6       0x80 ./Drivers/STM32F1xx_HAL_Driver/Src/stm32f1xx_hal_i2c.o
 .text.I2C_WaitOnMasterAddressFlagUntilTimeout
                0x08004056       0x84 ./Drivers/STM32F1xx_HAL_Driver/Src/stm32f1xx_hal_i2c.o
 .text.I2C_WaitOnTXEFlagUntilTimeout
                0x080040da       0x54 ./Drivers/STM32F1xx_HAL_Driver/Src/stm32f1xx_hal_i2c.o
 *fill*         0x0800412e        0x2 
 .text.I2C_RequestMemoryWrite
                0x08004130       0xb4 ./Drivers/STM32F1xx_HAL_Driver/Src/stm32f1xx_hal_i2c.o
 .text.I2C_WaitOnBTFFlagUntilTimeout
                0x080041e4       0x54 ./Drivers/STM32F1xx_HAL_Driver/Src/stm32f1xx_hal_i2c.o
 .text.HAL_I2C_Init
                0x08004238      0x150 ./Drivers/STM32F1xx_HAL_Driver/Src/stm32f1xx_hal_i2c.o
                0x08004238                HAL_I2C_Init
 .text.HAL_I2C_Mem_Write
                0x08004388      0x120 ./Drivers/STM32F1xx_HAL_Driver/Src/stm32f1xx_hal_i2c.o
                0x08004388                HAL_I2C_Mem_Write
 .text.HAL_PCD_Init
                0x080044a8       0xc6 ./Drivers/STM32F1xx_HAL_Driver/Src/stm32f1xx_hal_pcd.o
                0x080044a8                HAL_PCD_Init
 .text.HAL_PCD_Start
                0x0800456e       0x32 ./Drivers/STM32F1xx_HAL_Driver/Src/stm32f1xx_hal_pcd.o
                0x0800456e                HAL_PCD_Start
 .text.HAL_PCD_SetAddress
                0x080045a0       0x26 ./Drivers/STM32F1xx_HAL_Driver/Src/stm32f1xx_hal_pcd.o
                0x080045a0                HAL_PCD_SetAddress
 *fill*         0x080045c6        0x2 
 .text.HAL_PCD_IRQHandler
                0x080045c8      0xa08 ./Drivers/STM32F1xx_HAL_Driver/Src/stm32f1xx_hal_pcd.o
                0x080045c8                HAL_PCD_IRQHandler
 .text.HAL_PCD_EP_Open
                0x08004fd0       0x60 ./Drivers/STM32F1xx_HAL_Driver/Src/stm32f1xx_hal_pcd.o
                0x08004fd0                HAL_PCD_EP_Open
 .text.HAL_PCD_EP_Close
                0x08005030       0x50 ./Drivers/STM32F1xx_HAL_Driver/Src/stm32f1xx_hal_pcd.o
                0x08005030                HAL_PCD_EP_Close
 .text.HAL_PCD_EP_Receive
                0x08005080       0x2e ./Drivers/STM32F1xx_HAL_Driver/Src/stm32f1xx_hal_pcd.o
                0x08005080                HAL_PCD_EP_Receive
 .text.HAL_PCD_EP_GetRxCount
                0x080050ae       0x10 ./Drivers/STM32F1xx_HAL_Driver/Src/stm32f1xx_hal_pcd.o
                0x080050ae                HAL_PCD_EP_GetRxCount
 .text.HAL_PCD_EP_Transmit
                0x080050be       0x30 ./Drivers/STM32F1xx_HAL_Driver/Src/stm32f1xx_hal_pcd.o
                0x080050be                HAL_PCD_EP_Transmit
 .text.HAL_PCD_EP_SetStall
                0x080050ee       0x6c ./Drivers/STM32F1xx_HAL_Driver/Src/stm32f1xx_hal_pcd.o
                0x080050ee                HAL_PCD_EP_SetStall
 .text.HAL_PCD_EP_ClrStall
                0x0800515a       0x64 ./Drivers/STM32F1xx_HAL_Driver/Src/stm32f1xx_hal_pcd.o
                0x0800515a                HAL_PCD_EP_ClrStall
 .text.HAL_PCDEx_PMAConfig
                0x080051be       0x32 ./Drivers/STM32F1xx_HAL_Driver/Src/stm32f1xx_hal_pcd_ex.o
                0x080051be                HAL_PCDEx_PMAConfig
 .text.HAL_RCC_OscConfig
                0x080051f0      0x338 ./Drivers/STM32F1xx_HAL_Driver/Src/stm32f1xx_hal_rcc.o
                0x080051f0                HAL_RCC_OscConfig
 .text.HAL_RCC_GetSysClockFreq
                0x08005528       0x4c ./Drivers/STM32F1xx_HAL_Driver/Src/stm32f1xx_hal_rcc.o
                0x08005528                HAL_RCC_GetSysClockFreq
 .text.HAL_RCC_ClockConfig
                0x08005574      0x138 ./Drivers/STM32F1xx_HAL_Driver/Src/stm32f1xx_hal_rcc.o
                0x08005574                HAL_RCC_ClockConfig
 .text.HAL_RCC_GetPCLK1Freq
                0x080056ac       0x20 ./Drivers/STM32F1xx_HAL_Driver/Src/stm32f1xx_hal_rcc.o
                0x080056ac                HAL_RCC_GetPCLK1Freq
 .text.HAL_RCC_GetPCLK2Freq
                0x080056cc       0x20 ./Drivers/STM32F1xx_HAL_Driver/Src/stm32f1xx_hal_rcc.o
                0x080056cc                HAL_RCC_GetPCLK2Freq
 .text.HAL_RCCEx_PeriphCLKConfig
                0x080056ec       0xf4 ./Drivers/STM32F1xx_HAL_Driver/Src/stm32f1xx_hal_rcc_ex.o
                0x080056ec                HAL_RCCEx_PeriphCLKConfig
 .text.SPI_WaitFlagStateUntilTimeout
                0x080057e0       0xb8 ./Drivers/STM32F1xx_HAL_Driver/Src/stm32f1xx_hal_spi.o
 .text.SPI_EndRxTxTransaction
                0x08005898       0x38 ./Drivers/STM32F1xx_HAL_Driver/Src/stm32f1xx_hal_spi.o
 .text.SPI_EndRxTransaction
                0x080058d0       0x54 ./Drivers/STM32F1xx_HAL_Driver/Src/stm32f1xx_hal_spi.o
 .text.HAL_SPI_Init
                0x08005924       0xb0 ./Drivers/STM32F1xx_HAL_Driver/Src/stm32f1xx_hal_spi.o
                0x08005924                HAL_SPI_Init
 .text.HAL_SPI_DeInit
                0x080059d4       0x2c ./Drivers/STM32F1xx_HAL_Driver/Src/stm32f1xx_hal_spi.o
                0x080059d4                HAL_SPI_DeInit
 .text.HAL_SPI_Transmit
                0x08005a00      0x160 ./Drivers/STM32F1xx_HAL_Driver/Src/stm32f1xx_hal_spi.o
                0x08005a00                HAL_SPI_Transmit
 .text.HAL_SPI_TransmitReceive
                0x08005b60      0x1f8 ./Drivers/STM32F1xx_HAL_Driver/Src/stm32f1xx_hal_spi.o
                0x08005b60                HAL_SPI_TransmitReceive
 .text.HAL_SPI_Receive
                0x08005d58      0x146 ./Drivers/STM32F1xx_HAL_Driver/Src/stm32f1xx_hal_spi.o
                0x08005d58                HAL_SPI_Receive
 .text.HAL_SPI_ErrorCallback
                0x08005e9e        0x2 ./Drivers/STM32F1xx_HAL_Driver/Src/stm32f1xx_hal_spi.o
                0x08005e9e                HAL_SPI_ErrorCallback
 .text.HAL_SPI_IRQHandler
                0x08005ea0       0xec ./Drivers/STM32F1xx_HAL_Driver/Src/stm32f1xx_hal_spi.o
                0x08005ea0                HAL_SPI_IRQHandler
 .text.SPI_DMAAbortOnError
                0x08005f8c       0x10 ./Drivers/STM32F1xx_HAL_Driver/Src/stm32f1xx_hal_spi.o
 .text.HAL_TIM_PeriodElapsedCallback
                0x08005f9c        0x2 ./Drivers/STM32F1xx_HAL_Driver/Src/stm32f1xx_hal_tim.o
                0x08005f9c                HAL_TIM_PeriodElapsedCallback
 .text.HAL_TIM_OC_DelayElapsedCallback
                0x08005f9e        0x2 ./Drivers/STM32F1xx_HAL_Driver/Src/stm32f1xx_hal_tim.o
                0x08005f9e                HAL_TIM_OC_DelayElapsedCallback
 .text.HAL_TIM_IC_CaptureCallback
                0x08005fa0        0x2 ./Drivers/STM32F1xx_HAL_Driver/Src/stm32f1xx_hal_tim.o
                0x08005fa0                HAL_TIM_IC_CaptureCallback
 .text.HAL_TIM_PWM_PulseFinishedCallback
                0x08005fa2        0x2 ./Drivers/STM32F1xx_HAL_Driver/Src/stm32f1xx_hal_tim.o
                0x08005fa2                HAL_TIM_PWM_PulseFinishedCallback
 .text.HAL_TIM_TriggerCallback
                0x08005fa4        0x2 ./Drivers/STM32F1xx_HAL_Driver/Src/stm32f1xx_hal_tim.o
                0x08005fa4                HAL_TIM_TriggerCallback
 .text.HAL_TIM_IRQHandler
                0x08005fa6      0x128 ./Drivers/STM32F1xx_HAL_Driver/Src/stm32f1xx_hal_tim.o
                0x08005fa6                HAL_TIM_IRQHandler
 *fill*         0x080060ce        0x2 
 .text.TIM_Base_SetConfig
                0x080060d0       0x64 ./Drivers/STM32F1xx_HAL_Driver/Src/stm32f1xx_hal_tim.o
                0x080060d0                TIM_Base_SetConfig
 .text.HAL_TIM_Base_Init
                0x08006134       0x58 ./Drivers/STM32F1xx_HAL_Driver/Src/stm32f1xx_hal_tim.o
                0x08006134                HAL_TIM_Base_Init
 .text.TIM_ETR_SetConfig
                0x0800618c       0x14 ./Drivers/STM32F1xx_HAL_Driver/Src/stm32f1xx_hal_tim.o
                0x0800618c                TIM_ETR_SetConfig
 .text.HAL_TIM_ConfigClockSource
                0x080061a0      0x132 ./Drivers/STM32F1xx_HAL_Driver/Src/stm32f1xx_hal_tim.o
                0x080061a0                HAL_TIM_ConfigClockSource
 *fill*         0x080062d2        0x2 
 .text.HAL_TIMEx_MasterConfigSynchronization
                0x080062d4       0x5c ./Drivers/STM32F1xx_HAL_Driver/Src/stm32f1xx_hal_tim_ex.o
                0x080062d4                HAL_TIMEx_MasterConfigSynchronization
 .text.HAL_TIMEx_CommutCallback
                0x08006330        0x2 ./Drivers/STM32F1xx_HAL_Driver/Src/stm32f1xx_hal_tim_ex.o
                0x08006330                HAL_TIMEx_CommutCallback
 .text.HAL_TIMEx_BreakCallback
                0x08006332        0x2 ./Drivers/STM32F1xx_HAL_Driver/Src/stm32f1xx_hal_tim_ex.o
                0x08006332                HAL_TIMEx_BreakCallback
 .text.UART_EndRxTransfer
                0x08006334       0x5c ./Drivers/STM32F1xx_HAL_Driver/Src/stm32f1xx_hal_uart.o
 .text.UART_SetConfig
                0x08006390       0x74 ./Drivers/STM32F1xx_HAL_Driver/Src/stm32f1xx_hal_uart.o
 .text.UART_WaitOnFlagUntilTimeout.constprop.0
                0x08006404       0x64 ./Drivers/STM32F1xx_HAL_Driver/Src/stm32f1xx_hal_uart.o
 .text.HAL_UART_Init
                0x08006468       0x5e ./Drivers/STM32F1xx_HAL_Driver/Src/stm32f1xx_hal_uart.o
                0x08006468                HAL_UART_Init
 .text.HAL_UART_Transmit
                0x080064c6       0x9c ./Drivers/STM32F1xx_HAL_Driver/Src/stm32f1xx_hal_uart.o
                0x080064c6                HAL_UART_Transmit
 *fill*         0x08006562        0x2 
 .text.HAL_UART_Transmit_DMA
                0x08006564       0x74 ./Drivers/STM32F1xx_HAL_Driver/Src/stm32f1xx_hal_uart.o
                0x08006564                HAL_UART_Transmit_DMA
 .text.UART_DMATransmitCplt
                0x080065d8       0x4c ./Drivers/STM32F1xx_HAL_Driver/Src/stm32f1xx_hal_uart.o
 .text.HAL_UART_TxHalfCpltCallback
                0x08006624        0x2 ./Drivers/STM32F1xx_HAL_Driver/Src/stm32f1xx_hal_uart.o
                0x08006624                HAL_UART_TxHalfCpltCallback
 .text.UART_DMATxHalfCplt
                0x08006626        0xa ./Drivers/STM32F1xx_HAL_Driver/Src/stm32f1xx_hal_uart.o
 .text.HAL_UART_RxHalfCpltCallback
                0x08006630        0x2 ./Drivers/STM32F1xx_HAL_Driver/Src/stm32f1xx_hal_uart.o
                0x08006630                HAL_UART_RxHalfCpltCallback
 .text.UART_DMAError
                0x08006632       0x5a ./Drivers/STM32F1xx_HAL_Driver/Src/stm32f1xx_hal_uart.o
 .text.UART_DMAAbortOnError
                0x0800668c       0x10 ./Drivers/STM32F1xx_HAL_Driver/Src/stm32f1xx_hal_uart.o
 .text.HAL_UARTEx_RxEventCallback
                0x0800669c        0x2 ./Drivers/STM32F1xx_HAL_Driver/Src/stm32f1xx_hal_uart.o
                0x0800669c                HAL_UARTEx_RxEventCallback
 .text.UART_DMARxHalfCplt
                0x0800669e       0x1e ./Drivers/STM32F1xx_HAL_Driver/Src/stm32f1xx_hal_uart.o
 .text.UART_DMAReceiveCplt
                0x080066bc       0x98 ./Drivers/STM32F1xx_HAL_Driver/Src/stm32f1xx_hal_uart.o
 .text.UART_Receive_IT.isra.0
                0x08006754       0xb6 ./Drivers/STM32F1xx_HAL_Driver/Src/stm32f1xx_hal_uart.o
 *fill*         0x0800680a        0x2 
 .text.HAL_UART_IRQHandler
                0x0800680c      0x294 ./Drivers/STM32F1xx_HAL_Driver/Src/stm32f1xx_hal_uart.o
                0x0800680c                HAL_UART_IRQHandler
 .text.UART_Start_Receive_DMA
                0x08006aa0       0x98 ./Drivers/STM32F1xx_HAL_Driver/Src/stm32f1xx_hal_uart.o
                0x08006aa0                UART_Start_Receive_DMA
 .text.HAL_UART_Receive_DMA
                0x08006b38       0x22 ./Drivers/STM32F1xx_HAL_Driver/Src/stm32f1xx_hal_uart.o
                0x08006b38                HAL_UART_Receive_DMA
 .text.USB_CoreInit
                0x08006b5a        0xe ./Drivers/STM32F1xx_HAL_Driver/Src/stm32f1xx_ll_usb.o
                0x08006b5a                USB_CoreInit
 .text.USB_EnableGlobalInt
                0x08006b68       0x12 ./Drivers/STM32F1xx_HAL_Driver/Src/stm32f1xx_ll_usb.o
                0x08006b68                USB_EnableGlobalInt
 .text.USB_DisableGlobalInt
                0x08006b7a       0x14 ./Drivers/STM32F1xx_HAL_Driver/Src/stm32f1xx_ll_usb.o
                0x08006b7a                USB_DisableGlobalInt
 .text.USB_SetCurrentMode
                0x08006b8e        0x4 ./Drivers/STM32F1xx_HAL_Driver/Src/stm32f1xx_ll_usb.o
                0x08006b8e                USB_SetCurrentMode
 .text.USB_DevInit
                0x08006b92       0x22 ./Drivers/STM32F1xx_HAL_Driver/Src/stm32f1xx_ll_usb.o
                0x08006b92                USB_DevInit
 .text.USB_ActivateEndpoint
                0x08006bb4      0x2c0 ./Drivers/STM32F1xx_HAL_Driver/Src/stm32f1xx_ll_usb.o
                0x08006bb4                USB_ActivateEndpoint
 .text.USB_DeactivateEndpoint
                0x08006e74      0x1a6 ./Drivers/STM32F1xx_HAL_Driver/Src/stm32f1xx_ll_usb.o
                0x08006e74                USB_DeactivateEndpoint
 .text.USB_EPSetStall
                0x0800701a       0x40 ./Drivers/STM32F1xx_HAL_Driver/Src/stm32f1xx_ll_usb.o
                0x0800701a                USB_EPSetStall
 .text.USB_EPClearStall
                0x0800705a       0x92 ./Drivers/STM32F1xx_HAL_Driver/Src/stm32f1xx_ll_usb.o
                0x0800705a                USB_EPClearStall
 .text.USB_SetDevAddress
                0x080070ec        0xc ./Drivers/STM32F1xx_HAL_Driver/Src/stm32f1xx_ll_usb.o
                0x080070ec                USB_SetDevAddress
 .text.USB_DevConnect
                0x080070f8        0x4 ./Drivers/STM32F1xx_HAL_Driver/Src/stm32f1xx_ll_usb.o
                0x080070f8                USB_DevConnect
 .text.USB_DevDisconnect
                0x080070fc        0x4 ./Drivers/STM32F1xx_HAL_Driver/Src/stm32f1xx_ll_usb.o
                0x080070fc                USB_DevDisconnect
 .text.USB_ReadInterrupts
                0x08007100        0x8 ./Drivers/STM32F1xx_HAL_Driver/Src/stm32f1xx_ll_usb.o
                0x08007100                USB_ReadInterrupts
 .text.USB_EP0_OutStart
                0x08007108        0x4 ./Drivers/STM32F1xx_HAL_Driver/Src/stm32f1xx_ll_usb.o
                0x08007108                USB_EP0_OutStart
 .text.USB_WritePMA
                0x0800710c       0x20 ./Drivers/STM32F1xx_HAL_Driver/Src/stm32f1xx_ll_usb.o
                0x0800710c                USB_WritePMA
 .text.USB_EPStartXfer
                0x0800712c      0x46a ./Drivers/STM32F1xx_HAL_Driver/Src/stm32f1xx_ll_usb.o
                0x0800712c                USB_EPStartXfer
 .text.USB_ReadPMA
                0x08007596       0x38 ./Drivers/STM32F1xx_HAL_Driver/Src/stm32f1xx_ll_usb.o
                0x08007596                USB_ReadPMA
 *fill*         0x080075ce        0x2 
 .text.load_bssConfig
                0x080075d0       0x44 ./HAL/DW/dw_twe/config.o
                0x080075d0                load_bssConfig
 .text.HalFlashInit
                0x08007614        0x2 ./HAL/hal_flash.o
                0x08007614                HalFlashInit
 *fill*         0x08007616        0x2 
 .text.HalWrite_Flash
                0x08007618       0x60 ./HAL/hal_flash.o
                0x08007618                HalWrite_Flash
 .text.HalRead_Flash
                0x08007678       0x14 ./HAL/hal_flash.o
                0x08007678                HalRead_Flash
 .text.HalLedSet
                0x0800768c       0x20 ./HAL/hal_led.o
                0x0800768c                HalLedSet
 .text.HalLedInit
                0x080076ac       0x44 ./HAL/hal_led.o
                0x080076ac                HalLedInit
 .text.USBD_CDC_EP0_RxReady
                0x080076f0       0x28 ./Middlewares/ST/STM32_USB_Device_Library/Class/CDC/Src/usbd_cdc.o
 .text.USBD_CDC_GetFSCfgDesc
                0x08007718        0xc ./Middlewares/ST/STM32_USB_Device_Library/Class/CDC/Src/usbd_cdc.o
 .text.USBD_CDC_GetHSCfgDesc
                0x08007724        0xc ./Middlewares/ST/STM32_USB_Device_Library/Class/CDC/Src/usbd_cdc.o
 .text.USBD_CDC_GetOtherSpeedCfgDesc
                0x08007730        0xc ./Middlewares/ST/STM32_USB_Device_Library/Class/CDC/Src/usbd_cdc.o
 .text.USBD_CDC_GetDeviceQualifierDescriptor
                0x0800773c        0xc ./Middlewares/ST/STM32_USB_Device_Library/Class/CDC/Src/usbd_cdc.o
                0x0800773c                USBD_CDC_GetDeviceQualifierDescriptor
 .text.USBD_CDC_DataOut
                0x08007748       0x2e ./Middlewares/ST/STM32_USB_Device_Library/Class/CDC/Src/usbd_cdc.o
 .text.USBD_CDC_DataIn
                0x08007776       0x40 ./Middlewares/ST/STM32_USB_Device_Library/Class/CDC/Src/usbd_cdc.o
 .text.USBD_CDC_Setup
                0x080077b6       0xa2 ./Middlewares/ST/STM32_USB_Device_Library/Class/CDC/Src/usbd_cdc.o
 .text.USBD_CDC_DeInit
                0x08007858       0x42 ./Middlewares/ST/STM32_USB_Device_Library/Class/CDC/Src/usbd_cdc.o
 .text.USBD_CDC_Init
                0x0800789a       0x8c ./Middlewares/ST/STM32_USB_Device_Library/Class/CDC/Src/usbd_cdc.o
 .text.USBD_CDC_RegisterInterface
                0x08007926        0xe ./Middlewares/ST/STM32_USB_Device_Library/Class/CDC/Src/usbd_cdc.o
                0x08007926                USBD_CDC_RegisterInterface
 .text.USBD_CDC_SetTxBuffer
                0x08007934       0x10 ./Middlewares/ST/STM32_USB_Device_Library/Class/CDC/Src/usbd_cdc.o
                0x08007934                USBD_CDC_SetTxBuffer
 .text.USBD_CDC_SetRxBuffer
                0x08007944        0xc ./Middlewares/ST/STM32_USB_Device_Library/Class/CDC/Src/usbd_cdc.o
                0x08007944                USBD_CDC_SetRxBuffer
 .text.USBD_CDC_TransmitPacket
                0x08007950       0x32 ./Middlewares/ST/STM32_USB_Device_Library/Class/CDC/Src/usbd_cdc.o
                0x08007950                USBD_CDC_TransmitPacket
 .text.USBD_CDC_ReceivePacket
                0x08007982       0x26 ./Middlewares/ST/STM32_USB_Device_Library/Class/CDC/Src/usbd_cdc.o
                0x08007982                USBD_CDC_ReceivePacket
 .text.USBD_Init
                0x080079a8       0x2a ./Middlewares/ST/STM32_USB_Device_Library/Core/Src/usbd_core.o
                0x080079a8                USBD_Init
 .text.USBD_RegisterClass
                0x080079d2        0xe ./Middlewares/ST/STM32_USB_Device_Library/Core/Src/usbd_core.o
                0x080079d2                USBD_RegisterClass
 .text.USBD_Start
                0x080079e0        0xa ./Middlewares/ST/STM32_USB_Device_Library/Core/Src/usbd_core.o
                0x080079e0                USBD_Start
 .text.USBD_SetClassConfig
                0x080079ea       0x1a ./Middlewares/ST/STM32_USB_Device_Library/Core/Src/usbd_core.o
                0x080079ea                USBD_SetClassConfig
 .text.USBD_ClrClassConfig
                0x08007a04        0xe ./Middlewares/ST/STM32_USB_Device_Library/Core/Src/usbd_core.o
                0x08007a04                USBD_ClrClassConfig
 .text.USBD_LL_SetupStage
                0x08007a12       0x5a ./Middlewares/ST/STM32_USB_Device_Library/Core/Src/usbd_core.o
                0x08007a12                USBD_LL_SetupStage
 .text.USBD_LL_DataOutStage
                0x08007a6c       0x70 ./Middlewares/ST/STM32_USB_Device_Library/Core/Src/usbd_core.o
                0x08007a6c                USBD_LL_DataOutStage
 .text.USBD_LL_DataInStage
                0x08007adc       0xb8 ./Middlewares/ST/STM32_USB_Device_Library/Core/Src/usbd_core.o
                0x08007adc                USBD_LL_DataInStage
 .text.USBD_LL_Reset
                0x08007b94       0x4e ./Middlewares/ST/STM32_USB_Device_Library/Core/Src/usbd_core.o
                0x08007b94                USBD_LL_Reset
 .text.USBD_LL_SetSpeed
                0x08007be2        0x6 ./Middlewares/ST/STM32_USB_Device_Library/Core/Src/usbd_core.o
                0x08007be2                USBD_LL_SetSpeed
 .text.USBD_LL_Suspend
                0x08007be8       0x12 ./Middlewares/ST/STM32_USB_Device_Library/Core/Src/usbd_core.o
                0x08007be8                USBD_LL_Suspend
 .text.USBD_LL_Resume
                0x08007bfa       0x14 ./Middlewares/ST/STM32_USB_Device_Library/Core/Src/usbd_core.o
                0x08007bfa                USBD_LL_Resume
 .text.USBD_LL_SOF
                0x08007c0e       0x18 ./Middlewares/ST/STM32_USB_Device_Library/Core/Src/usbd_core.o
                0x08007c0e                USBD_LL_SOF
 .text.USBD_CtlError.constprop.0
                0x08007c26       0x16 ./Middlewares/ST/STM32_USB_Device_Library/Core/Src/usbd_ctlreq.o
 .text.USBD_StdDevReq
                0x08007c3c      0x290 ./Middlewares/ST/STM32_USB_Device_Library/Core/Src/usbd_ctlreq.o
                0x08007c3c                USBD_StdDevReq
 .text.USBD_StdItfReq
                0x08007ecc       0x48 ./Middlewares/ST/STM32_USB_Device_Library/Core/Src/usbd_ctlreq.o
                0x08007ecc                USBD_StdItfReq
 .text.USBD_StdEPReq
                0x08007f14      0x118 ./Middlewares/ST/STM32_USB_Device_Library/Core/Src/usbd_ctlreq.o
                0x08007f14                USBD_StdEPReq
 .text.USBD_ParseSetupRequest
                0x0800802c       0x16 ./Middlewares/ST/STM32_USB_Device_Library/Core/Src/usbd_ctlreq.o
                0x0800802c                USBD_ParseSetupRequest
 .text.USBD_CtlError
                0x08008042       0x16 ./Middlewares/ST/STM32_USB_Device_Library/Core/Src/usbd_ctlreq.o
                0x08008042                USBD_CtlError
 .text.USBD_GetString
                0x08008058       0x38 ./Middlewares/ST/STM32_USB_Device_Library/Core/Src/usbd_ctlreq.o
                0x08008058                USBD_GetString
 .text.USBD_CtlSendData
                0x08008090       0x1a ./Middlewares/ST/STM32_USB_Device_Library/Core/Src/usbd_ioreq.o
                0x08008090                USBD_CtlSendData
 .text.USBD_CtlContinueSendData
                0x080080aa       0x10 ./Middlewares/ST/STM32_USB_Device_Library/Core/Src/usbd_ioreq.o
                0x080080aa                USBD_CtlContinueSendData
 .text.USBD_CtlPrepareRx
                0x080080ba       0x1a ./Middlewares/ST/STM32_USB_Device_Library/Core/Src/usbd_ioreq.o
                0x080080ba                USBD_CtlPrepareRx
 .text.USBD_CtlContinueRx
                0x080080d4       0x10 ./Middlewares/ST/STM32_USB_Device_Library/Core/Src/usbd_ioreq.o
                0x080080d4                USBD_CtlContinueRx
 .text.USBD_CtlSendStatus
                0x080080e4       0x16 ./Middlewares/ST/STM32_USB_Device_Library/Core/Src/usbd_ioreq.o
                0x080080e4                USBD_CtlSendStatus
 .text.USBD_CtlReceiveStatus
                0x080080fa       0x16 ./Middlewares/ST/STM32_USB_Device_Library/Core/Src/usbd_ioreq.o
                0x080080fa                USBD_CtlReceiveStatus
 .text.I2C_WriteByte
                0x08008110       0x2c ./OLED/OLED_I2C.o
                0x08008110                I2C_WriteByte
 .text.WriteCmd
                0x0800813c        0x8 ./OLED/OLED_I2C.o
                0x0800813c                WriteCmd
 .text.WriteDat
                0x08008144        0x8 ./OLED/OLED_I2C.o
                0x08008144                WriteDat
 .text.OLED_Init
                0x0800814c       0xb4 ./OLED/OLED_I2C.o
                0x0800814c                OLED_Init
 .text.OLED_SetPos
                0x08008200       0x28 ./OLED/OLED_I2C.o
                0x08008200                OLED_SetPos
 .text.OLED_Fill
                0x08008228       0x32 ./OLED/OLED_I2C.o
                0x08008228                OLED_Fill
 *fill*         0x0800825a        0x2 
 .text.OLED_ShowStr
                0x0800825c       0xe8 ./OLED/OLED_I2C.o
                0x0800825c                OLED_ShowStr
 .text.OLED_ShowCN
                0x08008344       0x54 ./OLED/OLED_I2C.o
                0x08008344                OLED_ShowCN
 .text.osal_CreateQueue
                0x08008398        0xc ./OSAL/OSAL.o
                0x08008398                osal_CreateQueue
 .text.osal_FullQueue
                0x080083a4       0x1e ./OSAL/OSAL.o
                0x080083a4                osal_FullQueue
 .text.osal_Enqueue
                0x080083c2       0x58 ./OSAL/OSAL.o
                0x080083c2                osal_Enqueue
 *fill*         0x0800841a        0x2 
 .text.osal_Dequeue
                0x0800841c       0x5c ./OSAL/OSAL.o
                0x0800841c                osal_Dequeue
 .text.QUEUE_PacketCreate
                0x08008478        0xc ./US/Queue.o
                0x08008478                QUEUE_PacketCreate
 .text.QUEUE_PacketIn
                0x08008484       0x2e ./US/Queue.o
                0x08008484                QUEUE_PacketIn
 .text.QUEUE_PacketOut
                0x080084b2       0x38 ./US/Queue.o
                0x080084b2                QUEUE_PacketOut
 *fill*         0x080084ea        0x2 
 .text.Set_System
                0x080084ec       0x80 ./US/hw_config.o
                0x080084ec                Set_System
 .text.USB_Config
                0x0800856c        0x4 ./US/hw_config.o
                0x0800856c                USB_Config
 .text.USB_RxRead
                0x08008570       0x10 ./US/hw_config.o
                0x08008570                USB_RxRead
 .text.USB_TxWrite
                0x08008580       0x10 ./US/hw_config.o
                0x08008580                USB_TxWrite
 .text.MX_USB_DEVICE_Init
                0x08008590       0x50 ./USB_DEVICE/App/usb_device.o
                0x08008590                MX_USB_DEVICE_Init
 .text.CDC_DeInit_FS
                0x080085e0        0x4 ./USB_DEVICE/App/usbd_cdc_if.o
 .text.CDC_Control_FS
                0x080085e4        0x4 ./USB_DEVICE/App/usbd_cdc_if.o
 .text.CDC_Receive_FS
                0x080085e8       0x2c ./USB_DEVICE/App/usbd_cdc_if.o
 .text.CDC_Init_FS
                0x08008614       0x28 ./USB_DEVICE/App/usbd_cdc_if.o
 .text.CDC_Transmit_FS
                0x0800863c       0x2c ./USB_DEVICE/App/usbd_cdc_if.o
                0x0800863c                CDC_Transmit_FS
 .text.ProcessUsbTx
                0x08008668       0x34 ./USB_DEVICE/App/usbd_cdc_if.o
                0x08008668                ProcessUsbTx
 .text.HalUsbWrite
                0x0800869c        0x4 ./USB_DEVICE/App/usbd_cdc_if.o
                0x0800869c                HalUsbWrite
 .text.USBD_FS_DeviceDescriptor
                0x080086a0        0xc ./USB_DEVICE/App/usbd_desc.o
                0x080086a0                USBD_FS_DeviceDescriptor
 .text.USBD_FS_LangIDStrDescriptor
                0x080086ac        0xc ./USB_DEVICE/App/usbd_desc.o
                0x080086ac                USBD_FS_LangIDStrDescriptor
 .text.IntToUnicode
                0x080086b8       0x2a ./USB_DEVICE/App/usbd_desc.o
 *fill*         0x080086e2        0x2 
 .text.USBD_FS_SerialStrDescriptor
                0x080086e4       0x3c ./USB_DEVICE/App/usbd_desc.o
                0x080086e4                USBD_FS_SerialStrDescriptor
 .text.USBD_FS_ManufacturerStrDescriptor
                0x08008720       0x1c ./USB_DEVICE/App/usbd_desc.o
                0x08008720                USBD_FS_ManufacturerStrDescriptor
 .text.USBD_FS_ProductStrDescriptor
                0x0800873c       0x1c ./USB_DEVICE/App/usbd_desc.o
                0x0800873c                USBD_FS_ProductStrDescriptor
 .text.USBD_FS_ConfigStrDescriptor
                0x08008758       0x1c ./USB_DEVICE/App/usbd_desc.o
                0x08008758                USBD_FS_ConfigStrDescriptor
 .text.USBD_FS_InterfaceStrDescriptor
                0x08008774       0x1c ./USB_DEVICE/App/usbd_desc.o
                0x08008774                USBD_FS_InterfaceStrDescriptor
 .text.USBD_Get_USB_Status
                0x08008790        0xc ./USB_DEVICE/Target/usbd_conf.o
 .text.HAL_PCD_MspInit
                0x0800879c       0x40 ./USB_DEVICE/Target/usbd_conf.o
                0x0800879c                HAL_PCD_MspInit
 .text.HAL_PCD_SetupStageCallback
                0x080087dc        0xc ./USB_DEVICE/Target/usbd_conf.o
                0x080087dc                HAL_PCD_SetupStageCallback
 .text.HAL_PCD_DataOutStageCallback
                0x080087e8       0x12 ./USB_DEVICE/Target/usbd_conf.o
                0x080087e8                HAL_PCD_DataOutStageCallback
 .text.HAL_PCD_DataInStageCallback
                0x080087fa       0x10 ./USB_DEVICE/Target/usbd_conf.o
                0x080087fa                HAL_PCD_DataInStageCallback
 .text.HAL_PCD_SOFCallback
                0x0800880a        0x8 ./USB_DEVICE/Target/usbd_conf.o
                0x0800880a                HAL_PCD_SOFCallback
 .text.HAL_PCD_ResetCallback
                0x08008812       0x24 ./USB_DEVICE/Target/usbd_conf.o
                0x08008812                HAL_PCD_ResetCallback
 *fill*         0x08008836        0x2 
 .text.HAL_PCD_SuspendCallback
                0x08008838       0x20 ./USB_DEVICE/Target/usbd_conf.o
                0x08008838                HAL_PCD_SuspendCallback
 .text.HAL_PCD_ResumeCallback
                0x08008858        0x8 ./USB_DEVICE/Target/usbd_conf.o
                0x08008858                HAL_PCD_ResumeCallback
 .text.USBD_LL_Init
                0x08008860       0x80 ./USB_DEVICE/Target/usbd_conf.o
                0x08008860                USBD_LL_Init
 .text.USBD_LL_Start
                0x080088e0       0x12 ./USB_DEVICE/Target/usbd_conf.o
                0x080088e0                USBD_LL_Start
 .text.USBD_LL_OpenEP
                0x080088f2       0x18 ./USB_DEVICE/Target/usbd_conf.o
                0x080088f2                USBD_LL_OpenEP
 .text.USBD_LL_CloseEP
                0x0800890a       0x12 ./USB_DEVICE/Target/usbd_conf.o
                0x0800890a                USBD_LL_CloseEP
 .text.USBD_LL_StallEP
                0x0800891c       0x12 ./USB_DEVICE/Target/usbd_conf.o
                0x0800891c                USBD_LL_StallEP
 .text.USBD_LL_ClearStallEP
                0x0800892e       0x12 ./USB_DEVICE/Target/usbd_conf.o
                0x0800892e                USBD_LL_ClearStallEP
 .text.USBD_LL_IsStallEP
                0x08008940       0x22 ./USB_DEVICE/Target/usbd_conf.o
                0x08008940                USBD_LL_IsStallEP
 .text.USBD_LL_SetUSBAddress
                0x08008962       0x12 ./USB_DEVICE/Target/usbd_conf.o
                0x08008962                USBD_LL_SetUSBAddress
 .text.USBD_LL_Transmit
                0x08008974       0x12 ./USB_DEVICE/Target/usbd_conf.o
                0x08008974                USBD_LL_Transmit
 .text.USBD_LL_PrepareReceive
                0x08008986       0x12 ./USB_DEVICE/Target/usbd_conf.o
                0x08008986                USBD_LL_PrepareReceive
 .text.USBD_LL_GetRxDataSize
                0x08008998        0x8 ./USB_DEVICE/Target/usbd_conf.o
                0x08008998                USBD_LL_GetRxDataSize
 .text.USBD_static_malloc
                0x080089a0        0x8 ./USB_DEVICE/Target/usbd_conf.o
                0x080089a0                USBD_static_malloc
 .text.USBD_static_free
                0x080089a8        0x2 ./USB_DEVICE/Target/usbd_conf.o
                0x080089a8                USBD_static_free
 .text.HAL_PCDEx_SetConnectionState
                0x080089aa        0x2 ./USB_DEVICE/Target/usbd_conf.o
                0x080089aa                HAL_PCDEx_SetConnectionState
 .text.dwt_xfer3000.constprop.0
                0x080089ac       0xa0 D:\bobo\File\xwechat_files\wxid_7pcrj0jpswx422_e57e\msg\file\2026-04\project\project\Core\Src\libUWBlib.a(deca_device.o)
 .text.dwt_modify32bitoffsetreg.constprop.0
                0x08008a4c       0x54 D:\bobo\File\xwechat_files\wxid_7pcrj0jpswx422_e57e\msg\file\2026-04\project\project\Core\Src\libUWBlib.a(deca_device.o)
 .text.dwt_xfer3000.constprop.1
                0x08008aa0       0xe0 D:\bobo\File\xwechat_files\wxid_7pcrj0jpswx422_e57e\msg\file\2026-04\project\project\Core\Src\libUWBlib.a(deca_device.o)
 .text._dwt_prog_ldo_and_bias_tune
                0x08008b80       0x78 D:\bobo\File\xwechat_files\wxid_7pcrj0jpswx422_e57e\msg\file\2026-04\project\project\Core\Src\libUWBlib.a(deca_device.o)
 .text.dwt_write32bitoffsetreg.constprop.0
                0x08008bf8       0x6c D:\bobo\File\xwechat_files\wxid_7pcrj0jpswx422_e57e\msg\file\2026-04\project\project\Core\Src\libUWBlib.a(deca_device.o)
 .text._dwt_otpread
                0x08008c64      0x128 D:\bobo\File\xwechat_files\wxid_7pcrj0jpswx422_e57e\msg\file\2026-04\project\project\Core\Src\libUWBlib.a(deca_device.o)
 .text.dwt_read32bitoffsetreg
                0x08008d8c       0xd8 D:\bobo\File\xwechat_files\wxid_7pcrj0jpswx422_e57e\msg\file\2026-04\project\project\Core\Src\libUWBlib.a(deca_device.o)
                0x08008d8c                dwt_read32bitoffsetreg
 .text.dwt_write32bitoffsetreg
                0x08008e64       0x74 D:\bobo\File\xwechat_files\wxid_7pcrj0jpswx422_e57e\msg\file\2026-04\project\project\Core\Src\libUWBlib.a(deca_device.o)
                0x08008e64                dwt_write32bitoffsetreg
 .text.dwt_initialise
                0x08008ed8      0x1b4 D:\bobo\File\xwechat_files\wxid_7pcrj0jpswx422_e57e\msg\file\2026-04\project\project\Core\Src\libUWBlib.a(deca_device.o)
                0x08008ed8                dwt_initialise
 .text.dwt_setlnapamode
                0x0800908c       0xec D:\bobo\File\xwechat_files\wxid_7pcrj0jpswx422_e57e\msg\file\2026-04\project\project\Core\Src\libUWBlib.a(deca_device.o)
                0x0800908c                dwt_setlnapamode
 .text.dwt_configmrxlut
                0x08009178      0x180 D:\bobo\File\xwechat_files\wxid_7pcrj0jpswx422_e57e\msg\file\2026-04\project\project\Core\Src\libUWBlib.a(deca_device.o)
                0x08009178                dwt_configmrxlut
 .text.dwt_run_pgfcal
                0x080092f8      0x2b0 D:\bobo\File\xwechat_files\wxid_7pcrj0jpswx422_e57e\msg\file\2026-04\project\project\Core\Src\libUWBlib.a(deca_device.o)
                0x080092f8                dwt_run_pgfcal
 .text.dwt_pgf_cal
                0x080095a8       0xe8 D:\bobo\File\xwechat_files\wxid_7pcrj0jpswx422_e57e\msg\file\2026-04\project\project\Core\Src\libUWBlib.a(deca_device.o)
                0x080095a8                dwt_pgf_cal
 .text.dwt_configure
                0x08009690      0x704 D:\bobo\File\xwechat_files\wxid_7pcrj0jpswx422_e57e\msg\file\2026-04\project\project\Core\Src\libUWBlib.a(deca_device.o)
                0x08009690                dwt_configure
 .text.dwt_setrxantennadelay
                0x08009d94       0x3c D:\bobo\File\xwechat_files\wxid_7pcrj0jpswx422_e57e\msg\file\2026-04\project\project\Core\Src\libUWBlib.a(deca_device.o)
                0x08009d94                dwt_setrxantennadelay
 .text.dwt_settxantennadelay
                0x08009dd0       0x40 D:\bobo\File\xwechat_files\wxid_7pcrj0jpswx422_e57e\msg\file\2026-04\project\project\Core\Src\libUWBlib.a(deca_device.o)
                0x08009dd0                dwt_settxantennadelay
 .text.dwt_writetxdata
                0x08009e10       0xac D:\bobo\File\xwechat_files\wxid_7pcrj0jpswx422_e57e\msg\file\2026-04\project\project\Core\Src\libUWBlib.a(deca_device.o)
                0x08009e10                dwt_writetxdata
 .text.dwt_writetxfctrl
                0x08009ebc       0xe0 D:\bobo\File\xwechat_files\wxid_7pcrj0jpswx422_e57e\msg\file\2026-04\project\project\Core\Src\libUWBlib.a(deca_device.o)
                0x08009ebc                dwt_writetxfctrl
 .text.dwt_readrxdata
                0x08009f9c       0xd0 D:\bobo\File\xwechat_files\wxid_7pcrj0jpswx422_e57e\msg\file\2026-04\project\project\Core\Src\libUWBlib.a(deca_device.o)
                0x08009f9c                dwt_readrxdata
 .text.dwt_readstsquality
                0x0800a06c       0x94 D:\bobo\File\xwechat_files\wxid_7pcrj0jpswx422_e57e\msg\file\2026-04\project\project\Core\Src\libUWBlib.a(deca_device.o)
                0x0800a06c                dwt_readstsquality
 .text.dwt_readtxtimestamp
                0x0800a100       0x8c D:\bobo\File\xwechat_files\wxid_7pcrj0jpswx422_e57e\msg\file\2026-04\project\project\Core\Src\libUWBlib.a(deca_device.o)
                0x0800a100                dwt_readtxtimestamp
 .text.dwt_readpdoa
                0x0800a18c      0x128 D:\bobo\File\xwechat_files\wxid_7pcrj0jpswx422_e57e\msg\file\2026-04\project\project\Core\Src\libUWBlib.a(deca_device.o)
                0x0800a18c                dwt_readpdoa
 .text.dwt_readrxtimestamp
                0x0800a2b4      0x130 D:\bobo\File\xwechat_files\wxid_7pcrj0jpswx422_e57e\msg\file\2026-04\project\project\Core\Src\libUWBlib.a(deca_device.o)
                0x0800a2b4                dwt_readrxtimestamp
 .text.dwt_setrxaftertxdelay
                0x0800a3e4       0xd8 D:\bobo\File\xwechat_files\wxid_7pcrj0jpswx422_e57e\msg\file\2026-04\project\project\Core\Src\libUWBlib.a(deca_device.o)
                0x0800a3e4                dwt_setrxaftertxdelay
 .text.dwt_checkidlerc
                0x0800a4bc       0x88 D:\bobo\File\xwechat_files\wxid_7pcrj0jpswx422_e57e\msg\file\2026-04\project\project\Core\Src\libUWBlib.a(deca_device.o)
                0x0800a4bc                dwt_checkidlerc
 .text.dwt_isr  0x0800a544      0x58c D:\bobo\File\xwechat_files\wxid_7pcrj0jpswx422_e57e\msg\file\2026-04\project\project\Core\Src\libUWBlib.a(deca_device.o)
                0x0800a544                dwt_isr
 .text.dwt_setleds
                0x0800aad0       0xd8 D:\bobo\File\xwechat_files\wxid_7pcrj0jpswx422_e57e\msg\file\2026-04\project\project\Core\Src\libUWBlib.a(deca_device.o)
                0x0800aad0                dwt_setleds
 .text.dwt_setdelayedtrxtime
                0x0800aba8       0x40 D:\bobo\File\xwechat_files\wxid_7pcrj0jpswx422_e57e\msg\file\2026-04\project\project\Core\Src\libUWBlib.a(deca_device.o)
                0x0800aba8                dwt_setdelayedtrxtime
 .text.dwt_starttx
                0x0800abe8      0x23c D:\bobo\File\xwechat_files\wxid_7pcrj0jpswx422_e57e\msg\file\2026-04\project\project\Core\Src\libUWBlib.a(deca_device.o)
                0x0800abe8                dwt_starttx
 .text.dwt_rxenable
                0x0800ae24      0x114 D:\bobo\File\xwechat_files\wxid_7pcrj0jpswx422_e57e\msg\file\2026-04\project\project\Core\Src\libUWBlib.a(deca_device.o)
                0x0800ae24                dwt_rxenable
 .text.dwt_setrxtimeout
                0x0800af38       0x7c D:\bobo\File\xwechat_files\wxid_7pcrj0jpswx422_e57e\msg\file\2026-04\project\project\Core\Src\libUWBlib.a(deca_device.o)
                0x0800af38                dwt_setrxtimeout
 .text.dwt_setpreambledetecttimeout
                0x0800afb4       0x40 D:\bobo\File\xwechat_files\wxid_7pcrj0jpswx422_e57e\msg\file\2026-04\project\project\Core\Src\libUWBlib.a(deca_device.o)
                0x0800afb4                dwt_setpreambledetecttimeout
 .text.dwt_calcbandwidthadj
                0x0800aff4      0x244 D:\bobo\File\xwechat_files\wxid_7pcrj0jpswx422_e57e\msg\file\2026-04\project\project\Core\Src\libUWBlib.a(deca_device.o)
                0x0800aff4                dwt_calcbandwidthadj
 .text.dwt_configuretxrf
                0x0800b238       0xdc D:\bobo\File\xwechat_files\wxid_7pcrj0jpswx422_e57e\msg\file\2026-04\project\project\Core\Src\libUWBlib.a(deca_device.o)
                0x0800b238                dwt_configuretxrf
 .text.__assert_func
                0x0800b314       0x3c D:/APP/STM32CubeIDE_1.19.0/STM32CubeIDE/plugins/com.st.stm32cube.ide.mcu.externaltools.gnu-tools-for-stm32.13.3.rel1.win32_1.0.0.202411081344/tools/bin/../lib/gcc/arm-none-eabi/13.3.1/../../../../arm-none-eabi/lib/thumb/v7-m/nofp\libc_nano.a(libc_a-assert.o)
                0x0800b314                __assert_func
 .text.malloc   0x0800b350       0x10 D:/APP/STM32CubeIDE_1.19.0/STM32CubeIDE/plugins/com.st.stm32cube.ide.mcu.externaltools.gnu-tools-for-stm32.13.3.rel1.win32_1.0.0.202411081344/tools/bin/../lib/gcc/arm-none-eabi/13.3.1/../../../../arm-none-eabi/lib/thumb/v7-m/nofp\libc_nano.a(libc_a-malloc.o)
                0x0800b350                malloc
 .text.free     0x0800b360       0x10 D:/APP/STM32CubeIDE_1.19.0/STM32CubeIDE/plugins/com.st.stm32cube.ide.mcu.externaltools.gnu-tools-for-stm32.13.3.rel1.win32_1.0.0.202411081344/tools/bin/../lib/gcc/arm-none-eabi/13.3.1/../../../../arm-none-eabi/lib/thumb/v7-m/nofp\libc_nano.a(libc_a-malloc.o)
                0x0800b360                free
 .text.sbrk_aligned
                0x0800b370       0x44 D:/APP/STM32CubeIDE_1.19.0/STM32CubeIDE/plugins/com.st.stm32cube.ide.mcu.externaltools.gnu-tools-for-stm32.13.3.rel1.win32_1.0.0.202411081344/tools/bin/../lib/gcc/arm-none-eabi/13.3.1/../../../../arm-none-eabi/lib/thumb/v7-m/nofp\libc_nano.a(libc_a-mallocr.o)
 .text._malloc_r
                0x0800b3b4      0x100 D:/APP/STM32CubeIDE_1.19.0/STM32CubeIDE/plugins/com.st.stm32cube.ide.mcu.externaltools.gnu-tools-for-stm32.13.3.rel1.win32_1.0.0.202411081344/tools/bin/../lib/gcc/arm-none-eabi/13.3.1/../../../../arm-none-eabi/lib/thumb/v7-m/nofp\libc_nano.a(libc_a-mallocr.o)
                0x0800b3b4                _malloc_r
 .text.__malloc_lock
                0x0800b4b4        0xc D:/APP/STM32CubeIDE_1.19.0/STM32CubeIDE/plugins/com.st.stm32cube.ide.mcu.externaltools.gnu-tools-for-stm32.13.3.rel1.win32_1.0.0.202411081344/tools/bin/../lib/gcc/arm-none-eabi/13.3.1/../../../../arm-none-eabi/lib/thumb/v7-m/nofp\libc_nano.a(libc_a-mlock.o)
                0x0800b4b4                __malloc_lock
 .text.__malloc_unlock
                0x0800b4c0        0xc D:/APP/STM32CubeIDE_1.19.0/STM32CubeIDE/plugins/com.st.stm32cube.ide.mcu.externaltools.gnu-tools-for-stm32.13.3.rel1.win32_1.0.0.202411081344/tools/bin/../lib/gcc/arm-none-eabi/13.3.1/../../../../arm-none-eabi/lib/thumb/v7-m/nofp\libc_nano.a(libc_a-mlock.o)
                0x0800b4c0                __malloc_unlock
 .text.std      0x0800b4cc       0x6c D:/APP/STM32CubeIDE_1.19.0/STM32CubeIDE/plugins/com.st.stm32cube.ide.mcu.externaltools.gnu-tools-for-stm32.13.3.rel1.win32_1.0.0.202411081344/tools/bin/../lib/gcc/arm-none-eabi/13.3.1/../../../../arm-none-eabi/lib/thumb/v7-m/nofp\libc_nano.a(libc_a-findfp.o)
 .text.stdio_exit_handler
                0x0800b538       0x18 D:/APP/STM32CubeIDE_1.19.0/STM32CubeIDE/plugins/com.st.stm32cube.ide.mcu.externaltools.gnu-tools-for-stm32.13.3.rel1.win32_1.0.0.202411081344/tools/bin/../lib/gcc/arm-none-eabi/13.3.1/../../../../arm-none-eabi/lib/thumb/v7-m/nofp\libc_nano.a(libc_a-findfp.o)
 .text.cleanup_stdio
                0x0800b550       0x40 D:/APP/STM32CubeIDE_1.19.0/STM32CubeIDE/plugins/com.st.stm32cube.ide.mcu.externaltools.gnu-tools-for-stm32.13.3.rel1.win32_1.0.0.202411081344/tools/bin/../lib/gcc/arm-none-eabi/13.3.1/../../../../arm-none-eabi/lib/thumb/v7-m/nofp\libc_nano.a(libc_a-findfp.o)
 .text.global_stdio_init.part.0
                0x0800b590       0x3c D:/APP/STM32CubeIDE_1.19.0/STM32CubeIDE/plugins/com.st.stm32cube.ide.mcu.externaltools.gnu-tools-for-stm32.13.3.rel1.win32_1.0.0.202411081344/tools/bin/../lib/gcc/arm-none-eabi/13.3.1/../../../../arm-none-eabi/lib/thumb/v7-m/nofp\libc_nano.a(libc_a-findfp.o)
 .text.__sfp_lock_acquire
                0x0800b5cc        0xc D:/APP/STM32CubeIDE_1.19.0/STM32CubeIDE/plugins/com.st.stm32cube.ide.mcu.externaltools.gnu-tools-for-stm32.13.3.rel1.win32_1.0.0.202411081344/tools/bin/../lib/gcc/arm-none-eabi/13.3.1/../../../../arm-none-eabi/lib/thumb/v7-m/nofp\libc_nano.a(libc_a-findfp.o)
                0x0800b5cc                __sfp_lock_acquire
 .text.__sfp_lock_release
                0x0800b5d8        0xc D:/APP/STM32CubeIDE_1.19.0/STM32CubeIDE/plugins/com.st.stm32cube.ide.mcu.externaltools.gnu-tools-for-stm32.13.3.rel1.win32_1.0.0.202411081344/tools/bin/../lib/gcc/arm-none-eabi/13.3.1/../../../../arm-none-eabi/lib/thumb/v7-m/nofp\libc_nano.a(libc_a-findfp.o)
                0x0800b5d8                __sfp_lock_release
 .text.__sinit  0x0800b5e4       0x30 D:/APP/STM32CubeIDE_1.19.0/STM32CubeIDE/plugins/com.st.stm32cube.ide.mcu.externaltools.gnu-tools-for-stm32.13.3.rel1.win32_1.0.0.202411081344/tools/bin/../lib/gcc/arm-none-eabi/13.3.1/../../../../arm-none-eabi/lib/thumb/v7-m/nofp\libc_nano.a(libc_a-findfp.o)
                0x0800b5e4                __sinit
 .text.fprintf  0x0800b614       0x24 D:/APP/STM32CubeIDE_1.19.0/STM32CubeIDE/plugins/com.st.stm32cube.ide.mcu.externaltools.gnu-tools-for-stm32.13.3.rel1.win32_1.0.0.202411081344/tools/bin/../lib/gcc/arm-none-eabi/13.3.1/../../../../arm-none-eabi/lib/thumb/v7-m/nofp\libc_nano.a(libc_a-fprintf.o)
                0x0800b614                fiprintf
                0x0800b614                fprintf
 .text._fwalk_sglue
                0x0800b638       0x3c D:/APP/STM32CubeIDE_1.19.0/STM32CubeIDE/plugins/com.st.stm32cube.ide.mcu.externaltools.gnu-tools-for-stm32.13.3.rel1.win32_1.0.0.202411081344/tools/bin/../lib/gcc/arm-none-eabi/13.3.1/../../../../arm-none-eabi/lib/thumb/v7-m/nofp\libc_nano.a(libc_a-fwalk.o)
                0x0800b638                _fwalk_sglue
 .text.snprintf
                0x0800b674       0x6c D:/APP/STM32CubeIDE_1.19.0/STM32CubeIDE/plugins/com.st.stm32cube.ide.mcu.externaltools.gnu-tools-for-stm32.13.3.rel1.win32_1.0.0.202411081344/tools/bin/../lib/gcc/arm-none-eabi/13.3.1/../../../../arm-none-eabi/lib/thumb/v7-m/nofp\libc_nano.a(libc_a-snprintf.o)
                0x0800b674                sniprintf
                0x0800b674                snprintf
 .text.sprintf  0x0800b6e0       0x44 D:/APP/STM32CubeIDE_1.19.0/STM32CubeIDE/plugins/com.st.stm32cube.ide.mcu.externaltools.gnu-tools-for-stm32.13.3.rel1.win32_1.0.0.202411081344/tools/bin/../lib/gcc/arm-none-eabi/13.3.1/../../../../arm-none-eabi/lib/thumb/v7-m/nofp\libc_nano.a(libc_a-sprintf.o)
                0x0800b6e0                siprintf
                0x0800b6e0                sprintf
 .text.sscanf   0x0800b724       0x58 D:/APP/STM32CubeIDE_1.19.0/STM32CubeIDE/plugins/com.st.stm32cube.ide.mcu.externaltools.gnu-tools-for-stm32.13.3.rel1.win32_1.0.0.202411081344/tools/bin/../lib/gcc/arm-none-eabi/13.3.1/../../../../arm-none-eabi/lib/thumb/v7-m/nofp\libc_nano.a(libc_a-sscanf.o)
                0x0800b724                siscanf
                0x0800b724                sscanf
 .text.__sread  0x0800b77c       0x22 D:/APP/STM32CubeIDE_1.19.0/STM32CubeIDE/plugins/com.st.stm32cube.ide.mcu.externaltools.gnu-tools-for-stm32.13.3.rel1.win32_1.0.0.202411081344/tools/bin/../lib/gcc/arm-none-eabi/13.3.1/../../../../arm-none-eabi/lib/thumb/v7-m/nofp\libc_nano.a(libc_a-stdio.o)
                0x0800b77c                __sread
 .text.__seofread
                0x0800b79e        0x4 D:/APP/STM32CubeIDE_1.19.0/STM32CubeIDE/plugins/com.st.stm32cube.ide.mcu.externaltools.gnu-tools-for-stm32.13.3.rel1.win32_1.0.0.202411081344/tools/bin/../lib/gcc/arm-none-eabi/13.3.1/../../../../arm-none-eabi/lib/thumb/v7-m/nofp\libc_nano.a(libc_a-stdio.o)
                0x0800b79e                __seofread
 .text.__swrite
                0x0800b7a2       0x38 D:/APP/STM32CubeIDE_1.19.0/STM32CubeIDE/plugins/com.st.stm32cube.ide.mcu.externaltools.gnu-tools-for-stm32.13.3.rel1.win32_1.0.0.202411081344/tools/bin/../lib/gcc/arm-none-eabi/13.3.1/../../../../arm-none-eabi/lib/thumb/v7-m/nofp\libc_nano.a(libc_a-stdio.o)
                0x0800b7a2                __swrite
 .text.__sseek  0x0800b7da       0x24 D:/APP/STM32CubeIDE_1.19.0/STM32CubeIDE/plugins/com.st.stm32cube.ide.mcu.externaltools.gnu-tools-for-stm32.13.3.rel1.win32_1.0.0.202411081344/tools/bin/../lib/gcc/arm-none-eabi/13.3.1/../../../../arm-none-eabi/lib/thumb/v7-m/nofp\libc_nano.a(libc_a-stdio.o)
                0x0800b7da                __sseek
 .text.__sclose
                0x0800b7fe        0x8 D:/APP/STM32CubeIDE_1.19.0/STM32CubeIDE/plugins/com.st.stm32cube.ide.mcu.externaltools.gnu-tools-for-stm32.13.3.rel1.win32_1.0.0.202411081344/tools/bin/../lib/gcc/arm-none-eabi/13.3.1/../../../../arm-none-eabi/lib/thumb/v7-m/nofp\libc_nano.a(libc_a-stdio.o)
                0x0800b7fe                __sclose
 .text._vsnprintf_r
                0x0800b806       0x5c D:/APP/STM32CubeIDE_1.19.0/STM32CubeIDE/plugins/com.st.stm32cube.ide.mcu.externaltools.gnu-tools-for-stm32.13.3.rel1.win32_1.0.0.202411081344/tools/bin/../lib/gcc/arm-none-eabi/13.3.1/../../../../arm-none-eabi/lib/thumb/v7-m/nofp\libc_nano.a(libc_a-vsnprintf.o)
                0x0800b806                _vsniprintf_r
                0x0800b806                _vsnprintf_r
 *fill*         0x0800b862        0x2 
 .text.vsnprintf
                0x0800b864       0x1c D:/APP/STM32CubeIDE_1.19.0/STM32CubeIDE/plugins/com.st.stm32cube.ide.mcu.externaltools.gnu-tools-for-stm32.13.3.rel1.win32_1.0.0.202411081344/tools/bin/../lib/gcc/arm-none-eabi/13.3.1/../../../../arm-none-eabi/lib/thumb/v7-m/nofp\libc_nano.a(libc_a-vsnprintf.o)
                0x0800b864                vsniprintf
                0x0800b864                vsnprintf
 .text.memcmp   0x0800b880       0x20 D:/APP/STM32CubeIDE_1.19.0/STM32CubeIDE/plugins/com.st.stm32cube.ide.mcu.externaltools.gnu-tools-for-stm32.13.3.rel1.win32_1.0.0.202411081344/tools/bin/../lib/gcc/arm-none-eabi/13.3.1/../../../../arm-none-eabi/lib/thumb/v7-m/nofp\libc_nano.a(libc_a-memcmp.o)
                0x0800b880                memcmp
 .text.memset   0x0800b8a0       0x10 D:/APP/STM32CubeIDE_1.19.0/STM32CubeIDE/plugins/com.st.stm32cube.ide.mcu.externaltools.gnu-tools-for-stm32.13.3.rel1.win32_1.0.0.202411081344/tools/bin/../lib/gcc/arm-none-eabi/13.3.1/../../../../arm-none-eabi/lib/thumb/v7-m/nofp\libc_nano.a(libc_a-memset.o)
                0x0800b8a0                memset
 .text._close_r
                0x0800b8b0       0x20 D:/APP/STM32CubeIDE_1.19.0/STM32CubeIDE/plugins/com.st.stm32cube.ide.mcu.externaltools.gnu-tools-for-stm32.13.3.rel1.win32_1.0.0.202411081344/tools/bin/../lib/gcc/arm-none-eabi/13.3.1/../../../../arm-none-eabi/lib/thumb/v7-m/nofp\libc_nano.a(libc_a-closer.o)
                0x0800b8b0                _close_r
 .text._lseek_r
                0x0800b8d0       0x24 D:/APP/STM32CubeIDE_1.19.0/STM32CubeIDE/plugins/com.st.stm32cube.ide.mcu.externaltools.gnu-tools-for-stm32.13.3.rel1.win32_1.0.0.202411081344/tools/bin/../lib/gcc/arm-none-eabi/13.3.1/../../../../arm-none-eabi/lib/thumb/v7-m/nofp\libc_nano.a(libc_a-lseekr.o)
                0x0800b8d0                _lseek_r
 .text._read_r  0x0800b8f4       0x24 D:/APP/STM32CubeIDE_1.19.0/STM32CubeIDE/plugins/com.st.stm32cube.ide.mcu.externaltools.gnu-tools-for-stm32.13.3.rel1.win32_1.0.0.202411081344/tools/bin/../lib/gcc/arm-none-eabi/13.3.1/../../../../arm-none-eabi/lib/thumb/v7-m/nofp\libc_nano.a(libc_a-readr.o)
                0x0800b8f4                _read_r
 .text._sbrk_r  0x0800b918       0x20 D:/APP/STM32CubeIDE_1.19.0/STM32CubeIDE/plugins/com.st.stm32cube.ide.mcu.externaltools.gnu-tools-for-stm32.13.3.rel1.win32_1.0.0.202411081344/tools/bin/../lib/gcc/arm-none-eabi/13.3.1/../../../../arm-none-eabi/lib/thumb/v7-m/nofp\libc_nano.a(libc_a-sbrkr.o)
                0x0800b918                _sbrk_r
 .text._write_r
                0x0800b938       0x24 D:/APP/STM32CubeIDE_1.19.0/STM32CubeIDE/plugins/com.st.stm32cube.ide.mcu.externaltools.gnu-tools-for-stm32.13.3.rel1.win32_1.0.0.202411081344/tools/bin/../lib/gcc/arm-none-eabi/13.3.1/../../../../arm-none-eabi/lib/thumb/v7-m/nofp\libc_nano.a(libc_a-writer.o)
                0x0800b938                _write_r
 .text.__errno  0x0800b95c        0xc D:/APP/STM32CubeIDE_1.19.0/STM32CubeIDE/plugins/com.st.stm32cube.ide.mcu.externaltools.gnu-tools-for-stm32.13.3.rel1.win32_1.0.0.202411081344/tools/bin/../lib/gcc/arm-none-eabi/13.3.1/../../../../arm-none-eabi/lib/thumb/v7-m/nofp\libc_nano.a(libc_a-errno.o)
                0x0800b95c                __errno
 .text.__libc_init_array
                0x0800b968       0x48 D:/APP/STM32CubeIDE_1.19.0/STM32CubeIDE/plugins/com.st.stm32cube.ide.mcu.externaltools.gnu-tools-for-stm32.13.3.rel1.win32_1.0.0.202411081344/tools/bin/../lib/gcc/arm-none-eabi/13.3.1/../../../../arm-none-eabi/lib/thumb/v7-m/nofp\libc_nano.a(libc_a-init.o)
                0x0800b968                __libc_init_array
 .text.__retarget_lock_init_recursive
                0x0800b9b0        0x2 D:/APP/STM32CubeIDE_1.19.0/STM32CubeIDE/plugins/com.st.stm32cube.ide.mcu.externaltools.gnu-tools-for-stm32.13.3.rel1.win32_1.0.0.202411081344/tools/bin/../lib/gcc/arm-none-eabi/13.3.1/../../../../arm-none-eabi/lib/thumb/v7-m/nofp\libc_nano.a(libc_a-lock.o)
                0x0800b9b0                __retarget_lock_init_recursive
 .text.__retarget_lock_acquire_recursive
                0x0800b9b2        0x2 D:/APP/STM32CubeIDE_1.19.0/STM32CubeIDE/plugins/com.st.stm32cube.ide.mcu.externaltools.gnu-tools-for-stm32.13.3.rel1.win32_1.0.0.202411081344/tools/bin/../lib/gcc/arm-none-eabi/13.3.1/../../../../arm-none-eabi/lib/thumb/v7-m/nofp\libc_nano.a(libc_a-lock.o)
                0x0800b9b2                __retarget_lock_acquire_recursive
 .text.__retarget_lock_release_recursive
                0x0800b9b4        0x2 D:/APP/STM32CubeIDE_1.19.0/STM32CubeIDE/plugins/com.st.stm32cube.ide.mcu.externaltools.gnu-tools-for-stm32.13.3.rel1.win32_1.0.0.202411081344/tools/bin/../lib/gcc/arm-none-eabi/13.3.1/../../../../arm-none-eabi/lib/thumb/v7-m/nofp\libc_nano.a(libc_a-lock.o)
                0x0800b9b4                __retarget_lock_release_recursive
 .text.strcpy   0x0800b9b6       0x10 D:/APP/STM32CubeIDE_1.19.0/STM32CubeIDE/plugins/com.st.stm32cube.ide.mcu.externaltools.gnu-tools-for-stm32.13.3.rel1.win32_1.0.0.202411081344/tools/bin/../lib/gcc/arm-none-eabi/13.3.1/../../../../arm-none-eabi/lib/thumb/v7-m/nofp\libc_nano.a(libc_a-strcpy.o)
                0x0800b9b6                strcpy