../Drivers/CMSIS/Include/core_cm3.h:1762:34:__NVIC_SystemReset	0	static,ignoring_inline_asm
../APP/cmd_fn.c:97:1:f_reset	8	static
../APP/cmd_fn.c:139:1:f_pdoa_offset	0	static
../APP/cmd_fn.c:150:1:f_rng_offset	0	static
../APP/cmd_fn.c:161:1:f_motion_filter	0	static
../APP/cmd_fn.c:172:1:f_uart_rate	0	static
../APP/cmd_fn.c:182:1:f_user_cmd	0	static
../APP/cmd_fn.c:31:1:f_help_app	176	static
../APP/cmd_fn.c:55:1:f_getver	72	static
../APP/cmd_fn.c:107:1:f_decaPDOA	280	static
../APP/cmd_fn.c:463:1:f_getcfg	296	static
../APP/cmd_fn.c:70:1:f_save	8	static
../APP/cmd_fn.c:83:1:f_rtoken	8	static
../APP/cmd_fn.c:194:1:f_get_discovered_list	184	static
../APP/cmd_fn.c:412:1:f_setcfg	352	static
../APP/cmd_fn.c:317:1:f_add_tag_to_list	240	static
../APP/cmd_fn.c:370:1:f_del_tag_from_list	208	static
../APP/cmd_fn.c:257:1:f_get_known_list	200	static
