../APP/Generic_cmd.c:36:5:App_Module_CMD_Queue_Init	8	static
../APP/Generic_cmd.c:45:5:App_Module_Process_USB_CMD	0	static
../APP/Generic_cmd.c:73:5:App_Module_Process_USART_CMD	144	static
../APP/Generic_cmd.c:88:5:App_Module_Uart_Send	16	static
../APP/Generic_cmd.c:147:6:port_tx_msg	16	static
../APP/Generic_cmd.c:170:5:App_Module_format_conver_uint8	48	static
../APP/Generic_cmd.c:249:6:HAL_UART_RxCpltCallback	272	static
../APP/Generic_cmd.c:282:6:HAL_UART_ErrorCallback	0	static
../APP/Generic_cmd.c:289:6:HAL_DMA_XferCpltCallback	0	static
