../APP/Generic.c:112:6:App_Module_sys_para_read.part.0	8	static,ignoring_inline_asm
../APP/Generic.c:44:6:App_Module_sys_para_debug	24	static
../APP/Generic.c:69:6:App_Module_sys_para_Init	8	static
../APP/Generic.c:89:6:App_Module_Sys_Write_NVM	16	static
../APP/Generic.c:103:6:App_Module_Sys_Read_NVM	0	static
../APP/Generic.c:112:6:App_Module_sys_para_read	16	static
../APP/Generic.c:145:6:App_Module_Init	16	static
../APP/Generic.c:165:6:App_Module_Sys_Work_Mode_Event	8	static
../APP/Generic.c:175:6:App_Module_Sys_Deal_UART_USB_CMD_Event	8	static
../APP/Generic.c:193:6:App_Modelu_Sys_Deal_IO_LED_Event	24	static
../APP/Generic.c:214:6:App_Module_Sys_IO_Led_Mode_Set	0	static
