../US/Queue.c:37:10:QUEUE_PacketCreate	0	static
../US/Queue.c:61:10:QUEUE_PacketIn	16	static
../US/Queue.c:104:10:QUEUE_PacketOut	16	static
../US/Queue.c:136:10:QUEUE_PacketLengthGet	8	static
../US/Queue.c:173:10:QUEUE_PacketStartEndDifferentCharSplit	20	static
../US/Queue.c:235:10:QUEUE_PacketStartEndCharSplit	20	static
../US/Queue.c:300:10:QUEUE_PacketCharSplit	20	static
../US/Queue.c:352:10:QUEUE_PacketDoubleEndCharSplit	20	static
../US/Queue.c:411:10:QUEUE_StructCreate	8	static
../US/Queue.c:436:10:QUEUE_StructIn	24	static
../US/Queue.c:479:10:QUEUE_StructOut	24	static
../US/Queue.c:510:10:QUEUE_StructCountGet	0	static
